###############################################################################
#
# IAR ELF Linker V8.11.1.13263/W32 for ARM                27/Dec/2017  20:37:06
# Copyright 2007-2017 IAR Systems AB.
#
#    Output file  =  
#        C:\MackSystems\software\mote\onchipsdk\projects\iar\00-hello\Debug\Exe\ocfdk_00_hello.out
#    Map file     =  
#        C:\MackSystems\software\mote\onchipsdk\projects\iar\00-hello\Debug\List\ocfdk_00_hello.map
#    Command line =  
#        -f C:\Users\Dan\AppData\Local\Temp\EWA164.tmp
#        (C:\MackSystems\software\mote\onchipsdk\projects\iar\00-hello\Debug\Obj\cli_task.o
#        C:\MackSystems\software\mote\onchipsdk\projects\iar\00-hello\Debug\Obj\dnm_local.o
#        C:\MackSystems\software\mote\onchipsdk\projects\iar\00-hello\Debug\Obj\dnm_rate_ctrl.o
#        C:\MackSystems\software\mote\onchipsdk\projects\iar\00-hello\Debug\Obj\dnm_service.o
#        C:\MackSystems\software\mote\onchipsdk\projects\iar\00-hello\Debug\Obj\dnm_ucli.o
#        C:\MackSystems\software\mote\onchipsdk\projects\iar\00-hello\Debug\Obj\hello_app.o
#        C:\MackSystems\software\mote\onchipsdk\src\lib\libip_stack.a
#        C:\MackSystems\software\mote\onchipsdk\src\lib\libucos_full.a
#        C:\MackSystems\software\mote\onchipsdk\projects\iar\00-hello\Debug\Obj\loc_task.o
#        --redirect _Printf=_PrintfSmallNoMb -o
#        C:\MackSystems\software\mote\onchipsdk\projects\iar\00-hello\Debug\Exe\ocfdk_00_hello.out
#        --config_def use_loader=1 --map
#        C:\MackSystems\software\mote\onchipsdk\projects\iar\00-hello\Debug\List\ocfdk_00_hello.map
#        --config "C:\Program Files (x86)\IAR Systems\Embedded Workbench
#        8.0\arm\config\linker\Linear\DustNetworks\Eterna.icf" --entry
#        __reset_handler --vfe --text_out locale)
#
###############################################################################

*******************************************************************************
*** MESSAGES
***

Warning[Lt009]: Inconsistent wchar_t size
            ucos_ii.obj(libucos_full.a) and 251 other objects have wchar_t size
                      16 bits
            cli_task.o and 25 other objects have wchar_t size 32 bits


*******************************************************************************
*** RUNTIME MODEL ATTRIBUTES
***

CppFlavor       = *
__SystemLibrary = DLib
__dlib_version  = 6


*******************************************************************************
*** HEAP SELECTION
***

The basic heap was selected because no calls to memory allocation
functions were found in the application outside of system library
functions, and there are calls to deallocation functions in the
application.


*******************************************************************************
*** PLACEMENT SUMMARY
***

"P1":  place in [from 0x00041020 to 0x0007ffff] { ro section .intvec };
"P3":  place in [from 0x00041020 to 0x0007ffff] { ro };
"A0":  place at start of [0x00041020-0x0007ffff] { section .reset_start };
"A1":  place at start of [0x00041000-0x0004101f] { section .kernel_exe_hdr };
"P4":  place in [from 0x000c8000 to 0x000c9fff] { section .code_ram };
"A2":  place at end of [0x20000000-0x2000ffff] { section .heap_end };
"P5":  place in [from 0x20000000 to 0x2000ffff] { block SRAM_D };
do not initialize { section .noinit };
do not initialize { section .ram_vectors };
initialize by copy with packing = copy, complex ranges { rw };
initialize by copy with packing = copy, complex ranges { section .code_ram };

  Section                 Kind        Address     Size  Object
  -------                 ----        -------     ----  ------
"A1":                                             0x20
  .kernel_exe_hdr         const    0x00041000     0x20  hello_app.o [1]
                                 - 0x00041020     0x20

"A0":                                             0x10
  .reset_start            ro code  0x00041020     0x10  reset.obj [4]
                                 - 0x00041030     0x10

"P1|P3":                                       0x2ae34
  .text                   ro code  0x00041030   0x2990  radio.obj [4]
  .text                   ro code  0x000439c0    0x138  assert.obj [4]
  .text                   ro code  0x00043af8    0x890  timer_sched.obj [4]
  .text                   ro code  0x00044388    0x4c0  k_cli.obj [4]
  .text                   ro code  0x00044848     0xe8  mem.obj [4]
  .text                   ro code  0x00044930      0x6  ABImemclr.o [7]
  .text                   ro code  0x00044936     0x22  cmd_paramPwrCostInfo.obj [4]
  .text                   ro code  0x00044958    0x2c0  dma.obj [4]
  .text                   ro code  0x00044c18     0x34  ioconfig.obj [4]
  .text                   ro code  0x00044c4c    0x1a2  nvic.obj [4]
  .text                   ro code  0x00044dee     0x1a  xsnprout.o [3]
  .text                   ro code  0x00044e08      0x6  ABImemclr4.o [7]
  .rodata                 const    0x00044e0e      0x2  os_dbg.obj [5]
  CODE                    ro code  0x00044e10     0xa0  os_cpu_a.obj [5]
  .text                   ro code  0x00044eb0    0x7a8  clkcomp.obj [4]
  .text                   ro code  0x00045658    0x5c0  dn_os_tmr.obj [4]
  .text                   ro code  0x00045c18    0x570  adc_controller.obj [4]
  .text                   ro code  0x00046188    0x1a0  flash_info.obj [4]
  .text                   ro code  0x00046328    0x132  I64DivMod.o [7]
  .rodata                 const    0x0004645a      0x2  os_dbg.obj [5]
  .text                   ro code  0x0004645c    0x388  kernel_monitor.obj [4]
  .text                   ro code  0x000467e4     0x34  fuse_table.obj [4]
  .text                   ro code  0x00046818    0x68c  uart.obj [4]
  .text                   ro code  0x00046ea4     0xa8  kernel.obj [4]
  .text                   ro code  0x00046f4c     0x44  snprintf.o [3]
  .text                   ro code  0x00046f90    0x238  llog.obj [4]
  .text                   ro code  0x000471c8    0x38c  uartc.obj [4]
  .text                   ro code  0x00047554     0x3c  vsnprint.o [3]
  .text                   ro code  0x00047590   0x14b4  ucos_ii.obj [5]
  .text                   ro code  0x00048a44     0x70  strncpy.o [7]
  .text                   ro code  0x00048ab4     0xe4  ext_bus.obj [4]
  .text                   ro code  0x00048b98    0x2ec  uart_cli.obj [4]
  .text                   ro code  0x00048e84     0x84  ring.obj [4]
  .text                   ro code  0x00048f08    0x200  main.obj [4]
  .text                   ro code  0x00049108      0x4  mem_drv.obj [4]
  .text                   ro code  0x0004910c     0x36  strlen.o [7]
  .rodata                 const    0x00049142      0x2  os_dbg.obj [5]
  .text                   ro code  0x00049144     0x4a  strcmp.o [7]
  .rodata                 const    0x0004918e      0x2  os_dbg.obj [5]
  .text                   ro code  0x00049190    0x6e4  dn_channel.obj [4]
  .text                   ro code  0x00049874     0x66  ABImemset.o [7]
  .rodata                 const    0x000498da      0x2  os_dbg.obj [5]
  .text                   ro code  0x000498dc     0xa6  ABImemcpy.o [7]
  .rodata                 const    0x00049982      0x2  os_dbg.obj [5]
  .text                   ro code  0x00049984     0x3a  ABImemset48.o [7]
  .rodata                 const    0x000499be      0x2  os_dbg.obj [5]
  .text                   ro code  0x000499c0    0x880  mac.obj [4]
  .text                   ro code  0x0004a240    0x2e0  netpll.obj [4]
  .text                   ro code  0x0004a520    0x29c  timer.obj [4]
  .text                   ro code  0x0004a7bc    0x45c  adc_drv.obj [4]
  .text                   ro code  0x0004ac18    0x37c  utils.obj [4]
  .text                   ro code  0x0004af94     0x44  hw_dbg.obj [4]
  .text                   ro code  0x0004afd8    0x5c8  pmu.obj [4]
  .text                   ro code  0x0004b5a0     0xb4  block_op.obj [4]
  .text                   ro code  0x0004b654      0x2  I64DivZer.o [7]
  .rodata                 const    0x0004b656      0x2  os_dbg.obj [5]
  .text                   ro code  0x0004b658    0x1c4  security_drv_selftest.obj [4]
  .text                   ro code  0x0004b81c    0xdec  fs_utils.obj [4]
  .text                   ro code  0x0004c608     0x12  pps_clk.obj [4]
  .rodata                 const    0x0004c61a      0x2  os_dbg.obj [5]
  .text                   ro code  0x0004c61c    0x588  radio_drv.obj [4]
  .text                   ro code  0x0004cba4    0x128  mote.obj [4]
  .text                   ro code  0x0004cccc     0xf4  hello_app.o [1]
  .text                   ro code  0x0004cdc0      0x2  nucleus.obj [4]
  .rodata                 const    0x0004cdc2      0x2  os_dbg.obj [5]
  .text                   ro code  0x0004cdc4     0x7e  random2.obj [4]
  .rodata                 const    0x0004ce42      0x2  os_dbg.obj [5]
  .text                   ro code  0x0004ce44    0x24c  dn_time.obj [4]
  .text                   ro code  0x0004d090    0x4b8  uart_drv.obj [4]
  .text                   ro code  0x0004d548    0x314  gpio_drv.obj [4]
  .text                   ro code  0x0004d85c    0x11c  wd.obj [4]
  .text                   ro code  0x0004d978    0x3bc  flash_drv.obj [4]
  .text                   ro code  0x0004dd34    0x3b8  security_drv.obj [4]
  .text                   ro code  0x0004e0ec     0xb4  bops_drv.obj [4]
  .text                   ro code  0x0004e1a0    0x4cc  xprintfsmall_nomb.o [3]
  Veneer                  ro code  0x0004e66c      0x8  - Linker created -
  .text                   ro code  0x0004e674    0x2c4  flash.obj [4]
  .text                   ro code  0x0004e938    0x110  hwinfo_drv.obj [4]
  .text                   ro code  0x0004ea48     0x98  os_cpu_c.obj [5]
  .text                   ro code  0x0004eae0      0x2  os_dbg.obj [5]
  .rodata                 const    0x0004eae2      0x2  os_dbg.obj [5]
  .text                   ro code  0x0004eae4    0x1fc  cal_struct.obj [4]
  .text                   ro code  0x0004ece0     0x44  pwm32k.obj [4]
  .text                   ro code  0x0004ed24     0x44  charge.obj [4]
  .text                   ro code  0x0004ed68    0x5f0  aes_hw.obj [4]
  .text                   ro code  0x0004f358     0x54  mpu.obj [4]
  .text                   ro code  0x0004f3ac     0xd6  memtest.obj [4]
  .text                   ro code  0x0004f482     0x9a  ext_bus_mem.obj [4]
  .text                   ro code  0x0004f51c     0xb4  mac_pk.obj [4]
  .text                   ro code  0x0004f5d0    0x9b8  mac_join.obj [4]
  .text                   ro code  0x0004ff88    0x9e0  lmac.obj [4]
  .text                   ro code  0x00050968    0x4ae  mac_frame.obj [4]
  .rodata                 const    0x00050e16      0x2  os_dbg.obj [5]
  .text                   ro code  0x00050e18    0x5dc  mac_link.obj [4]
  .text                   ro code  0x000513f4    0x4e8  mac_neighb.obj [4]
  .text                   ro code  0x000518dc    0x120  mac_graph.obj [4]
  .text                   ro code  0x000519fc    0x130  mac_dscv.obj [4]
  .text                   ro code  0x00051b2c    0x15c  mac_duplicate.obj [4]
  .text                   ro code  0x00051c88      0x6  mac_ap_parents.obj [4]
  .rodata                 const    0x00051c8e      0x2  os_dbg.obj [5]
  .text                   ro code  0x00051c90    0xc50  mac_api.obj [4]
  .text                   ro code  0x000528e0     0xd8  membuf.obj [4]
  .text                   ro code  0x000529b8    0x10c  arr.obj [4]
  .text                   ro code  0x00052ac4    0x3e4  lmac_linkseq_util.obj [4]
  .text                   ro code  0x00052ea8    0x228  mac_proc_adv.obj [4]
  .text                   ro code  0x000530d0     0xd0  ilist.obj [4]
  .text                   ro code  0x000531a0     0x64  llist.obj [4]
  .text                   ro code  0x00053204     0x68  memcmp.o [7]
  .text                   ro code  0x0005326c     0x28  strncmp.o [3]
  .text                   ro code  0x00053294    0x264  fcs.obj [4]
  .text                   ro code  0x000534f8    0x1cc  dev_info.obj [4]
  .text                   ro code  0x000536c4    0x3b8  blink.obj [4]
  .text                   ro code  0x00053a7c    0x958  join.obj [4]
  .text                   ro code  0x000543d4    0x1b8  time_info.obj [4]
  .text                   ro code  0x0005458c    0x834  mote_cli.obj [4]
  .text                   ro code  0x00054dc0    0x524  mote_monitor.obj [4]
  .text                   ro code  0x000552e4    0x37c  socket.obj [4]
  .text                   ro code  0x00055660     0xb4  transport_util.obj [4]
  .text                   ro code  0x00055714    0x660  security.obj [4]
  .text                   ro code  0x00055d74    0x1ac  route.obj [4]
  .text                   ro code  0x00055f20    0x220  service.obj [4]
  .text                   ro code  0x00056140     0x38  net_util.obj [4]
  .text                   ro code  0x00056178     0x48  net_cfg.obj [4]
  .text                   ro code  0x000561c0     0xd0  net_pk.obj [4]
  .text                   ro code  0x00056290    0x110  net_queue.obj [4]
  .text                   ro code  0x000563a0    0x950  net_mac.obj [4]
  .text                   ro code  0x00056cf0    0x820  loc_intf.obj [4]
  .text                   ro code  0x00057510    0x1c8  event.obj [4]
  .text                   ro code  0x000576d8     0xac  alarms.obj [4]
  .text                   ro code  0x00057784    0x6d0  report.obj [4]
  .text                   ro code  0x00057e54      0x2  rel_notif.obj [4]
  .rodata                 const    0x00057e56      0x2  os_dbg.obj [5]
  .text                   ro code  0x00057e58    0x61c  dn_system.obj [4]
  .text                   ro code  0x00058474    0x47c  dnm_cli_util.obj [4]
  .text                   ro code  0x000588f0    0x1cc  dnm_ucli.o [1]
  .text                   ro code  0x00058abc    0x1e0  dnm_local.o [1]
  .text                   ro code  0x00058c9c    0x110  settime.obj [4]
  .text                   ro code  0x00058dac      0x8  ext_clk.obj [4]
  .text                   ro code  0x00058db4      0x4  int_clk.obj [4]
  .text                   ro code  0x00058db8     0x84  gpio.obj [4]
  .text                   ro code  0x00058e3c     0x7c  gpio_radio_inhibit.obj [4]
  .text                   ro code  0x00058eb8      0xc  flash_drv_par.obj [4]
  .text                   ro code  0x00058ec4     0x16  strchr.o [7]
  .rodata                 const    0x00058eda      0x2  os_dbg.obj [5]
  .text                   ro code  0x00058edc     0x44  xfail_s.o [3]
  .text                   ro code  0x00058f20     0x58  memchr.o [7]
  .text                   ro code  0x00058f78     0x10  flash_charge.obj [4]
  .text                   ro code  0x00058f88      0x8  os_hooks.obj [4]
  .text                   ro code  0x00058f90    0x344  mac_net.obj [4]
  .text                   ro code  0x000592d4    0x11c  mac_asn.obj [4]
  .text                   ro code  0x000593f0    0x118  mac_conn.obj [4]
  .text                   ro code  0x00059508     0x5c  mac_aux.obj [4]
  .text                   ro code  0x00059564    0x660  tengine.obj [4]
  .text                   ro code  0x00059bc4     0xe8  lmac_notif.obj [4]
  .text                   ro code  0x00059cac     0xac  lmac_pk.obj [4]
  .text                   ro code  0x00059d58    0x6fc  lmac_linkseq.obj [4]
  .text                   ro code  0x0005a454    0x260  lmac_adv.obj [4]
  .text                   ro code  0x0005a6b4   0x1930  tengine_sched.obj [4]
  .text                   ro code  0x0005bfe4    0x100  mac_lmacintf.obj [4]
  .text                   ro code  0x0005c0e4    0xadc  tengine_header.obj [4]
  .text                   ro code  0x0005cbc0    0x118  ilist16.obj [4]
  .text                   ro code  0x0005ccd8     0x22  I64Shl.o [7]
  .rodata                 const    0x0005ccfa      0x2  os_dbg.obj [5]
  .text                   ro code  0x0005ccfc    0x5d8  ip_cfg.obj [4]
  .text                   ro code  0x0005d2d4    0x720  mac_intf.obj [4]
  .text                   ro code  0x0005d9f4    0x7bc  config.obj [4]
  .text                   ro code  0x0005e1b0      0xa  loc_ap.obj [4]
  .rodata                 const    0x0005e1ba      0x2  os_dbg.obj [5]
  .text                   ro code  0x0005e1bc     0x1e  U64Shr.o [7]
  .rodata                 const    0x0005e1da      0x2  os_dbg.obj [5]
  .text                   ro code  0x0005e1dc    0x250  dnm_cli.obj [4]
  .text                   ro code  0x0005e42c    0x920  net_cli.obj [4]
  .text                   ro code  0x0005ed4c   0x173c  pktrace.obj [4]
  .text                   ro code  0x00060488    0x538  net.obj [4]
  .text                   ro code  0x000609c0     0x8c  security_cntr.obj [4]
  .text                   ro code  0x00060a4c    0x44c  notif.obj [4]
  .text                   ro code  0x00060e98     0xb0  rlock.obj [4]
  .text                   ro code  0x00060f48    0x284  mesh.obj [4]
  .text                   ro code  0x000611cc    0x138  cmd_local.obj [4]
  .text                   ro code  0x00061304     0x48  ip_util.obj [4]
  .text                   ro code  0x0006134c      0x6  abort.o [3]
  .rodata                 const    0x00061352      0x2  os_dbg.obj [5]
  .text                   ro code  0x00061354    0x65c  tengine_pk.obj [4]
  .text                   ro code  0x000619b0     0xfc  tengine_charge.obj [4]
  .text                   ro code  0x00061aac    0x600  fs_api.obj [4]
  .text                   ro code  0x000620ac    0x170  iar_Stoulx.o [3]
  .text                   ro code  0x0006221c    0x59c  radio_utils.obj [4]
  .text                   ro code  0x000627b8     0x40  bsearch.o [3]
  .text                   ro code  0x000627f8     0x28  strncat.o [3]
  .text                   ro code  0x00062820     0x22  trace_utils.obj [4]
  .rodata                 const    0x00062842      0x2  os_dbg.obj [5]
  .text                   ro code  0x00062844    0x228  transport.obj [4]
  .text                   ro code  0x00062a6c    0x300  ip.obj [4]
  .text                   ro code  0x00062d6c    0x208  udp.obj [4]
  .text                   ro code  0x00062f74      0x6  addrmap.obj [4]
  .rodata                 const    0x00062f7a      0x2  os_dbg.obj [5]
  .text                   ro code  0x00062f7c      0xc  os_dn_utils.obj [4]
  .text                   ro code  0x00062f88    0x398  cmd.obj [4]
  .text                   ro code  0x00063320      0xc  XXexit.o [7]
  .text                   ro code  0x0006332c    0xfd8  cmd_otap.obj [4]
  .text                   ro code  0x00064304    0x10c  lzss.obj [4]
  .text                   ro code  0x00064410    0xcd8  lmac_macintf.obj [4]
  .text                   ro code  0x000650e8    0x598  one_wire.obj [4]
  .text                   ro code  0x00065680    0x570  net_cli_fs.obj [4]
  .text                   ro code  0x00065bf0    0x544  spi_drv.obj [4]
  .text                   ro code  0x00066134    0x3d8  spi_master.obj [4]
  .text                   ro code  0x0006650c    0x438  onewire_drv.obj [4]
  .text                   ro code  0x00066944    0x3fc  uart_raw.obj [4]
  .text                   ro code  0x00066d40    0x348  uart_raw_drv.obj [4]
  .text                   ro code  0x00067088    0x330  cmd_net.obj [4]
  .rodata                 const    0x000673b8    0x2f8  pktrace.obj [4]
  .text                   ro code  0x000676b0    0x2d0  i2c_drv.obj [4]
  .text                   ro code  0x00067980    0x1f4  i2c.obj [4]
  .text                   ro code  0x00067b74    0x258  cmd_param.obj [4]
  .text                   ro code  0x00067dcc    0x228  cmd_locRadioTest.obj [4]
  .text                   ro code  0x00067ff4    0x21c  cmd_paramPwrSrc.obj [4]
  .rodata                 const    0x00068210    0x1fc  mote_cli.obj [4]
  .text                   ro code  0x0006840c    0x180  pwm.obj [4]
  .rodata                 const    0x0006858c    0x174  utils.obj [4]
  .text                   ro code  0x00068700    0x174  lptimer.obj [4]
  .text                   ro code  0x00068874    0x146  cmd_paramTime.obj [4]
  .rodata                 const    0x000689ba      0x2  os_dbg.obj [5]
  .rodata                 const    0x000689bc    0x12c  mac_api.obj [4]
  .rodata                 const    0x00068ae8    0x120  ip_cfg.obj [4]
  Initializer bytes       const    0x00068c08     0xf4  <for rw-1>
  .text                   ro code  0x00068cfc      0xc  cstartup_M.o [7]
  .text                   ro code  0x00068d08     0x1a  cmain.o [7]
  .text                   ro code  0x00068d22      0x4  low_level_init.o [3]
  .rodata                 const    0x00068d26      0x2  os_dbg.obj [5]
  .text                   ro code  0x00068d28     0x28  data_init.o [7]
  .text                   ro code  0x00068d50      0x4  exit.o [3]
  .text                   ro code  0x00068d54      0xa  cexit.o [7]
  .rodata                 const    0x00068d5e      0x2  os_dbg.obj [5]
  .text                   ro code  0x00068d60     0xc8  cli_drv.obj [4]
  .text                   ro code  0x00068e28     0xc4  fault_c.obj [4]
  .text                   ro code  0x00068eec     0xb8  lptimer_drv.obj [4]
  .text                   ro code  0x00068fa4     0xac  cmd_paramCharge.obj [4]
  .text                   ro code  0x00069050     0xa6  cmd_paramAppInfo.obj [4]
  .rodata                 const    0x000690f6      0x2  os_dbg.obj [5]
  .text                   ro code  0x000690f8     0xa0  cmd_paramTxPwr.obj [4]
  .text                   ro code  0x00069198     0x7c  cmd_netReadLink.obj [4]
  .text                   ro code  0x00069214     0x7c  cmd_locSearch.obj [4]
  .text                   ro code  0x00069290     0x7a  cmd_netReadLinkExt.obj [4]
  .text                   ro code  0x0006930a     0x76  cmd_paramMoteInfo.obj [4]
  .text                   ro code  0x00069380     0x6e  cmd_paramEventMask.obj [4]
  .rodata                 const    0x000693ee      0x2  os_dbg.obj [5]
  .text                   ro code  0x000693f0     0x6c  temp_drv.obj [4]
  .text                   ro code  0x0006945c     0x6c  cmd_netAddMulLink.obj [4]
  .text                   ro code  0x000694c8     0x6c  cmd_netReadSession.obj [4]
  .text                   ro code  0x00069534     0x6c  cmd_paramMoteStatus.obj [4]
  .text                   ro code  0x000695a0     0x6a  cmd_paramJoinDC.obj [4]
  .text                   ro code  0x0006960a     0x66  cmd_netDelMulLink.obj [4]
  .text                   ro code  0x00069670     0x64  cmd_netReqSvc.obj [4]
  .text                   ro code  0x000696d4     0x64  cmd_netReadFrame.obj [4]
  .text                   ro code  0x00069738     0x64  cmd_locGetSvcInfo.obj [4]
  .text                   ro code  0x0006979c     0x62  cmd_locSvcReq.obj [4]
  .text                   ro code  0x000697fe     0x60  cmd_paramShortAddr.obj [4]
  .text                   ro code  0x0006985e     0x5c  cmd_paramHrTimer.obj [4]
  .text                   ro code  0x000698ba     0x5a  cmd_paramSizeInfoExt.obj [4]
  .text                   ro code  0x00069914     0x58  cmd_netSetAdvTime.obj [4]
  .text                   ro code  0x0006996c     0x58  cmd_paramMacAddr.obj [4]
  .text                   ro code  0x000699c4     0x54  cmd_netActivate.obj [4]
  .text                   ro code  0x00069a18     0x54  cmd_paramNetId.obj [4]
  .text                   ro code  0x00069a6c     0x52  cmd_paramSizeInfo.obj [4]
  .rodata                 const    0x00069abe      0x2  os_dbg.obj [5]
  .rodata                 const    0x00069ac0     0x50  mote.obj [4]
  .text                   ro code  0x00069b10     0x50  cmd_netAddLink.obj [4]
  .text                   ro code  0x00069b60     0x50  cmd_paramAntGain.obj [4]
  .text                   ro code  0x00069bb0     0x50  cmd_paramChannels.obj [4]
  .text                   ro code  0x00069c00     0x4e  cmd_paramAutoJoin.obj [4]
  .text                   ro code  0x00069c4e     0x4e  cmd_paramEuCompliantMode.obj [4]
  .text                   ro code  0x00069c9c     0x4e  cmd_paramMobility.obj [4]
  .text                   ro code  0x00069cea     0x4e  cmd_paramOtapLockout.obj [4]
  .text                   ro code  0x00069d38     0x4e  cmd_paramRoutingMode.obj [4]
  .text                   ro code  0x00069d86     0x4c  cmd_netAssignSvc.obj [4]
  .text                   ro code  0x00069dd2     0x4c  cmd_netDelLink.obj [4]
  .text                   ro code  0x00069e1e     0x4a  cmd_paramIP6Addr.obj [4]
  .text                   ro code  0x00069e68     0x46  cmd_paramCCAMode.obj [4]
  .text                   ro code  0x00069eae     0x46  cmd_paramNetInfo.obj [4]
  .text                   ro code  0x00069ef4     0x46  cmd_locReadSocket.obj [4]
  .text                   ro code  0x00069f3a     0x44  pwm_drv.obj [4]
  .rodata                 const    0x00069f7e      0x2  os_dbg.obj [5]
  .text                   ro code  0x00069f80     0x40  cpu_charge.obj [4]
  .text                   ro code  0x00069fc0     0x40  cmd_paramAdvGraph.obj [4]
  .text                   ro code  0x0006a000     0x40  cmd_locBlinkPayload.obj [4]
  .text                   ro code  0x0006a040     0x40  cmd_zeroize.obj [4]
  .text                   ro code  0x0006a080     0x3a  cmd_paramEntropy.obj [4]
  .rodata                 const    0x0006a0ba      0x2  os_dbg.obj [5]
  .text                   ro code  0x0006a0bc     0x38  cmd_netEchoReq.obj [4]
  .text                   ro code  0x0006a0f4     0x38  cmd_paramPathAlarm.obj [4]
  .text                   ro code  0x0006a12c     0x38  cmd_locBindSocket.obj [4]
  .text                   ro code  0x0006a164     0x38  copy_init3.obj [4]
  .text                   ro code  0x0006a19c     0x36  cmd_netAddFrame.obj [4]
  .text                   ro code  0x0006a1d2     0x36  cmd_netChgSizeFrame.obj [4]
  .text                   ro code  0x0006a208     0x34  cmd_locOpenSocket.obj [4]
  .text                   ro code  0x0006a23c     0x34  zero_init3.obj [4]
  .text                   ro code  0x0006a270     0x32  cmd_moteDisconnect.obj [4]
  .text                   ro code  0x0006a2a2     0x32  cmd_netPromoteApm.obj [4]
  .text                   ro code  0x0006a2d4     0x30  charge_drv.obj [4]
  .text                   ro code  0x0006a304     0x30  cmd_locJoin.obj [4]
  .text                   ro code  0x0006a334     0x30  cmd_locStopSearch.obj [4]
  .text                   ro code  0x0006a364     0x2a  cmd_paramMacMicKey.obj [4]
  .text                   ro code  0x0006a38e     0x2a  cmd_locCloseSocket.obj [4]
  .text                   ro code  0x0006a3b8     0x28  cmd_netReadGraphRt.obj [4]
  .text                   ro code  0x0006a3e0     0x26  randhw_drv.obj [4]
  .text                   ro code  0x0006a406     0x26  cmd_netAddConn.obj [4]
  .text                   ro code  0x0006a42c     0x26  cmd_netAddGraphRoute.obj [4]
  .text                   ro code  0x0006a452     0x26  cmd_netDelConn.obj [4]
  .text                   ro code  0x0006a478     0x24  cmd_netDelGraphRoute.obj [4]
  .text                   ro code  0x0006a49c     0x24  cmd_netDelSession.obj [4]
  .text                   ro code  0x0006a4c0     0x24  cmd_netSetNbrProp.obj [4]
  .text                   ro code  0x0006a4e4     0x22  cmd_paramAdvKey.obj [4]
  .text                   ro code  0x0006a506     0x22  cmd_paramJoinKey.obj [4]
  .text                   ro code  0x0006a528     0x22  cmd_locWriteGpsStatus.obj [4]
  .text                   ro code  0x0006a54a      0x6  ap.obj [4]
  .iar.init_table         const    0x0006a550     0x58  - Linker created -
  .rodata                 const    0x0006a5a8     0x20  net_cli_fs.obj [4]
  .text                   ro code  0x0006a5c8     0x20  cmd_paramLog.obj [4]
  .text                   ro code  0x0006a5e8     0x1e  cmd_netCtrlFrame.obj [4]
  .text                   ro code  0x0006a606     0x1e  cmd_locLowPwrSleep.obj [4]
  .intvec                 const    0x0006a624     0x1c  startup_iar.obj [4]
  .text                   ro code  0x0006a640     0x1a  cmd_netDelFrame.obj [4]
  .text                   ro code  0x0006a65a     0x1a  cmd_moteReset.obj [4]
  .text                   ro code  0x0006a674     0x18  cmd_netAddSession.obj [4]
  .text                   ro code  0x0006a68c     0x18  cmd_netRefreshAdv.obj [4]
  .text                   ro code  0x0006a6a4     0x16  cmd_netReadClkSrcStatus.obj [4]
  .text                   ro code  0x0006a6ba     0x16  cmd_locClearNv.obj [4]
  .text                   ro code  0x0006a6d0     0x10  flashinfo_drv.obj [4]
  .rodata                 const    0x0006a6e0      0x4  os_dbg.obj [5]
  .rodata                 const    0x0006a6e4      0x2  os_dbg.obj [5]
  .rodata                 const    0x0006a6e6      0x2  os_dbg.obj [5]
  .rodata                 const    0x0006a6e8      0x2  os_dbg.obj [5]
  .rodata                 const    0x0006a6ea      0x2  os_dbg.obj [5]
  .rodata                 const    0x0006a6ec      0x2  os_dbg.obj [5]
  .rodata                 const    0x0006a6ee      0x2  os_dbg.obj [5]
  .rodata                 const    0x0006a6f0      0x2  os_dbg.obj [5]
  .rodata                 const    0x0006a6f2      0x2  os_dbg.obj [5]
  .rodata                 const    0x0006a6f4      0x2  os_dbg.obj [5]
  .rodata                 const    0x0006a6f6      0x2  os_dbg.obj [5]
  .rodata                 const    0x0006a6f8      0x2  os_dbg.obj [5]
  .rodata                 const    0x0006a6fa      0x2  os_dbg.obj [5]
  .rodata                 const    0x0006a6fc      0x2  os_dbg.obj [5]
  .rodata                 const    0x0006a6fe      0x2  os_dbg.obj [5]
  .text                   ro code  0x0006a700      0x2  startup_iar.obj [4]
  .rodata                 const    0x0006a702      0x0  copy_init3.obj [4]
  Initializer bytes       const    0x0006a704   0x1760  <for P4 s0>
                                 - 0x0006be64  0x2ae34

"P4":                                           0x1760
  P4 s0                            0x000c8000   0x1760  <Init block>
    .code_ram             inited   0x000c8000   0x12c8  radio.obj [4]
    .code_ram             inited   0x000c92c8    0x23c  fault_c.obj [4]
    .code_ram             inited   0x000c9504     0x18  timer_sched.obj [4]
    .code_ram             inited   0x000c951c    0x1c4  dma.obj [4]
    .code_ram             inited   0x000c96e0     0x38  fault_a.obj [4]
    .code_ram             inited   0x000c9718     0x2e  nvic.obj [4]
    .code_ram             inited   0x000c9748     0x14  main.obj [4]
    .code_ram             inited   0x000c975c      0x4  os_hooks.obj [4]
                                 - 0x000c9760   0x1760

"P5":                                           0x960c
  SRAM_D                           0x20000000   0x960c  <Block>
    .ram_vectors          uninit   0x20000000    0x100  startup_iar.obj [4]
    CSTACK                         0x20000100    0x800  <Block>
      CSTACK              uninit   0x20000100    0x800  <Block tail>
    rw-1                           0x20000900     0xf4  <Init block>
      .data               inited   0x20000900     0x10  dnm_ucli.o [1]
      .data               inited   0x20000910      0x8  llog.obj [4]
      .data               inited   0x20000918     0x70  pwm.obj [4]
      .data               inited   0x20000988      0xc  dnm_cli.obj [4]
      .data               inited   0x20000994     0x28  cmd_otap.obj [4]
      .data               inited   0x200009bc     0x20  net_cli_fs.obj [4]
      .textrw             inited   0x200009dc     0x18  flash.obj [4]
    .bss                  zero     0x200009f8     0x20  kernel_monitor.obj [4]
    .bss                  zero     0x20000a18     0x30  dn_time.obj [4]
    .bss                  zero     0x20000a48    0x428  timer.obj [4]
    .bss                  zero     0x20000e70    0x290  lmac_linkseq.obj [4]
    .bss                  zero     0x20001100    0x160  tengine.obj [4]
    .bss                  zero     0x20001260    0x1b4  dnm_local.o [1]
    .bss                  zero     0x20001414    0x480  hello_app.o [1]
    .bss                  zero     0x20001894    0xf94  ucos_ii.obj [5]
    .bss                  zero     0x20002828    0x100  ucos_ii.obj [5]
    .bss                  zero     0x20002928    0x184  ucos_ii.obj [5]
    .bss                  zero     0x20002aac     0xf0  ucos_ii.obj [5]
    .bss                  zero     0x20002b9c      0x4  ucos_ii.obj [5]
    .bss                  zero     0x20002ba0      0x4  ucos_ii.obj [5]
    .bss                  zero     0x20002ba4      0x4  ucos_ii.obj [5]
    .bss                  zero     0x20002ba8    0x334  ucos_ii.obj [5]
    .bss                  zero     0x20002edc      0x4  ucos_ii.obj [5]
    .bss                  zero     0x20002ee0    0x400  ucos_ii.obj [5]
    .bss                  zero     0x200032e0      0xc  ucos_ii.obj [5]
    .bss                  zero     0x200032ec     0x40  assert.obj [4]
    .bss                  zero     0x2000332c    0x4e0  dn_channel.obj [4]
    .bss                  zero     0x2000380c      0x4  dn_os_tmr.obj [4]
    .bss                  zero     0x20003810      0x8  dn_os_tmr.obj [4]
    .bss                  zero     0x20003818      0xc  hw_dbg.obj [4]
    .bss                  zero     0x20003824    0x188  k_cli.obj [4]
    .bss                  zero     0x200039ac      0x4  kernel.obj [4]
    .bss                  zero     0x200039b0    0x308  kernel_monitor.obj [4]
    .bss                  zero     0x20003cb8     0x80  kernel_monitor.obj [4]
    .bss                  zero     0x20003d38    0x394  radio.obj [4]
    .bss                  zero     0x200040cc      0x8  radio.obj [4]
    .bss                  zero     0x200040d4    0x4cc  radio.obj [4]
    .bss                  zero     0x200045a0      0x8  radio.obj [4]
    .bss                  zero     0x200045a8     0x70  timer_sched.obj [4]
    .bss                  zero     0x20004618     0x48  uart.obj [4]
    .bss                  zero     0x20004660     0xa8  uartc.obj [4]
    .bss                  zero     0x20004708      0x4  bops_drv.obj [4]
    .bss                  zero     0x2000470c     0x40  adc_drv.obj [4]
    .bss                  zero     0x2000474c      0x8  cli_drv.obj [4]
    .bss                  zero     0x20004754     0x10  gpio_drv.obj [4]
    .bss                  zero     0x20004764      0x8  hwinfo_drv.obj [4]
    .bss                  zero     0x2000476c     0x18  i2c_drv.obj [4]
    .bss                  zero     0x20004784     0x10  onewire_drv.obj [4]
    .bss                  zero     0x20004794     0x5c  radio_drv.obj [4]
    .bss                  zero     0x200047f0     0x18  spi_drv.obj [4]
    .bss                  zero     0x20004808    0x4c8  uart_drv.obj [4]
    .bss                  zero     0x20004cd0    0x520  uart_raw_drv.obj [4]
    .bss                  zero     0x200051f0      0x4  block_op.obj [4]
    .bss                  zero     0x200051f4      0x8  main.obj [4]
    .bss                  zero     0x200051fc    0x120  uart_cli.obj [4]
    .bss                  zero     0x2000531c     0x3c  clkcomp.obj [4]
    .bss                  zero     0x20005358      0xc  flash_drv.obj [4]
    .bss                  zero     0x20005364    0x940  mac.obj [4]
    .bss                  zero     0x20005ca4      0x4  mote.obj [4]
    .bss                  zero     0x20005ca8      0x4  random2.obj [4]
    .bss                  zero     0x20005cac     0xb8  security_drv.obj [4]
    .bss                  zero     0x20005d64     0x44  wd.obj [4]
    .bss                  zero     0x20005da8      0xc  pmu.obj [4]
    .bss                  zero     0x20005db4     0x10  flash.obj [4]
    .bss                  zero     0x20005dc4      0xc  cpu_charge.obj [4]
    .bss                  zero     0x20005dd0     0x2c  adc_controller.obj [4]
    .bss                  zero     0x20005dfc     0x60  cal_struct.obj [4]
    .bss                  zero     0x20005e5c     0x40  dma.obj [4]
    .bss                  zero     0x20005e9c     0x24  mem.obj [4]
    .bss                  zero     0x20005ec0      0x8  charge.obj [4]
    .bss                  zero     0x20005ec8      0x4  gpio_radio_inhibit.obj [4]
    .bss                  zero     0x20005ecc     0x20  i2c.obj [4]
    .bss                  zero     0x20005eec      0x8  lptimer.obj [4]
    .bss                  zero     0x20005ef4      0x8  one_wire.obj [4]
    .bss                  zero     0x20005efc     0x18  spi_master.obj [4]
    .bss                  zero     0x20005f14      0xc  spi_master.obj [4]
    .bss                  zero     0x20005f20     0x14  spi_master.obj [4]
    .bss                  zero     0x20005f34     0xa4  uart_raw.obj [4]
    .bss                  zero     0x20005fd8     0xb0  aes_hw.obj [4]
    .bss                  zero     0x20006088     0x34  netpll.obj [4]
    .bss                  zero     0x200060bc    0x888  fs_api.obj [4]
    .bss                  zero     0x20006944     0x68  lmac.obj [4]
    .bss                  zero     0x200069ac      0x8  lmac_linkseq_util.obj [4]
    .bss                  zero     0x200069b4    0x3c0  mac_frame.obj [4]
    .bss                  zero     0x20006d74     0x40  mac_graph.obj [4]
    .bss                  zero     0x20006db4    0x148  mac_info.obj [4]
    .bss                  zero     0x20006efc     0x20  mac_dscv.obj [4]
    .bss                  zero     0x20006f1c     0x38  mac_duplicate.obj [4]
    .bss                  zero     0x20006f54      0x4  mac_link.obj [4]
    .bss                  zero     0x20006f58      0x8  mac_link.obj [4]
    .bss                  zero     0x20006f60      0xc  mac_proc_adv.obj [4]
    .bss                  zero     0x20006f6c      0x8  mac_join.obj [4]
    .bss                  zero     0x20006f74     0x14  mac_net.obj [4]
    .bss                  zero     0x20006f88    0x958  mac_pk.obj [4]
    .bss                  zero     0x200078e0      0x8  alarms.obj [4]
    .bss                  zero     0x200078e8     0x14  blink.obj [4]
    .bss                  zero     0x200078fc     0x18  dev_info.obj [4]
    .bss                  zero     0x20007914      0xc  event.obj [4]
    .bss                  zero     0x20007920    0x628  loc_intf.obj [4]
    .bss                  zero     0x20007f48    0x638  mote_monitor.obj [4]
    .bss                  zero     0x20008580     0x18  net_cfg.obj [4]
    .bss                  zero     0x20008598     0x1c  join.obj [4]
    .bss                  zero     0x200085b4    0x618  net_mac.obj [4]
    .bss                  zero     0x20008bcc      0xc  net_mac.obj [4]
    .bss                  zero     0x20008bd8    0x590  net_pk.obj [4]
    .bss                  zero     0x20009168     0x10  net_queue.obj [4]
    .bss                  zero     0x20009178      0xc  net_util.obj [4]
    .bss                  zero     0x20009184     0x19  report.obj [4]
    .bss                  zero     0x2000919d      0x2  assert.obj [4]
    .bss                  zero     0x2000919f      0x1  dnm_ucli.o [1]
    .bss                  zero     0x200091a0     0x18  route.obj [4]
    .bss                  zero     0x200091b8     0x6c  security.obj [4]
    .bss                  zero     0x20009224     0x30  service.obj [4]
    .bss                  zero     0x20009254     0x1c  time_info.obj [4]
    .bss                  zero     0x20009270     0x1c  transport_util.obj [4]
    .bss                  zero     0x2000928c     0x48  socket.obj [4]
    .bss                  zero     0x200092d4      0x4  lmac_adv.obj [4]
    .bss                  zero     0x200092d8    0x108  lmac_notif.obj [4]
    .bss                  zero     0x200093e0     0x34  lmac_pk.obj [4]
    .bss                  zero     0x20009414     0x80  tengine.obj [4]
    .bss                  zero     0x20009494     0x1c  tengine.obj [4]
    .bss                  zero     0x200094b0     0x1c  tengine.obj [4]
    .bss                  zero     0x200094cc      0x4  cmd_netEchoReq.obj [4]
    .bss                  zero     0x200094d0     0x1c  cmd_otap.obj [4]
    .bss                  zero     0x200094ec      0x4  cmd.obj [4]
    .bss                  zero     0x200094f0      0x8  ip_cfg.obj [4]
    .bss                  zero     0x200094f8      0x8  ip_cfg.obj [4]
    .bss                  zero     0x20009500     0x14  net_cli.obj [4]
    .bss                  zero     0x20009514     0x84  net_cli.obj [4]
    .bss                  zero     0x20009598      0x4  net.obj [4]
    .bss                  zero     0x2000959c      0x4  notif.obj [4]
    .bss                  zero     0x200095a0      0x8  cmd_locRadioTest.obj [4]
    .bss                  zero     0x200095a8     0x34  radio_utils.obj [4]
    .bss                  zero     0x200095dc      0x4  transport.obj [4]
    .bss                  zero     0x200095e0      0x4  xfail_s.o [3]
    .bss                  zero     0x200095e4      0x2  ucos_ii.obj [5]
    .bss                  zero     0x200095e6      0x2  ucos_ii.obj [5]
    .bss                  zero     0x200095e8      0x2  os_cpu_c.obj [5]
    .bss                  zero     0x200095ea      0x1  flash_info.obj [4]
    .bss                  zero     0x200095eb      0x1  clkcomp.obj [4]
    .bss                  zero     0x200095ec      0x1  dnm_cli.obj [4]
    .bss                  zero     0x200095ed      0x1  lmac.obj [4]
    .bss                  zero     0x200095ee      0x1  lmac_linkseq_util.obj [4]
    .bss                  zero     0x200095ef      0x2  mac_dscv.obj [4]
    .coderam_heap_end              0x200095f4      0x4  <Block>
      .coderam_heap_end   zero     0x200095f4      0x1  mem.obj [4]
    .coderam_heap_start            0x200095f8      0x4  <Block>
      .coderam_heap_start
                          zero     0x200095f8      0x1  mem.obj [4]
    .noinit               uninit   0x200095fc      0xc  hw_dbg.obj [4]
    .heap_start                    0x20009608      0x4  <Block>
      .heap_start         zero     0x20009608      0x1  mem.obj [4]
                                 - 0x2000960c   0x960c

"A2":                                              0x4
  .heap_end                        0x2000fffc      0x4  <Block>
    .heap_end             zero     0x2000fffc      0x1  mem.obj [4]
                                 - 0x20010000      0x4


*******************************************************************************
*** INIT TABLE
***

          Address     Size
          -------     ----
Zero (__iar_zero_init3)
    5 destination ranges, total size 0x8bfd:
          0x200009f8  0x8bf9
          0x200095f4     0x1
          0x200095f8     0x1
          0x20009608     0x1
          0x2000fffc     0x1

Copy (__iar_copy_init3)
    1 source range, total size 0xf4:
          0x00068c08    0xf4
    1 destination range, total size 0xf4:
          0x20000900    0xf4

Copy (__iar_copy_init3)
    1 source range, total size 0x1760:
          0x0006a704  0x1760
    1 destination range, total size 0x1760:
          0x000c8000  0x1760



*******************************************************************************
*** MODULE SUMMARY
***

    Module                        ro code  rw code  ro data  rw data
    ------                        -------  -------  -------  -------
C:\MackSystems\software\mote\onchipsdk\projects\iar\00-hello\Debug\Obj: [1]
    dnm_local.o                       480                        436
    dnm_ucli.o                        460                16       17
    hello_app.o                       244                32    1 152
    ----------------------------------------------------------------
    Total:                          1 184                48    1 605

command line: [2]
    ----------------------------------------------------------------
    Total:

dl7M_tln.a: [3]
    abort.o                             6
    bsearch.o                          64
    exit.o                              4
    iar_Stoulx.o                      368
    low_level_init.o                    4
    snprintf.o                         68
    strncat.o                          40
    strncmp.o                          40
    vsnprint.o                         60
    xfail_s.o                          68                          4
    xprintfsmall_nomb.o             1 228
    xsnprout.o                         26
    ----------------------------------------------------------------
    Total:                          1 976                          4

libip_stack.a: [4]
    adc_controller.obj              1 392                         44
    adc_drv.obj                     1 116                         64
    addrmap.obj                         6
    aes_hw.obj                      1 520                        176
    alarms.obj                        172                          8
    ap.obj                              6
    arr.obj                           268
    assert.obj                        312                         66
    blink.obj                         952                         20
    block_op.obj                      180                          4
    bops_drv.obj                      180                          4
    cal_struct.obj                    508                         96
    charge.obj                         68                          8
    charge_drv.obj                     48
    cli_drv.obj                       200                          8
    clkcomp.obj                     1 960                         61
    cmd.obj                           920                          4
    cmd_locBindSocket.obj              56
    cmd_locBlinkPayload.obj            64
    cmd_locClearNv.obj                 22
    cmd_locCloseSocket.obj             42
    cmd_locGetSvcInfo.obj             100
    cmd_locJoin.obj                    48
    cmd_locLowPwrSleep.obj             30
    cmd_locOpenSocket.obj              52
    cmd_locRadioTest.obj              552                          8
    cmd_locReadSocket.obj              70
    cmd_locSearch.obj                 124
    cmd_locStopSearch.obj              48
    cmd_locSvcReq.obj                  98
    cmd_locWriteGpsStatus.obj          34
    cmd_local.obj                     312
    cmd_moteDisconnect.obj             50
    cmd_moteReset.obj                  26
    cmd_net.obj                       816
    cmd_netActivate.obj                84
    cmd_netAddConn.obj                 38
    cmd_netAddFrame.obj                54
    cmd_netAddGraphRoute.obj           38
    cmd_netAddLink.obj                 80
    cmd_netAddMulLink.obj             108
    cmd_netAddSession.obj              24
    cmd_netAssignSvc.obj               76
    cmd_netChgSizeFrame.obj            54
    cmd_netCtrlFrame.obj               30
    cmd_netDelConn.obj                 38
    cmd_netDelFrame.obj                26
    cmd_netDelGraphRoute.obj           36
    cmd_netDelLink.obj                 76
    cmd_netDelMulLink.obj             102
    cmd_netDelSession.obj              36
    cmd_netEchoReq.obj                 56                          4
    cmd_netPromoteApm.obj              50
    cmd_netReadClkSrcStatus.obj        22
    cmd_netReadFrame.obj              100
    cmd_netReadGraphRt.obj             40
    cmd_netReadLink.obj               124
    cmd_netReadLinkExt.obj            122
    cmd_netReadSession.obj            108
    cmd_netRefreshAdv.obj              24
    cmd_netReqSvc.obj                 100
    cmd_netSetAdvTime.obj              88
    cmd_netSetNbrProp.obj              36
    cmd_otap.obj                    4 056                40       68
    cmd_param.obj                     600
    cmd_paramAdvGraph.obj              64
    cmd_paramAdvKey.obj                34
    cmd_paramAntGain.obj               80
    cmd_paramAppInfo.obj              166
    cmd_paramAutoJoin.obj              78
    cmd_paramCCAMode.obj               70
    cmd_paramChannels.obj              80
    cmd_paramCharge.obj               172
    cmd_paramEntropy.obj               58
    cmd_paramEuCompliantMode.obj       78
    cmd_paramEventMask.obj            110
    cmd_paramHrTimer.obj               92
    cmd_paramIP6Addr.obj               74
    cmd_paramJoinDC.obj               106
    cmd_paramJoinKey.obj               34
    cmd_paramLog.obj                   32
    cmd_paramMacAddr.obj               88
    cmd_paramMacMicKey.obj             42
    cmd_paramMobility.obj              78
    cmd_paramMoteInfo.obj             118
    cmd_paramMoteStatus.obj           108
    cmd_paramNetId.obj                 84
    cmd_paramNetInfo.obj               70
    cmd_paramOtapLockout.obj           78
    cmd_paramPathAlarm.obj             56
    cmd_paramPwrCostInfo.obj           34
    cmd_paramPwrSrc.obj               540
    cmd_paramRoutingMode.obj           78
    cmd_paramShortAddr.obj             96
    cmd_paramSizeInfo.obj              82
    cmd_paramSizeInfoExt.obj           90
    cmd_paramTime.obj                 326
    cmd_paramTxPwr.obj                160
    cmd_zeroize.obj                    64
    config.obj                      1 980
    copy_init3.obj                     56
    cpu_charge.obj                     64                         12
    dev_info.obj                      460                         24
    dma.obj                           704      452      452       64
    dn_channel.obj                  1 764                      1 248
    dn_os_tmr.obj                   1 472                         12
    dn_system.obj                   1 564
    dn_time.obj                       588                         48
    dnm_cli.obj                       592                12       13
    dnm_cli_util.obj                1 148
    event.obj                         456                         12
    ext_bus.obj                       228
    ext_bus_mem.obj                   154
    ext_clk.obj                         8
    fault_a.obj                                 56       56
    fault_c.obj                       196      572      572
    fcs.obj                           612
    flash.obj                         708       24       24       16
    flash_charge.obj                   16
    flash_drv.obj                     956                         12
    flash_drv_par.obj                  12
    flash_info.obj                    416                          1
    flashinfo_drv.obj                  16
    fs_api.obj                      1 536                      2 184
    fs_utils.obj                    3 564
    fuse_table.obj                     52
    gpio.obj                          132
    gpio_drv.obj                      788                         16
    gpio_radio_inhibit.obj            124                          4
    hw_dbg.obj                         68                         24
    hwinfo_drv.obj                    272                          8
    i2c.obj                           500                         32
    i2c_drv.obj                       720                         24
    ilist.obj                         208
    ilist16.obj                       280
    int_clk.obj                         4
    ioconfig.obj                       52
    ip.obj                            768
    ip_cfg.obj                      1 496               288       16
    ip_util.obj                        72
    join.obj                        2 392                         28
    k_cli.obj                       1 216                        392
    kernel.obj                        168                          4
    kernel_monitor.obj                904                        936
    llist.obj                         100
    llog.obj                          568                 8        8
    lmac.obj                        2 528                        105
    lmac_adv.obj                      608                          4
    lmac_linkseq.obj                1 788                        656
    lmac_linkseq_util.obj             996                          9
    lmac_macintf.obj                3 288
    lmac_notif.obj                    232                        264
    lmac_pk.obj                       172                         52
    loc_ap.obj                         10
    loc_intf.obj                    2 080                      1 576
    lptimer.obj                       372                          8
    lptimer_drv.obj                   184
    lzss.obj                          268
    mac.obj                         2 176                      2 368
    mac_ap_parents.obj                  6
    mac_api.obj                     3 152               300
    mac_asn.obj                       284
    mac_aux.obj                        92
    mac_conn.obj                      280
    mac_dscv.obj                      304                         34
    mac_duplicate.obj                 348                         56
    mac_frame.obj                   1 198                        960
    mac_graph.obj                     288                         64
    mac_info.obj                                                 328
    mac_intf.obj                    1 824
    mac_join.obj                    2 488                          8
    mac_link.obj                    1 500                         12
    mac_lmacintf.obj                  256
    mac_neighb.obj                  1 256
    mac_net.obj                       836                         20
    mac_pk.obj                        180                      2 392
    mac_proc_adv.obj                  552                         12
    main.obj                          512       20       22        8
    mem.obj                           232                         40
    mem_drv.obj                         4
    membuf.obj                        216
    memtest.obj                       214
    mesh.obj                          644
    mote.obj                          296                80        4
    mote_cli.obj                    2 100               508
    mote_monitor.obj                1 316                      1 592
    mpu.obj                            84
    net.obj                         1 336                          4
    net_cfg.obj                        72                         24
    net_cli.obj                     2 336                        152
    net_cli_fs.obj                  1 392                64       32
    net_mac.obj                     2 384                      1 572
    net_pk.obj                        208                      1 424
    net_queue.obj                     272                         16
    net_util.obj                       56                         12
    netpll.obj                        736                         52
    notif.obj                       1 100                          4
    nucleus.obj                         2
    nvic.obj                          418       46       46
    one_wire.obj                    1 432                          8
    onewire_drv.obj                 1 080                         16
    os_dn_utils.obj                    12
    os_hooks.obj                        8        4        4
    pktrace.obj                     5 948               760
    pmu.obj                         1 480                         12
    pps_clk.obj                        18
    pwm.obj                           384               112      112
    pwm32k.obj                         68
    pwm_drv.obj                        68
    radio.obj                      10 640    4 808    4 808    2 160
    radio_drv.obj                   1 416                         92
    radio_utils.obj                 1 436                         52
    randhw_drv.obj                     38
    random2.obj                       126                          4
    rel_notif.obj                       2
    report.obj                      1 744                         25
    reset.obj                          16
    ring.obj                          132
    rlock.obj                         176
    route.obj                         428                         24
    security.obj                    1 632                        108
    security_cntr.obj                 140
    security_drv.obj                  952                        184
    security_drv_selftest.obj         452
    service.obj                       544                         48
    settime.obj                       272
    socket.obj                        892                         72
    spi_drv.obj                     1 348                         24
    spi_master.obj                    984                         56
    startup_iar.obj                     2                28      256
    temp_drv.obj                      108
    tengine.obj                     1 632                        536
    tengine_charge.obj                252
    tengine_header.obj              2 780
    tengine_pk.obj                  1 628
    tengine_sched.obj               6 448
    time_info.obj                     440                         28
    timer.obj                         668                      1 064
    timer_sched.obj                 2 192       24       24      112
    trace_utils.obj                    34
    transport.obj                     552                          4
    transport_util.obj                180                         28
    uart.obj                        1 676                         72
    uart_cli.obj                      748                        288
    uart_drv.obj                    1 208                      1 224
    uart_raw.obj                    1 020                        164
    uart_raw_drv.obj                  840                      1 312
    uartc.obj                         908                        168
    udp.obj                           520
    utils.obj                         892               372
    wd.obj                            284                         68
    zero_init3.obj                     52
    ----------------------------------------------------------------
    Total:                        156 860    6 006    8 580   27 966

libucos_full.a: [5]
    os_cpu_a.obj                      160
    os_cpu_c.obj                      152                          2
    os_dbg.obj                          2                92
    ucos_ii.obj                     5 300                      6 748
    ----------------------------------------------------------------
    Total:                          5 614                92    6 750

m7M_tl.a: [6]
    ----------------------------------------------------------------
    Total:

rt7M_tl.a: [7]
    ABImemclr.o                         6
    ABImemclr4.o                        6
    ABImemcpy.o                       166
    ABImemset.o                       102
    ABImemset48.o                      58
    I64DivMod.o                       306
    I64DivZer.o                         2
    I64Shl.o                           34
    U64Shr.o                           30
    XXexit.o                           12
    cexit.o                            10
    cmain.o                            26
    cstartup_M.o                       12
    data_init.o                        40
    memchr.o                           88
    memcmp.o                          104
    strchr.o                           22
    strcmp.o                           74
    strlen.o                           54
    strncpy.o                         112
    ----------------------------------------------------------------
    Total:                          1 264

    Gaps                                         2                 4
    Linker created                      8                90    2 048
--------------------------------------------------------------------
    Grand Total:                  166 906    6 008    8 810   38 377


*******************************************************************************
*** ENTRY LIST
***

Entry                      Address   Size  Type      Object
-----                      -------   ----  ----      ------
.coderam_heap_end$$Base
                        0x200095f4          --   Gb  - Linker created -
.coderam_heap_end$$Limit
                        0x200095f8          --   Gb  - Linker created -
.coderam_heap_start$$Base
                        0x200095f8          --   Gb  - Linker created -
.coderam_heap_start$$Limit
                        0x200095fc          --   Gb  - Linker created -
.heap_end$$Base         0x2000fffc          --   Gb  - Linker created -
.heap_end$$Limit        0x20010000          --   Gb  - Linker created -
.heap_start$$Base       0x20009608          --   Gb  - Linker created -
.heap_start$$Limit      0x2000960c          --   Gb  - Linker created -
.iar.init_table$$Base   0x0006a550          --   Gb  - Linker created -
.iar.init_table$$Limit  0x0006a5a8          --   Gb  - Linker created -
?main                   0x00068d09         Code  Gb  cmain.o [7]
App_TCBInitHook         0x00058f8d    0x2  Code  Gb  os_hooks.obj [4]
App_TaskCreateHook      0x00058f8f    0x2  Code  Gb  os_hooks.obj [4]
App_TaskIdleHook        0x000c975d    0x4  Code  Gb  os_hooks.obj [4]
App_TaskSwHook          0x00058f89    0x4  Code  Gb  os_hooks.obj [4]
BSPACE                  0x00044844    0x4  Data  Lc  k_cli.obj [4]
CRLF                    0x00044840    0x2  Data  Lc  k_cli.obj [4]
CSTACK$$Base            0x20000100          --   Gb  - Linker created -
CSTACK$$Limit           0x20000900          --   Gb  - Linker created -
DN_BCAST_LONG_ADDR      0x00069af8    0x8  Data  Gb  mote.obj [4]
DN_IPV6_LOCALHOST_ADDR  0x00069ae0   0x10  Data  Gb  mote.obj [4]
DN_MGR_IPV6_MULTICAST_ADDR
                        0x00069ad0   0x10  Data  Gb  mote.obj [4]
DN_MGR_LONG_ADDR        0x00069af0    0x8  Data  Gb  mote.obj [4]
DN_MOTE_IPV6_BCAST_ADDR
                        0x00069ac0   0x10  Data  Gb  mote.obj [4]
DN_ZERO_ASN             0x00069b08    0x8  Data  Gb  mote.obj [4]
DN_ZERO_LONG_ADDR       0x00069b00    0x8  Data  Gb  mote.obj [4]
IntDefaultHandler       0x0006a701    0x2  Code  Lc  startup_iar.obj [4]
JOIN_RSSI_THR_5850      0x000530c4    0xc  Data  Gb  mac_proc_adv.obj [4]
LOW_LEVEL_WAIT_FOR_EVENT
                        0x00044de1    0xe  Code  Gb  nvic.obj [4]
LoadInt                 0x0004e3bb   0x56  Code  Lc  xprintfsmall_nomb.o [3]
MOTE_CLI_COMMANDS       0x00054ca0   0xb0  Data  Lc  mote_cli.obj [4]
MOTE_CLI_SHOWSUBCMD     0x00054d50   0x70  Data  Lc  mote_cli.obj [4]
OSCtxSw                 0x00044e3b         Code  Gb  os_cpu_a.obj [5]
OSCtxSwCtr              0x200018a4    0x4  Data  Gb  ucos_ii.obj [5]
OSDataSize              0x0006a6fe    0x2  Data  Gb  os_dbg.obj [5]
OSDebugEn               0x00044e0e    0x2  Data  Gb  os_dbg.obj [5]
OSDebugInit             0x0004eae1    0x2  Code  Gb  os_dbg.obj [5]
OSEndiannessTest        0x0006a6e0    0x4  Data  Gb  os_dbg.obj [5]
OSEventEn               0x0004918e    0x2  Data  Gb  os_dbg.obj [5]
OSEventFreeList         0x200018a8    0x4  Data  Gb  ucos_ii.obj [5]
OSEventMax              0x0004645a    0x2  Data  Gb  os_dbg.obj [5]
OSEventNameSize         0x00049142    0x2  Data  Gb  os_dbg.obj [5]
OSEventPendMulti        0x00047591  0x204  Code  Gb  ucos_ii.obj [5]
OSEventSize             0x000498da    0x2  Data  Gb  os_dbg.obj [5]
OSEventTbl              0x200018cc  0x6e0  Data  Gb  ucos_ii.obj [5]
OSEventTblSize          0x00049982    0x2  Data  Gb  os_dbg.obj [5]
OSFlagCreate            0x00047d77   0x46  Code  Gb  ucos_ii.obj [5]
OSFlagEn                0x000499be    0x2  Data  Gb  os_dbg.obj [5]
OSFlagFreeList          0x200018ac    0x4  Data  Gb  ucos_ii.obj [5]
OSFlagGrpSize           0x0004b656    0x2  Data  Gb  os_dbg.obj [5]
OSFlagMax               0x0004ce42    0x2  Data  Gb  os_dbg.obj [5]
OSFlagNameSize          0x0004eae2    0x2  Data  Gb  os_dbg.obj [5]
OSFlagNodeSize          0x0004c61a    0x2  Data  Gb  os_dbg.obj [5]
OSFlagPend              0x00047dc9  0x1d2  Code  Gb  ucos_ii.obj [5]
OSFlagPost              0x00047f9b   0xac  Code  Gb  ucos_ii.obj [5]
OSFlagTbl               0x20001fac   0x70  Data  Gb  ucos_ii.obj [5]
OSFlagWidth             0x0004cdc2    0x2  Data  Gb  os_dbg.obj [5]
OSGetCurPrio            0x00062f7d    0xc  Code  Gb  os_dn_utils.obj [4]
OSIdleCtr               0x200018b0    0x4  Data  Gb  ucos_ii.obj [5]
OSInit                  0x00047795  0x106  Code  Gb  ucos_ii.obj [5]
OSInitHookBegin         0x0004ea49    0x8  Code  Gb  os_cpu_c.obj [5]
OSInitHookEnd           0x0004ea51    0x2  Code  Gb  os_cpu_c.obj [5]
OSIntCtxSw              0x00044e43         Code  Gb  os_cpu_a.obj [5]
OSIntEnter              0x000478ad   0x28  Code  Gb  ucos_ii.obj [5]
OSIntExit               0x000478d5   0x6c  Code  Gb  ucos_ii.obj [5]
OSIntNesting            0x20001894    0x1  Data  Gb  ucos_ii.obj [5]
OSLockNesting           0x20001895    0x1  Data  Gb  ucos_ii.obj [5]
OSLowestPrio            0x00050e16    0x2  Data  Gb  os_dbg.obj [5]
OSMboxEn                0x00051c8e    0x2  Data  Gb  os_dbg.obj [5]
OSMemCreate             0x00048101   0x6c  Code  Gb  ucos_ii.obj [5]
OSMemEn                 0x00057e56    0x2  Data  Gb  os_dbg.obj [5]
OSMemFreeList           0x20002928    0x4  Data  Gb  ucos_ii.obj [5]
OSMemGet                0x00048179   0x36  Code  Gb  ucos_ii.obj [5]
OSMemMax                0x00058eda    0x2  Data  Gb  os_dbg.obj [5]
OSMemNameSize           0x0005ccfa    0x2  Data  Gb  os_dbg.obj [5]
OSMemPut                0x000481b5   0x34  Code  Gb  ucos_ii.obj [5]
OSMemQuery              0x000481e9   0x3a  Code  Gb  ucos_ii.obj [5]
OSMemSize               0x0005e1ba    0x2  Data  Gb  os_dbg.obj [5]
OSMemTbl                0x2000292c  0x180  Data  Gb  ucos_ii.obj [5]
OSMemTblSize            0x0005e1da    0x2  Data  Gb  os_dbg.obj [5]
OSMutexEn               0x00061352    0x2  Data  Gb  os_dbg.obj [5]
OSPrioCur               0x20001896    0x1  Data  Gb  ucos_ii.obj [5]
OSPrioHighRdy           0x20001897    0x1  Data  Gb  ucos_ii.obj [5]
OSPtrSize               0x00062842    0x2  Data  Gb  os_dbg.obj [5]
OSQCreate               0x00048269   0x72  Code  Gb  ucos_ii.obj [5]
OSQDel                  0x000482e1   0xc4  Code  Gb  ucos_ii.obj [5]
OSQEn                   0x00062f7a    0x2  Data  Gb  os_dbg.obj [5]
OSQFreeList             0x200018c4    0x4  Data  Gb  ucos_ii.obj [5]
OSQMax                  0x000689ba    0x2  Data  Gb  os_dbg.obj [5]
OSQPend                 0x000483a5   0xda  Code  Gb  ucos_ii.obj [5]
OSQPost                 0x00048487   0x6a  Code  Gb  ucos_ii.obj [5]
OSQQuery                0x000484fb   0x80  Code  Gb  ucos_ii.obj [5]
OSQSize                 0x00068d26    0x2  Data  Gb  os_dbg.obj [5]
OSQTbl                  0x20002aac   0xf0  Data  Gb  ucos_ii.obj [5]
OSRdyGrp                0x20001898    0x1  Data  Gb  ucos_ii.obj [5]
OSRdyTbl                0x2000189c    0x8  Data  Gb  ucos_ii.obj [5]
OSRdyTblSize            0x00068d5e    0x2  Data  Gb  os_dbg.obj [5]
OSRunning               0x20001899    0x1  Data  Gb  ucos_ii.obj [5]
OSSemAccept             0x000485c1   0x22  Code  Gb  ucos_ii.obj [5]
OSSemCreate             0x000485eb   0x3e  Code  Gb  ucos_ii.obj [5]
OSSemDel                0x00048629   0xac  Code  Gb  ucos_ii.obj [5]
OSSemEn                 0x000690f6    0x2  Data  Gb  os_dbg.obj [5]
OSSemPend               0x000486e5   0xc0  Code  Gb  ucos_ii.obj [5]
OSSemPost               0x000487ad   0x5c  Code  Gb  ucos_ii.obj [5]
OSSemQuery              0x00048809   0x6e  Code  Gb  ucos_ii.obj [5]
OSSemSet                0x00048877   0x3e  Code  Gb  ucos_ii.obj [5]
OSStart                 0x00047941   0x28  Code  Gb  ucos_ii.obj [5]
OSStartHighRdy          0x00044e1f         Code  Gb  os_cpu_a.obj [5]
OSStkWidth              0x000693ee    0x2  Data  Gb  os_dbg.obj [5]
OSTCBCur                0x200018b4    0x4  Data  Gb  ucos_ii.obj [5]
OSTCBFreeList           0x200018b8    0x4  Data  Gb  ucos_ii.obj [5]
OSTCBHighRdy            0x200018bc    0x4  Data  Gb  ucos_ii.obj [5]
OSTCBInitHook           0x0004ead7    0x4  Code  Gb  os_cpu_c.obj [5]
OSTCBList               0x200018c0    0x4  Data  Gb  ucos_ii.obj [5]
OSTCBPrioTbl            0x20002828  0x100  Data  Gb  ucos_ii.obj [5]
OSTCBPrioTblMax         0x0006a6f4    0x2  Data  Gb  os_dbg.obj [5]
OSTCBSize               0x0006a6f6    0x2  Data  Gb  os_dbg.obj [5]
OSTCBTbl                0x2000211c  0x70c  Data  Gb  ucos_ii.obj [5]
OSTaskCreateEn          0x00069abe    0x2  Data  Gb  os_dbg.obj [5]
OSTaskCreateExt         0x000488b5   0x9a  Code  Gb  ucos_ii.obj [5]
OSTaskCreateExtEn       0x00069f7e    0x2  Data  Gb  os_dbg.obj [5]
OSTaskCreateHook        0x0004ea53    0x4  Code  Gb  os_cpu_c.obj [5]
OSTaskCtr               0x2000189a    0x1  Data  Gb  ucos_ii.obj [5]
OSTaskDelEn             0x0006a0ba    0x2  Data  Gb  os_dbg.obj [5]
OSTaskIdleHook          0x0004ea57    0x4  Code  Gb  os_cpu_c.obj [5]
OSTaskIdleStk           0x2000201c  0x100  Data  Gb  ucos_ii.obj [5]
OSTaskIdleStkSize       0x0006a6e4    0x2  Data  Gb  os_dbg.obj [5]
OSTaskMax               0x0006a6e8    0x2  Data  Gb  os_dbg.obj [5]
OSTaskNameSet           0x00048959   0x56  Code  Gb  ucos_ii.obj [5]
OSTaskNameSize          0x0006a6ea    0x2  Data  Gb  os_dbg.obj [5]
OSTaskProfileEn         0x0006a6e6    0x2  Data  Gb  os_dbg.obj [5]
OSTaskStatEn            0x0006a6ec    0x2  Data  Gb  os_dbg.obj [5]
OSTaskStatStkChkEn      0x0006a6f0    0x2  Data  Gb  os_dbg.obj [5]
OSTaskStatStkSize       0x0006a6ee    0x2  Data  Gb  os_dbg.obj [5]
OSTaskStkChk            0x000489af   0x6c  Code  Gb  ucos_ii.obj [5]
OSTaskStkInit           0x0004ea5b   0x78  Code  Gb  os_cpu_c.obj [5]
OSTaskSwHook            0x0004ead3    0x4  Code  Gb  os_cpu_c.obj [5]
OSTaskSwHookEn          0x0006a6f2    0x2  Data  Gb  os_dbg.obj [5]
OSTicksPerSec           0x0006a6f8    0x2  Data  Gb  os_dbg.obj [5]
OSTime                  0x200018c8    0x4  Data  Gb  ucos_ii.obj [5]
OSTimeDly               0x00045a05   0x2a  Code  Gb  dn_os_tmr.obj [4]
OSTimeGet               0x00045a2f   0x1a  Code  Gb  dn_os_tmr.obj [4]
OSTimeTickHookEn        0x0006a6fa    0x2  Data  Gb  os_dbg.obj [5]
OSTmrCreate             0x00045659   0xa0  Code  Gb  dn_os_tmr.obj [4]
OSTmrCtr                0x200095e8    0x2  Data  Lc  os_cpu_c.obj [5]
OSTmrDel                0x000456f9   0x86  Code  Gb  dn_os_tmr.obj [4]
OSTmrDnStartUsec        0x000457e7   0x62  Code  Gb  dn_os_tmr.obj [4]
OSTmrFree               0x200095e4    0x2  Data  Gb  ucos_ii.obj [5]
OSTmrFreeList           0x20002edc    0x4  Data  Gb  ucos_ii.obj [5]
OSTmrMaxNumb            0x2000380c    0x4  Data  Gb  dn_os_tmr.obj [4]
OSTmrSem                0x20002ba0    0x4  Data  Gb  ucos_ii.obj [5]
OSTmrSemSignal          0x20002ba4    0x4  Data  Gb  ucos_ii.obj [5]
OSTmrSignal             0x00045877    0x8  Code  Gb  dn_os_tmr.obj [4]
OSTmrStart              0x0004577f   0x68  Code  Gb  dn_os_tmr.obj [4]
OSTmrStop               0x00045849   0x2e  Code  Gb  dn_os_tmr.obj [4]
OSTmrTaskStk            0x20002ee0  0x400  Data  Gb  ucos_ii.obj [5]
OSTmrTbl                0x20002ba8  0x334  Data  Gb  ucos_ii.obj [5]
OSTmrTime               0x20002b9c    0x4  Data  Gb  ucos_ii.obj [5]
OSTmrUsed               0x200095e6    0x2  Data  Gb  ucos_ii.obj [5]
OSTmrWheelTbl           0x200032e0    0xc  Data  Gb  ucos_ii.obj [5]
OSTmr_Init              0x0004587f   0xe4  Code  Gb  dn_os_tmr.obj [4]
OSTmr_Task              0x0004596d   0x98  Code  Lc  dn_os_tmr.obj [4]
OSUnMapTbl              0x00047b68  0x100  Data  Gb  ucos_ii.obj [5]
OSVersionNbr            0x0006a6fc    0x2  Data  Gb  os_dbg.obj [5]
OS_CPU_PendSVHandler    0x00044e4b         Code  Gb  os_cpu_a.obj [5]
OS_CPU_SR_Restore       0x00044e19         Code  Gb  os_cpu_a.obj [5]
OS_CPU_SR_Save          0x00044e11         Code  Gb  os_cpu_a.obj [5]
OS_EventTaskRdy         0x00047969   0x74  Code  Gb  ucos_ii.obj [5]
OS_EventTaskRemove      0x00047a89   0x24  Code  Gb  ucos_ii.obj [5]
OS_EventTaskRemoveMulti
                        0x00047aad   0x30  Code  Gb  ucos_ii.obj [5]
OS_EventTaskWait        0x000479dd   0x4c  Code  Gb  ucos_ii.obj [5]
OS_EventTaskWaitMulti   0x00047a29   0x58  Code  Gb  ucos_ii.obj [5]
OS_EventWaitListInit    0x00047add   0x16  Code  Gb  ucos_ii.obj [5]
OS_FlagInit             0x00048047   0x4c  Code  Gb  ucos_ii.obj [5]
OS_FlagTaskRdy          0x00048093   0x44  Code  Lc  ucos_ii.obj [5]
OS_FlagUnlink           0x000480d7   0x20  Code  Gb  ucos_ii.obj [5]
OS_MemClr               0x00047af3    0xa  Code  Gb  ucos_ii.obj [5]
OS_MemInit              0x00048223   0x3c  Code  Gb  ucos_ii.obj [5]
OS_QInit                0x00048583   0x3e  Code  Gb  ucos_ii.obj [5]
OS_Sched                0x00047afd   0x4a  Code  Gb  ucos_ii.obj [5]
OS_SchedNew             0x00047b4f   0x1a  Code  Lc  ucos_ii.obj [5]
OS_TCBInit              0x00047c81   0xf0  Code  Gb  ucos_ii.obj [5]
OS_TaskIdle             0x00047c69   0x18  Code  Gb  ucos_ii.obj [5]
OS_TaskStkClr           0x00048a29   0x14  Code  Gb  ucos_ii.obj [5]
OTAP_KEY                0x000642f4   0x10  Data  Gb  cmd_otap.obj [4]
Region$$Table$$Base     0x0006a550          --   Gb  - Linker created -
Region$$Table$$Limit    0x0006a5a8          --   Gb  - Linker created -
SB                      0x0006a702         Data  Gb  copy_init3.obj [4]
SRAM_D$$Base            0x20000000          --   Gb  - Linker created -
SRAM_D$$Limit           0x2000960c          --   Gb  - Linker created -
TEST_CALC_MIC           0x0004b818    0x4  Data  Gb  security_drv_selftest.obj [4]
TEST_KEY                0x0004b7d8   0x10  Data  Gb  security_drv_selftest.obj [4]
TEST_NONCE              0x0004b7e8   0x10  Data  Gb  security_drv_selftest.obj [4]
TEST_PACKET_IN          0x0004b7f8   0x10  Data  Gb  security_drv_selftest.obj [4]
TEST_PACKET_OUT         0x0004b808   0x10  Data  Gb  security_drv_selftest.obj [4]
WAIT_FOR_EVENT          0x000c9739    0xe  Code  Gb  nvic.obj [4]
WAIT_FOR_INTERRUPT      0x000c9719   0x20  Code  Gb  nvic.obj [4]
_LitobSmallNoMb         0x0004e54d   0xce  Code  Lc  xprintfsmall_nomb.o [3]
_PrintfSmallNoMb        0x0004e1a1  0x210  Code  Gb  xprintfsmall_nomb.o [3]
_PutcharsSmallNoMb      0x0004e61b   0x2e  Code  Lc  xprintfsmall_nomb.o [3]
_PutfldSmallNoMb        0x0004e411  0x13c  Code  Lc  xprintfsmall_nomb.o [3]
_SNProut                0x00044def   0x1a  Code  Gb  xsnprout.o [3]
__aeabi_ldiv0           0x0004b655         Code  Gb  I64DivZer.o [7]
__aeabi_ldivmod         0x00046329         Code  Gb  I64DivMod.o [7]
__aeabi_llsl            0x0005ccd9         Code  Gb  I64Shl.o [7]
__aeabi_llsr            0x0005e1bd         Code  Gb  U64Shr.o [7]
__aeabi_memclr          0x00044931         Code  Gb  ABImemclr.o [7]
__aeabi_memclr4         0x00044e09         Code  Gb  ABImemclr4.o [7]
__aeabi_memcpy          0x000498dd         Code  Gb  ABImemcpy.o [7]
__aeabi_memcpy4         0x000498fd         Code  Gb  ABImemcpy.o [7]
__aeabi_memcpy8         0x000498fd         Code  Gb  ABImemcpy.o [7]
__aeabi_memset          0x00049875         Code  Gb  ABImemset.o [7]
__aeabi_memset4         0x00049985         Code  Gb  ABImemset48.o [7]
__aeabi_memset8         0x00049985         Code  Gb  ABImemset48.o [7]
__aeabi_uldivmod        0x0004636d         Code  Gb  I64DivMod.o [7]
__cmain                 0x00068d09         Code  Gb  cmain.o [7]
__exit                  0x00063321         Code  Gb  XXexit.o [7]
__iar_Fail_s            0x00058edd   0x1e  Code  Gb  xfail_s.o [3]
__iar_Memchr            0x00058f21         Code  Gb  memchr.o [7]
__iar_Memset            0x00049875         Code  Gb  ABImemset.o [7]
__iar_Memset4_word      0x0004998d         Code  Gb  ABImemset48.o [7]
__iar_Memset8_word      0x0004998d         Code  Gb  ABImemset48.o [7]
__iar_Memset_word       0x0004987d         Code  Gb  ABImemset.o [7]
__iar_Stoul             0x000621c3    0x2  Code  Gb  iar_Stoulx.o [3]
__iar_Stoulx            0x000620ad  0x110  Code  Gb  iar_Stoulx.o [3]
__iar_Strchr            0x00058ec5         Code  Gb  strchr.o [7]
__iar_copy_init3        0x0006a165   0x38  Code  Gb  copy_init3.obj [4]
__iar_data_init3        0x00068d29   0x28  Code  Gb  data_init.o [7]
__iar_program_start     0x00068cfd         Code  Gb  cstartup_M.o [7]
__iar_systems$$module {Abs}
                        0x00000001         Data  Gb  command line/config [2]
__iar_zero_init3        0x0006a23d   0x34  Code  Gb  zero_init3.obj [4]
__low_level_init        0x00068d23    0x4  Code  Gb  low_level_init.o [3]
__reset_handler         0x00041021         Code  Gb  reset.obj [4]
__vector_table          0x0006a624   0x1c  Data  Gb  startup_iar.obj [4]
_call_main              0x00068d15         Code  Gb  cmain.o [7]
_exit                   0x00068d55         Code  Gb  cexit.o [7]
_main                   0x00068d1f         Code  Gb  cmain.o [7]
abort                   0x0006134d    0x6  Code  Gb  abort.o [3]
adc_aiISR               0x00046005   0x38  Code  Lc  adc_controller.obj [4]
adc_calcVgaOffset       0x0004abbd   0x4c  Code  Lc  adc_drv.obj [4]
adc_completeVgaOffsetSample
                        0x00046083   0x12  Code  Gb  adc_controller.obj [4]
adc_configManualSampling
                        0x00045c77   0x50  Code  Gb  adc_controller.obj [4]
adc_convertAdcToVoltage
                        0x000460a1   0x22  Code  Gb  adc_controller.obj [4]
adc_convertVgaToVoltage
                        0x000460c3   0x52  Code  Gb  adc_controller.obj [4]
adc_disableLoads        0x00046095    0xc  Code  Gb  adc_controller.obj [4]
adc_drv_close           0x0004a93b   0x30  Code  Gb  adc_drv.obj [4]
adc_drv_confAndProcSample
                        0x0004ab37   0x86  Code  Lc  adc_drv.obj [4]
adc_drv_init            0x0004a7f9   0x70  Code  Gb  adc_drv.obj [4]
adc_drv_ioctl           0x0004a9e7   0x90  Code  Gb  adc_drv.obj [4]
adc_drv_mapId           0x0004a7bd   0x3c  Code  Gb  adc_drv.obj [4]
adc_drv_open            0x0004a869   0xd2  Code  Gb  adc_drv.obj [4]
adc_drv_processSample   0x00046149   0x40  Code  Gb  adc_controller.obj [4]
adc_drv_read            0x0004a96b   0x7c  Code  Gb  adc_drv.obj [4]
adc_drv_v               0x2000470c   0x40  Data  Gb  adc_drv.obj [4]
adc_getManualSample     0x00045cc7  0x1de  Code  Gb  adc_controller.obj [4]
adc_init                0x00045c19   0x5e  Code  Gb  adc_controller.obj [4]
adc_prepareVgaOffsetSample
                        0x00046071   0x12  Code  Gb  adc_controller.obj [4]
adc_ptatISR             0x0004603d   0x2c  Code  Lc  adc_controller.obj [4]
adc_resetAdc            0x00045eab  0x14a  Code  Gb  adc_controller.obj [4]
adc_sampleBatt          0x0004aac7   0x70  Code  Gb  adc_drv.obj [4]
adc_samplePtat          0x0004aa77   0x24  Code  Gb  adc_drv.obj [4]
adc_samplePtatInit      0x0004aa9b   0x22  Code  Gb  adc_drv.obj [4]
adc_swISR               0x00045ff5    0xe  Code  Lc  adc_controller.obj [4]
adc_v                   0x20005dd0   0x2c  Data  Gb  adc_controller.obj [4]
addPkToBuffer           0x00051c5b   0x28  Code  Gb  mac_duplicate.obj [4]
addrmap_get             0x00062f75    0x6  Code  Gb  addrmap.obj [4]
aes_Isr                 0x0004f2fd   0x20  Code  Lc  aes_hw.obj [4]
aes_cbcMac              0x0004f17f   0xf4  Code  Gb  aes_hw.obj [4]
aes_ccmCalcMIC          0x0004f10d   0x72  Code  Gb  aes_hw.obj [4]
aes_ccmDecrypt          0x0004f01d   0xf0  Code  Gb  aes_hw.obj [4]
aes_ccmEncrypt          0x0004ef27   0xf0  Code  Gb  aes_hw.obj [4]
aes_ccmPrepare          0x0004ee81   0xa6  Code  Gb  aes_hw.obj [4]
aes_checkDone           0x0004f283   0x52  Code  Gb  aes_hw.obj [4]
aes_getGetNonceCtrResult
                        0x0004f2d5    0x8  Code  Gb  aes_hw.obj [4]
aes_init                0x0004ed69  0x118  Code  Gb  aes_hw.obj [4]
aes_reset               0x0004f2dd   0x1c  Code  Gb  aes_hw.obj [4]
aes_v                   0x20005fd8   0xb0  Data  Gb  aes_hw.obj [4]
aes_waitManualDone      0x0004f31d   0x14  Code  Gb  aes_hw.obj [4]
agc_state               0x200040d0    0x4  Data  Gb  radio.obj [4]
alarm_getAlarms         0x00057731    0x6  Code  Gb  alarms.obj [4]
[...]
                        0x0005cb3f    0x4  Code  Gb  tengine_header.obj [4]
teng_isPkExpired        0x000615db   0x20  Code  Gb  tengine_pk.obj [4]
teng_isPkToForward      0x0005c7b5   0x94  Code  Gb  tengine_header.obj [4]
teng_isRxBcastPk        0x0005cac9   0x20  Code  Gb  tengine_header.obj [4]
teng_isSchedNextSlotTooLate
                        0x0005be25   0x2c  Code  Gb  tengine_sched.obj [4]
teng_isSkyworks         0x00059b4f    0x4  Code  Gb  tengine.obj [4]
teng_isSrcAddrLong      0x0005cb21   0x10  Code  Gb  tengine_header.obj [4]
teng_isTengRunning      0x00059763   0x1e  Code  Gb  tengine.obj [4]
teng_isTimeAdjValid     0x0005cb43   0x14  Code  Gb  tengine_header.obj [4]
teng_isTofSlot          0x0005ba7d    0xc  Code  Gb  tengine_sched.obj [4]
teng_isTxDcExceeded     0x0005be55   0x32  Code  Gb  tengine_sched.obj [4]
teng_isTxGapOK          0x0005a839   0x4a  Code  Gb  tengine_sched.obj [4]
teng_isUModule          0x00059b4b    0x4  Code  Gb  tengine.obj [4]
teng_longPwrUpCutoff    0x0005b1ed   0x40  Code  Gb  tengine_sched.obj [4]
teng_prepareNonce       0x00061633   0x44  Code  Gb  tengine_pk.obj [4]
teng_processTimingUpdate
                        0x0005ba05   0x66  Code  Gb  tengine_sched.obj [4]
teng_pushBufAvail       0x000618dd   0x4a  Code  Gb  tengine_pk.obj [4]
teng_pushReschedNotif   0x00061951   0x44  Code  Gb  tengine_pk.obj [4]
teng_pushRxNotif        0x000617b9   0x6c  Code  Gb  tengine_pk.obj [4]
teng_pushRxPk           0x00061717   0xa2  Code  Gb  tengine_pk.obj [4]
teng_pushTxNotif        0x00061825   0xb8  Code  Gb  tengine_pk.obj [4]
teng_queueNewTxPackets  0x00061355   0x5c  Code  Gb  tengine_pk.obj [4]
teng_removePacketsFromQueue
                        0x00059b21   0x2a  Code  Gb  tengine.obj [4]
teng_reschedule         0x0005a7f5   0x44  Code  Gb  tengine_sched.obj [4]
teng_resetBackoff       0x0005b96f    0x8  Code  Gb  tengine_sched.obj [4]
teng_resetCurWindowTxBytes
                        0x0005be8d    0xa  Code  Gb  tengine_sched.obj [4]
teng_saveEvDbgInfo      0x0005bd61   0x48  Code  Gb  tengine_sched.obj [4]
teng_schedIdleTx        0x0005b125   0x4c  Code  Gb  tengine_sched.obj [4]
teng_schedRadioEvent    0x0005b02b   0x66  Code  Gb  tengine_sched.obj [4]
teng_scheduleNextOperation
                        0x0005a883  0x2ac  Code  Gb  tengine_sched.obj [4]
teng_sendDscvDone       0x0005cb7d    0x2  Code  Gb  tengine_header.obj [4]
teng_sendSwIsr          0x000597dd    0xe  Code  Gb  tengine.obj [4]
teng_setAckFlag         0x0005cafd   0x12  Code  Gb  tengine_header.obj [4]
teng_setChargeMode      0x00059bb5    0x4  Code  Gb  tengine.obj [4]
teng_setParentOffset    0x0005988f   0x66  Code  Gb  tengine.obj [4]
teng_setSrcInNonce      0x00061677   0x4a  Code  Gb  tengine_pk.obj [4]
teng_shortPwrUpCutoff   0x0005b1ad   0x40  Code  Gb  tengine_sched.obj [4]
teng_skipTxUpdateStats  0x0005bdc5   0x52  Code  Gb  tengine_sched.obj [4]
teng_startTengine       0x0005972d   0x14  Code  Gb  tengine.obj [4]
teng_stop               0x00059a4b   0x56  Code  Gb  tengine.obj [4]
teng_stopRxMIC          0x00061705   0x12  Code  Gb  tengine_pk.obj [4]
teng_stopTengine        0x00059741   0x22  Code  Gb  tengine.obj [4]
teng_subticksToTicksQ7  0x00059927   0x18  Code  Gb  tengine.obj [4]
teng_updateAdv          0x0005c73f   0x3e  Code  Gb  tengine_header.obj [4]
teng_updateBBTxFailureStats
                        0x0005bed3   0x26  Code  Gb  tengine_sched.obj [4]
teng_updateCurWindowTxBytes
                        0x0005be97   0x10  Code  Gb  tengine_sched.obj [4]
teng_updateGraphQueue   0x000597eb   0xa4  Code  Gb  tengine.obj [4]
teng_updateMaxQCnt      0x00061539   0x22  Code  Gb  tengine_pk.obj [4]
teng_updateRxBcastNbr   0x0005bac3   0x6e  Code  Gb  tengine_sched.obj [4]
teng_updateTxBcastNbr   0x0005ba9d   0x26  Code  Gb  tengine_sched.obj [4]
teng_updateTxFailureStats
                        0x0005bead   0x26  Code  Gb  tengine_sched.obj [4]
teng_verifyMIC          0x000616c1   0x44  Code  Gb  tengine_pk.obj [4]
teng_waitForFullHdr     0x0005cb7f   0x2c  Code  Gb  tengine_header.obj [4]
teng_waitOcfsmIdle      0x0005bcd1   0x3e  Code  Gb  tengine_sched.obj [4]
teng_wakeReschedule     0x00059b05   0x12  Code  Gb  tengine.obj [4]
teng_wasPacketAcked     0x0005cae9   0x14  Code  Gb  tengine_header.obj [4]
teng_writeTengCmd       0x0005993f   0x72  Code  Gb  tengine.obj [4]
tengine_charge_reportRadioRx
                        0x00061a21   0x5c  Code  Gb  tengine_charge.obj [4]
tengine_charge_reportRadioTx
                        0x000619b1   0x70  Code  Gb  tengine_charge.obj [4]
tengine_init            0x000596a1   0x8c  Code  Gb  tengine.obj [4]
tengine_preInit         0x00059565   0x28  Code  Gb  tengine.obj [4]
time_close              0x0004ce4d    0x4  Code  Gb  dn_time.obj [4]
time_info_checkTimeNotifRetry
                        0x00054517   0x50  Code  Gb  time_info.obj [4]
time_info_init          0x000543d5    0x8  Code  Gb  time_info.obj [4]
time_info_procTimePinNotif
                        0x000543dd  0x13a  Code  Gb  time_info.obj [4]
time_info_v             0x20009254   0x1c  Data  Gb  time_info.obj [4]
time_init               0x0004ce45    0x4  Code  Gb  dn_time.obj [4]
time_ioctl              0x0004ce51   0xec  Code  Gb  dn_time.obj [4]
time_open               0x0004ce49    0x4  Code  Gb  dn_time.obj [4]
time_setUTCTime         0x00058c9d  0x10a  Code  Gb  settime.obj [4]
timepinEvent_p          0x0004cfd9   0xb0  Code  Lc  dn_time.obj [4]
timerCallback_p         0x00062591  0x12e  Code  Lc  radio_utils.obj [4]
timer_delay             0x0004a651   0x60  Code  Gb  timer.obj [4]
timer_delayCallback     0x0004a637   0x1a  Code  Gb  timer.obj [4]
timer_delete            0x0004a6f9   0x68  Code  Gb  timer.obj [4]
timer_eventTimer1       0x0004a6b1   0x48  Code  Gb  timer.obj [4]
timer_init              0x0004a521   0x44  Code  Gb  timer.obj [4]
timer_scheduleNext      0x0004a5dd   0x30  Code  Lc  timer.obj [4]
timer_setFreqError      0x0004a761   0x24  Code  Gb  timer.obj [4]
timer_setFreqErrorNet   0x0004a79b    0x8  Code  Gb  timer.obj [4]
timer_setFreqErrorNetClrTemp
                        0x0004a785   0x16  Code  Gb  timer.obj [4]
timer_setTimer          0x0004a565   0x78  Code  Gb  timer.obj [4]
timer_v                 0x20000a48  0x428  Data  Gb  timer.obj [4]
tlv_readArray           0x0005d9f5   0x5e  Code  Gb  config.obj [4]
tlv_readList            0x0005da53   0x5e  Code  Gb  config.obj [4]
tlv_writeArray          0x0005dab1   0xb4  Code  Gb  config.obj [4]
tmr_ActiveSlotISR       0x00044019    0xa  Code  Lc  timer_sched.obj [4]
tmr_AsnGenISR           0x00044025    0x8  Code  Lc  timer_sched.obj [4]
tmr_AsnOverflowISR      0x00044059   0x12  Code  Lc  timer_sched.obj [4]
tmr_LowPowerISR         0x00044095   0x3e  Code  Lc  timer_sched.obj [4]
tmr_PreslotISR          0x00044039    0xa  Code  Lc  timer_sched.obj [4]
tmr_SysTimeOverflowISR  0x00044045   0x12  Code  Lc  timer_sched.obj [4]
tmr_TimePinISR          0x00044111   0x5c  Code  Lc  timer_sched.obj [4]
tmr_Timer1ISR           0x0004406d   0x14  Code  Lc  timer_sched.obj [4]
tmr_Timer2ISR           0x00044081   0x14  Code  Lc  timer_sched.obj [4]
tmr_Timer8ISR           0x000440d5   0x34  Code  Lc  timer_sched.obj [4]
tmr_decrementAsn        0x000442a3   0x18  Code  Gb  timer_sched.obj [4]
tmr_enableActiveSlotEvent
                        0x00043ecd   0x16  Code  Gb  timer_sched.obj [4]
tmr_enableAsnCapture    0x00043f23   0x16  Code  Gb  timer_sched.obj [4]
tmr_enableAsnEvent      0x00043eaf   0x16  Code  Gb  timer_sched.obj [4]
tmr_enableDeltaSigma    0x00043f0d   0x16  Code  Gb  timer_sched.obj [4]
tmr_enablePreslotEvent  0x00043e99   0x16  Code  Gb  timer_sched.obj [4]
tmr_enableSlotAccum     0x00043e75   0x24  Code  Gb  timer_sched.obj [4]
tmr_enableWatchdog      0x00043fe3   0x1e  Code  Gb  timer_sched.obj [4]
tmr_feedWatchdog        0x000c9505   0x18  Code  Gb  timer_sched.obj [4]
tmr_getAsn              0x00043d19   0x30  Code  Gb  timer_sched.obj [4]
tmr_getAsn32            0x00044361   0x18  Code  Gb  timer_sched.obj [4]
tmr_getAsn64            0x00043df7   0x2a  Code  Gb  timer_sched.obj [4]
tmr_getAsnOffset        0x00043d49   0xae  Code  Gb  timer_sched.obj [4]
tmr_getCapturedAsn      0x0004416d  0x124  Code  Gb  timer_sched.obj [4]
tmr_getSlotOffset       0x00043e4b    0x8  Code  Gb  timer_sched.obj [4]
tmr_getSlotTimeAcc      0x00043e43    0x8  Code  Gb  timer_sched.obj [4]
tmr_getSlotWidth        0x00043e3b    0x8  Code  Gb  timer_sched.obj [4]
tmr_getSysTimeCtr       0x00043c4f    0x8  Code  Gb  timer_sched.obj [4]
tmr_getSysTimeCtr64     0x00043c57   0x12  Code  Gb  timer_sched.obj [4]
tmr_getSysTimer1Start   0x00043cbf    0xe  Code  Gb  timer_sched.obj [4]
tmr_incrAsnByInt8       0x000442fb   0x14  Code  Gb  timer_sched.obj [4]
tmr_incrementAsn        0x00044291   0x12  Code  Gb  timer_sched.obj [4]
tmr_init                0x00043af9   0x8e  Code  Gb  timer_sched.obj [4]
tmr_initTimer16         0x00043f3f   0x42  Code  Gb  timer_sched.obj [4]
tmr_isrCallback         0x00044009   0x10  Code  Lc  timer_sched.obj [4]
tmr_loadAsn             0x00043e21   0x12  Code  Gb  timer_sched.obj [4]
tmr_lpWaitTick          0x00043c7d   0x1c  Code  Gb  timer_sched.obj [4]
tmr_registerCallback    0x00043c35   0x1a  Code  Gb  timer_sched.obj [4]
tmr_resetAsnAndChanCtr  0x000442bb   0x40  Code  Gb  timer_sched.obj [4]
tmr_setAsnEvent         0x00043ec5    0x8  Code  Gb  timer_sched.obj [4]
tmr_setChannelCtr       0x00044001    0x8  Code  Gb  timer_sched.obj [4]
tmr_setFreqError        0x00043ee3   0x22  Code  Gb  timer_sched.obj [4]
tmr_setParentOffset     0x00043e53   0x22  Code  Gb  timer_sched.obj [4]
tmr_setSlotWidth        0x00043e33    0x8  Code  Gb  timer_sched.obj [4]
tmr_setSysTimer1Delta   0x00043c99   0x26  Code  Gb  timer_sched.obj [4]
tmr_setWatchdogPeriod   0x00043fc5   0x1e  Code  Gb  timer_sched.obj [4]
tmr_startTimer16PWM     0x00043f81   0x24  Code  Gb  timer_sched.obj [4]
tmr_stopTimer16         0x00043faf   0x16  Code  Gb  timer_sched.obj [4]
tmr_syncAsn             0x00043ccd   0x4c  Code  Gb  timer_sched.obj [4]
tmr_timenPinInit        0x00043b87   0xae  Code  Gb  timer_sched.obj [4]
tmr_v                   0x200045a8   0x70  Data  Gb  timer_sched.obj [4]
tmr_waitTick            0x00043c69   0x14  Code  Gb  timer_sched.obj [4]
traceFlagMap            0x00054c20   0x80  Data  Lc  mote_cli.obj [4]
transp_allocSession     0x000556b5   0x42  Code  Gb  transport_util.obj [4]
transp_composeHdr       0x00062a11   0x4e  Code  Gb  transport.obj [4]
transp_findSession      0x0005568d   0x28  Code  Gb  transport_util.obj [4]
transp_init             0x00055661   0x2c  Code  Gb  transport_util.obj [4]
transp_parseHdr         0x000629d3   0x3e  Code  Gb  transport.obj [4]
transp_pkCopy           0x000556fd    0x4  Code  Gb  transport_util.obj [4]
transp_rxProc           0x00062845   0xe8  Code  Gb  transport.obj [4]
transp_stats            0x200095dc    0x4  Data  Gb  transport.obj [4]
transp_txProc           0x00062931   0xa2  Code  Gb  transport.obj [4]
transp_v                0x20009270   0x1c  Data  Gb  transport_util.obj [4]
tune20Mhz_p             0x000626fd   0x3c  Code  Gb  radio_utils.obj [4]
txPkRing                0x200094bc    0x4  Data  Gb  tengine.obj [4]
txPkRingBuf             0x200094c0    0x4  Data  Gb  tengine.obj [4]
tx_p                    0x0004c939   0x9a  Code  Lc  radio_drv.obj [4]
uartTaskStk             0x200049d0  0x300  Data  Lc  uart_drv.obj [4]
uartTaskStk             0x20004ef0  0x300  Data  Lc  uart_raw_drv.obj [4]
uart_checkFragStatus    0x00046af5    0xc  Code  Gb  uart.obj [4]
uart_cli_bufCopyToTxBuf
                        0x00048d0d   0xb0  Code  Lc  uart_cli.obj [4]
uart_cli_bytesAvailInTxBuf
                        0x00048ccd   0x40  Code  Gb  uart_cli.obj [4]
uart_cli_getPort        0x00048e69    0x8  Code  Gb  uart_cli.obj [4]
uart_cli_init           0x00048b99   0x92  Code  Gb  uart_cli.obj [4]
uart_cli_tx             0x00048c2b   0x4a  Code  Gb  uart_cli.obj [4]
uart_cli_v              0x200051fc  0x120  Data  Gb  uart_cli.obj [4]
uart_cli_write          0x00048dbd   0xac  Code  Gb  uart_cli.obj [4]
uart_ctsToRxTimeouts    0x00046e80    0xc  Data  Gb  uart.obj [4]
uart_dmaInit            0x00046819  0x10c  Code  Lc  uart.obj [4]
uart_drv_close          0x0004d1cd   0x1c  Code  Gb  uart_drv.obj [4]
uart_drv_init           0x0004d091   0x12  Code  Gb  uart_drv.obj [4]
uart_drv_ioctl          0x0004d465   0xc8  Code  Gb  uart_drv.obj [4]
uart_drv_open           0x0004d0a3  0x12a  Code  Gb  uart_drv.obj [4]
uart_drv_rxEvent        0x0004d285  0x196  Code  Lc  uart_drv.obj [4]
uart_drv_txDone         0x0004d41d   0x46  Code  Lc  uart_drv.obj [4]
uart_drv_txTask         0x0004d1e9   0x9c  Code  Lc  uart_drv.obj [4]
uart_drv_v              0x20004808  0x1c8  Data  Gb  uart_drv.obj [4]
uart_eopToRtsTimeouts   0x00046e8c    0xc  Data  Gb  uart.obj [4]
uart_feedRx             0x00046b01   0x42  Code  Gb  uart.obj [4]
uart_getBaudRate        0x00046e05    0x6  Code  Gb  uart.obj [4]
uart_getClkDivider      0x00046c49    0xa  Code  Gb  uart.obj [4]
uart_getTimeoutVal      0x00046c53   0x22  Code  Gb  uart.obj [4]
uart_ibTimeouts         0x00046e68    0xc  Data  Gb  uart.obj [4]
uart_init               0x00046925  0x13c  Code  Gb  uart.obj [4]
uart_invalidateLateFeed
                        0x00046dd3   0x32  Code  Gb  uart.obj [4]
uart_ioconfig           0x00046a61   0x32  Code  Gb  uart.obj [4]
uart_isBaudRateValid    0x00046d81   0x40  Code  Gb  uart.obj [4]
uart_isReceiving        0x00046dc1   0x12  Code  Gb  uart.obj [4]
uart_modeSettings       0x00046e50   0x18  Data  Gb  uart.obj [4]
uart_raw_dmaInit        0x000669ab  0x106  Code  Lc  uart_raw.obj [4]
uart_raw_drv_close      0x00066e77    0x6  Code  Gb  uart_raw_drv.obj [4]
uart_raw_drv_ioctl      0x00066ff1   0x78  Code  Gb  uart_raw_drv.obj [4]
uart_raw_drv_open       0x00066d41  0x136  Code  Gb  uart_raw_drv.obj [4]
uart_raw_drv_rxEvent    0x00066f09   0xc0  Code  Lc  uart_raw_drv.obj [4]
uart_raw_drv_txDone     0x00066fc9   0x28  Code  Lc  uart_raw_drv.obj [4]
uart_raw_drv_txTask     0x00066e7d   0x8a  Code  Lc  uart_raw_drv.obj [4]
uart_raw_drv_v          0x20004cd0  0x220  Data  Gb  uart_raw_drv.obj [4]
uart_raw_feedRx         0x00066bdf   0x3e  Code  Gb  uart_raw.obj [4]
uart_raw_getTimeoutVal  0x00066945   0x26  Code  Gb  uart_raw.obj [4]
uart_raw_init           0x00066ab1   0xda  Code  Gb  uart_raw.obj [4]
uart_raw_isBaudRateValid
                        0x0006696b   0x40  Code  Gb  uart_raw.obj [4]
uart_raw_read           0x00066bbf   0x20  Code  Gb  uart_raw.obj [4]
uart_raw_rxIsr          0x00066c65   0x30  Code  Lc  uart_raw.obj [4]
uart_raw_setBaudRate    0x00066c95   0x58  Code  Gb  uart_raw.obj [4]
uart_raw_setTout        0x00066ced   0x2a  Code  Gb  uart_raw.obj [4]
uart_raw_tx             0x00066b8b   0x34  Code  Gb  uart_raw.obj [4]
uart_raw_txIsr          0x00066c21   0x42  Code  Lc  uart_raw.obj [4]
uart_raw_v              0x20005f34   0xa4  Data  Gb  uart_raw.obj [4]
uart_read               0x00046ac9   0x2a  Code  Gb  uart.obj [4]
uart_resetRx            0x00046e0b   0x10  Code  Gb  uart.obj [4]
uart_rtsToCtsTimeouts   0x00046e74    0xc  Data  Gb  uart.obj [4]
uart_rxIsr              0x00046bb1   0x5c  Code  Gb  uart.obj [4]
uart_setBaudRate        0x00046c75   0x30  Code  Gb  uart.obj [4]
uart_setCtsOut          0x00046c35   0x14  Code  Gb  uart.obj [4]
uart_setCtsOutMode      0x00046c0d   0x14  Code  Gb  uart.obj [4]
uart_setRtsOut          0x00046c21   0x14  Code  Gb  uart.obj [4]
uart_setTout            0x00046ca5   0x9e  Code  Gb  uart.obj [4]
uart_shutdown           0x00046d43   0x3e  Code  Gb  uart.obj [4]
uart_tx                 0x00046a93   0x36  Code  Gb  uart.obj [4]
uart_txIsr              0x00046b45   0x6a  Code  Gb  uart.obj [4]
uart_txToCtsTimeouts    0x00046e98    0xc  Data  Gb  uart.obj [4]
uart_v                  0x20004618   0x48  Data  Gb  uart.obj [4]
uartc_dmaTx             0x000473e7   0x52  Code  Gb  uartc.obj [4]
uartc_dmaTxDoneEvent    0x00048c75   0x52  Code  Gb  uart_cli.obj [4]
uartc_getRegBase        0x000474ed   0x12  Code  Gb  uartc.obj [4]
uartc_init              0x000471c9  0x146  Code  Gb  uartc.obj [4]
uartc_receiveEvent      0x00048cc9    0x4  Code  Gb  uart_cli.obj [4]
uartc_registerDmaTxDoneHandler
                        0x000473d7   0x10  Code  Gb  uartc.obj [4]
uartc_rxIsr             0x000473a9   0x2e  Code  Gb  uartc.obj [4]
uartc_rxIsr0            0x0004752d    0xe  Code  Gb  uartc.obj [4]
uartc_rxIsr1            0x0004753d    0xe  Code  Gb  uartc.obj [4]
uartc_setBaudRate       0x000474b9   0x34  Code  Gb  uartc.obj [4]
uartc_txAndWait         0x00047439   0x80  Code  Gb  uartc.obj [4]
uartc_txIsr             0x0004730f   0x9a  Code  Gb  uartc.obj [4]
uartc_txIsr0            0x0004750d    0xa  Code  Gb  uartc.obj [4]
uartc_txIsr1            0x00047519    0x8  Code  Gb  uartc.obj [4]
uartc_v                 0x20004660   0xa8  Data  Gb  uartc.obj [4]
uclk_adjFreq            0x0004b287   0x96  Code  Gb  pmu.obj [4]
uclk_measFreq           0x0004b241   0x46  Code  Gb  pmu.obj [4]
uclk_tune               0x0004b0b9  0x188  Code  Gb  pmu.obj [4]
udp_calcHdrSize         0x00062f07   0x64  Code  Gb  udp.obj [4]
udp_composeHdr          0x00062e23   0xe4  Code  Gb  udp.obj [4]
udp_parseHdr            0x00062d6d   0xb6  Code  Gb  udp.obj [4]
udp_rx                  0x00055551   0x8a  Code  Gb  socket.obj [4]
uncompressWriting       0x00063d81   0x82  Code  Lc  cmd_otap.obj [4]
unknownIsr_handler      0x000c9705         Code  Gb  fault_a.obj [4]
unknownIsr_handlerC     0x00068e6f   0x34  Code  Gb  fault_c.obj [4]
unlock_p                0x0004cb8d    0x8  Code  Lc  radio_drv.obj [4]
usocket_bind            0x00055493   0x80  Code  Gb  socket.obj [4]
usocket_close           0x00055433   0x60  Code  Gb  socket.obj [4]
usocket_getByIdx        0x000552e7    0x8  Code  Gb  socket.obj [4]
usocket_getBySocketId   0x0005537b   0x28  Code  Gb  socket.obj [4]
usocket_initSockets     0x00055321   0x5a  Code  Gb  socket.obj [4]
usocket_isFree          0x000552e5    0x2  Code  Lc  socket.obj [4]
usocket_isMatchPort     0x000552ef   0x12  Code  Lc  socket.obj [4]
usocket_isMatchSocketId
                        0x00055301   0x12  Code  Lc  socket.obj [4]
usocket_isSocketAvail   0x00055313    0x2  Code  Lc  socket.obj [4]
usocket_open            0x000553a3   0x90  Code  Gb  socket.obj [4]
usocket_sendto          0x00055513   0x38  Code  Gb  socket.obj [4]
usocket_v               0x2000928c   0x48  Data  Gb  socket.obj [4]
utils_ASN_40to64        0x0004ac19   0x22  Code  Gb  utils.obj [4]
utils_ASN_64to40        0x0004ac3b   0x18  Code  Gb  utils.obj [4]
utils_asnToUtc          0x0004ac53   0x5a  Code  Gb  utils.obj [4]
utils_binToHex          0x0004ad0f   0xa4  Code  Gb  utils.obj [4]
utils_dnerr2str         0x0004ae93   0x2c  Code  Gb  utils.obj [4]
utils_hexStr2Bin        0x0004adc5   0xce  Code  Gb  utils.obj [4]
utils_incrUint16        0x0004acdd   0x32  Code  Gb  utils.obj [4]
utils_incrUint8         0x0004acad   0x30  Code  Gb  utils.obj [4]
utils_macToStr          0x0004adb3   0x12  Code  Gb  utils.obj [4]
utils_usec_to_ticks     0x0004aebf   0x12  Code  Gb  utils.obj [4]
vsnprintf               0x00047555   0x3c  Code  Gb  vsnprint.o [3]
wd_getResetStatus       0x0004d945    0x4  Code  Gb  wd.obj [4]
wd_init                 0x0004d85d   0x58  Code  Gb  wd.obj [4]
wd_locVar_v             0x20005d64   0x44  Data  Lc  wd.obj [4]
wd_timer_tick_p         0x0004d8b5   0x86  Code  Lc  wd.obj [4]


[1] = C:\MackSystems\software\mote\onchipsdk\projects\iar\00-hello\Debug\Obj
[2] = command line
[3] = dl7M_tln.a
[4] = libip_stack.a
[5] = libucos_full.a
[6] = m7M_tl.a
[7] = rt7M_tl.a

  166 906 bytes of readonly  code memory
    6 008 bytes of readwrite code memory
    8 810 bytes of readonly  data memory
   38 377 bytes of readwrite data memory

Errors: none
Warnings: 1
