###############################################################################
#
# IAR ANSI C/C++ Compiler V8.20.2.14835/W32 for ARM       04/Jan/2018  20:16:47
# Copyright 1999-2017 IAR Systems AB.
#
#    Cpu mode     =  thumb
#    Endian       =  little
#    Source file  =  
#        C:\MackSystems\software\mote\onchipsdk\src\app\DanRockwell\src\display.c
#    Command line =  
#        -f C:\Users\Dan\AppData\Local\Temp\EWBD5A.tmp
#        (C:\MackSystems\software\mote\onchipsdk\src\app\DanRockwell\src\display.c
#        -lcN
#        C:\MackSystems\software\mote\onchipsdk\projects\iar\DanRockwell\Debug\List
#        -o
#        C:\MackSystems\software\mote\onchipsdk\projects\iar\DanRockwell\Debug\Obj
#        --debug --endian=little --cpu=Cortex-M3 --enum_is_int --no_wchar -e
#        --fpu=None --dlib_config "C:\Program Files (x86)\IAR Systems\Embedded
#        Workbench 8.0\arm\INC\c\DLib_Config_Normal.h" --preinclude
#        C:\MackSystems\software\mote\onchipsdk\projects\iar\DanRockwell\..\all_projects.iarinc
#        -I
#        C:\MackSystems\software\mote\onchipsdk\projects\iar\DanRockwell\..\..\..\src\app\DanRockwell\src\
#        -I
#        C:\MackSystems\software\mote\onchipsdk\projects\iar\DanRockwell\..\..\..\src\app\DanRockwell\inc\
#        -I
#        C:\MackSystems\software\mote\onchipsdk\projects\iar\DanRockwell\..\..\..\src\app\common\
#        -I
#        C:\MackSystems\software\mote\onchipsdk\projects\iar\DanRockwell\..\..\..\src\inc\
#        -I
#        C:\MackSystems\software\mote\onchipsdk\projects\iar\DanRockwell\..\..\..\src\modules\clilib\
#        -I
#        C:\MackSystems\software\mote\onchipsdk\projects\iar\DanRockwell\..\..\..\src\modules\ip_applib\
#        -Ohz)
#    Locale       =  C
#    List file    =  
#        C:\MackSystems\software\mote\onchipsdk\projects\iar\DanRockwell\Debug\List\display.lst
#    Object file  =  
#        C:\MackSystems\software\mote\onchipsdk\projects\iar\DanRockwell\Debug\Obj\display.o
#
###############################################################################



 

 


Errors: none
Warnings: none
