###############################################################################
#
# IAR ELF Linker V8.20.2.14835/W32 for ARM                04/Jan/2018  20:16:50
# Copyright 2007-2017 IAR Systems AB.
#
#    Output file  =  
#        C:\MackSystems\software\mote\onchipsdk\projects\iar\DanRockwell\Debug\Exe\mote.out
#    Map file     =  
#        C:\MackSystems\software\mote\onchipsdk\projects\iar\DanRockwell\Debug\List\mote.map
#    Command line =  
#        -f C:\Users\Dan\AppData\Local\Temp\EWC6DF.tmp
#        (C:\MackSystems\software\mote\onchipsdk\projects\iar\DanRockwell\Debug\Obj\alarm.o
#        C:\MackSystems\software\mote\onchipsdk\projects\iar\DanRockwell\Debug\Obj\battery.o
#        C:\MackSystems\software\mote\onchipsdk\projects\iar\DanRockwell\Debug\Obj\calibration.o
#        C:\MackSystems\software\mote\onchipsdk\projects\iar\DanRockwell\Debug\Obj\cli_task.o
#        C:\MackSystems\software\mote\onchipsdk\projects\iar\DanRockwell\Debug\Obj\config.o
#        C:\MackSystems\software\mote\onchipsdk\projects\iar\DanRockwell\Debug\Obj\debug.o
#        C:\MackSystems\software\mote\onchipsdk\projects\iar\DanRockwell\Debug\Obj\display.o
#        C:\MackSystems\software\mote\onchipsdk\projects\iar\DanRockwell\Debug\Obj\dnm_local.o
#        C:\MackSystems\software\mote\onchipsdk\projects\iar\DanRockwell\Debug\Obj\dnm_rate_ctrl.o
#        C:\MackSystems\software\mote\onchipsdk\projects\iar\DanRockwell\Debug\Obj\dnm_service.o
#        C:\MackSystems\software\mote\onchipsdk\projects\iar\DanRockwell\Debug\Obj\dnm_ucli.o
#        C:\MackSystems\software\mote\onchipsdk\projects\iar\DanRockwell\Debug\Obj\flash.o
#        C:\MackSystems\software\mote\onchipsdk\projects\iar\DanRockwell\Debug\Obj\fwupdate.o
#        C:\MackSystems\software\mote\onchipsdk\projects\iar\DanRockwell\Debug\Obj\gpio.o
#        C:\MackSystems\software\mote\onchipsdk\projects\iar\DanRockwell\Debug\Obj\initsys.o
#        C:\MackSystems\software\mote\onchipsdk\src\lib\libip_stack.a
#        C:\MackSystems\software\mote\onchipsdk\src\lib\libucos_full.a
#        C:\MackSystems\software\mote\onchipsdk\projects\iar\DanRockwell\Debug\Obj\loc_task.o
#        C:\MackSystems\software\mote\onchipsdk\projects\iar\DanRockwell\Debug\Obj\ltc2984.o
#        C:\MackSystems\software\mote\onchipsdk\projects\iar\DanRockwell\Debug\Obj\moteapp.o
#        C:\MackSystems\software\mote\onchipsdk\projects\iar\DanRockwell\Debug\Obj\radio.o
#        C:\MackSystems\software\mote\onchipsdk\projects\iar\DanRockwell\Debug\Obj\report.o
#        C:\MackSystems\software\mote\onchipsdk\projects\iar\DanRockwell\Debug\Obj\security.o
#        C:\MackSystems\software\mote\onchipsdk\projects\iar\DanRockwell\Debug\Obj\spi.o
#        C:\MackSystems\software\mote\onchipsdk\projects\iar\DanRockwell\Debug\Obj\spline.o
#        C:\MackSystems\software\mote\onchipsdk\projects\iar\DanRockwell\Debug\Obj\temperature.o
#        C:\MackSystems\software\mote\onchipsdk\projects\iar\DanRockwell\Debug\Obj\time.o
#        -o
#        C:\MackSystems\software\mote\onchipsdk\projects\iar\DanRockwell\Debug\Exe\mote.out
#        --redirect _Printf=_PrintfFullNoMb --redirect _Scanf=_ScanfFullNoMb
#        --config_def use_loader=1 --map
#        C:\MackSystems\software\mote\onchipsdk\projects\iar\DanRockwell\Debug\List\mote.map
#        --config
#        C:\MackSystems\software\mote\onchipsdk\projects\iar\DanRockwell\..\..\..\tools\linker_configuration\Eterna.icf
#        --semihosting --entry __reset_handler --vfe --text_out locale)
#
###############################################################################

*******************************************************************************
*** MESSAGES
***

Warning[Lt009]: Inconsistent wchar_t size
            ucos_ii.obj(libucos_full.a) and 251 other objects in 250 different
                      libraries have wchar_t size 16 bits
            heaptramp0.o(dl7M_tln.a) and 26 other objects in 9 different
                      libraries have wchar_t size 32 bits


*******************************************************************************
*** RUNTIME MODEL ATTRIBUTES
***

CppFlavor       = *
__Heap_Handler  = DLMalloc
__SystemLibrary = DLib
__dlib_version  = 6


*******************************************************************************
*** HEAP SELECTION
***

The advanced heap was selected because the application calls memory
allocation functions outside of system library functions, and there
are calls to deallocation functions in the application.


*******************************************************************************
*** PLACEMENT SUMMARY
***

"P1":  place in [from 0x00041020 to 0x0007ffff] { ro section .intvec };
"P3":  place in [from 0x00041020 to 0x0007ffff] { ro };
"A0":  place at start of [from 0x00041020 to 0x0007ffff] {
          section .reset_start };
"A1":  place at start of [from 0x00041000 to 0x0004101f] {
          section .kernel_exe_hdr };
"P4":  place in [from 0x000c8000 to 0x000c9fff] { section .code_ram };
"A2":  place at end of [from 0x20000000 to 0x2000ffff] { section .heap_end };
define block CSTACK with size = 2K, alignment = 4 { };
define block SRAM_D
   with fixed order {
      section .ram_vectors, block CSTACK, rw, section .heap_start };
"P5":  place in [from 0x20000000 to 0x2000ffff] { block SRAM_D };
do not initialize { section .noinit };
do not initialize { section .ram_vectors };
initialize by copy with packing = copy, complex ranges { rw };
initialize by copy with packing = copy, complex ranges { section .code_ram };

No sections matched the following patterns:

  section .fuse  in "P2"


  Section                 Kind        Address     Size  Object
  -------                 ----        -------     ----  ------
"A1":                                             0x20
  .kernel_exe_hdr         const    0x00041000     0x20  initsys.o [1]
                                 - 0x00041020     0x20

"A0":                                             0x10
  .reset_start            ro code  0x00041020     0x10  reset.obj [4]
                                 - 0x00041030     0x10

"P1|P3":                                       0x31060
  .text                   ro code  0x00041030   0x2990  radio.obj [4]
  .text                   ro code  0x000439c0    0x138  assert.obj [4]
  .text                   ro code  0x00043af8    0x890  timer_sched.obj [4]
  .text                   ro code  0x00044388    0x4c0  k_cli.obj [4]
  .text                   ro code  0x00044848     0xe8  mem.obj [4]
  .text                   ro code  0x00044930      0x6  ABImemclr.o [7]
  .text                   ro code  0x00044936     0x22  cmd_paramPwrCostInfo.obj [4]
  .text                   ro code  0x00044958    0x2c0  dma.obj [4]
  .text                   ro code  0x00044c18     0x34  ioconfig.obj [4]
  .text                   ro code  0x00044c4c    0x1a2  nvic.obj [4]
  .text                   ro code  0x00044dee     0x1a  xsnprout.o [3]
  .text                   ro code  0x00044e08      0x6  ABImemclr4.o [7]
  .rodata                 const    0x00044e0e      0x2  os_dbg.obj [5]
  CODE                    ro code  0x00044e10     0xa0  os_cpu_a.obj [5]
  .text                   ro code  0x00044eb0    0x7a8  clkcomp.obj [4]
  .text                   ro code  0x00045658    0x5c0  dn_os_tmr.obj [4]
  .text                   ro code  0x00045c18    0x570  adc_controller.obj [4]
  .text                   ro code  0x00046188    0x1a0  flash_info.obj [4]
  .text                   ro code  0x00046328    0x272  I64DivMod.o [7]
  .rodata                 const    0x0004659a      0x2  os_dbg.obj [5]
  .text                   ro code  0x0004659c    0x388  kernel_monitor.obj [4]
  .text                   ro code  0x00046924     0x34  fuse_table.obj [4]
  .text                   ro code  0x00046958    0x68c  uart.obj [4]
  .text                   ro code  0x00046fe4     0xa8  kernel.obj [4]
  .text                   ro code  0x0004708c     0x44  snprintf.o [3]
  .text                   ro code  0x000470d0    0x238  llog.obj [4]
  .text                   ro code  0x00047308    0x38c  uartc.obj [4]
  .text                   ro code  0x00047694     0x3c  vsnprint.o [3]
  .text                   ro code  0x000476d0   0x14b4  ucos_ii.obj [5]
  .text                   ro code  0x00048b84     0x70  strncpy.o [7]
  .text                   ro code  0x00048bf4     0xe4  ext_bus.obj [4]
  .text                   ro code  0x00048cd8    0x2ec  uart_cli.obj [4]
  .text                   ro code  0x00048fc4     0x84  ring.obj [4]
  .text                   ro code  0x00049048    0x200  main.obj [4]
  .text                   ro code  0x00049248      0x4  mem_drv.obj [4]
  .text                   ro code  0x0004924c     0x36  strlen.o [7]
  .rodata                 const    0x00049282      0x2  os_dbg.obj [5]
  .text                   ro code  0x00049284     0x4a  strcmp.o [7]
  .rodata                 const    0x000492ce      0x2  os_dbg.obj [5]
  .text                   ro code  0x000492d0    0x6e4  dn_channel.obj [4]
  .text                   ro code  0x000499b4     0x66  ABImemset.o [7]
  .rodata                 const    0x00049a1a      0x2  os_dbg.obj [5]
  .text                   ro code  0x00049a1c     0xa6  ABImemcpy.o [7]
  .rodata                 const    0x00049ac2      0x2  os_dbg.obj [5]
  .text                   ro code  0x00049ac4     0x3a  ABImemset48.o [7]
  .rodata                 const    0x00049afe      0x2  os_dbg.obj [5]
  .text                   ro code  0x00049b00    0x880  mac.obj [4]
  .text                   ro code  0x0004a380    0x2e0  netpll.obj [4]
  .text                   ro code  0x0004a660    0x29c  timer.obj [4]
  .text                   ro code  0x0004a8fc    0x45c  adc_drv.obj [4]
  .text                   ro code  0x0004ad58    0x37c  utils.obj [4]
  .text                   ro code  0x0004b0d4     0x44  hw_dbg.obj [4]
  .text                   ro code  0x0004b118    0x5c8  pmu.obj [4]
  .text                   ro code  0x0004b6e0     0xb4  block_op.obj [4]
  .text                   ro code  0x0004b794      0x2  I64DivZer.o [7]
  .rodata                 const    0x0004b796      0x2  os_dbg.obj [5]
  .text                   ro code  0x0004b798    0x1c4  security_drv_selftest.obj [4]
  .text                   ro code  0x0004b95c    0xdec  fs_utils.obj [4]
  .text                   ro code  0x0004c748     0x12  pps_clk.obj [4]
  .rodata                 const    0x0004c75a      0x2  os_dbg.obj [5]
  .text                   ro code  0x0004c75c    0x588  radio_drv.obj [4]
  .text                   ro code  0x0004cce4    0x128  mote.obj [4]
  .text                   ro code  0x0004ce0c     0x3a  initsys.o [1]
  .text                   ro code  0x0004ce46      0x2  nucleus.obj [4]
  .text                   ro code  0x0004ce48     0x7e  random2.obj [4]
  .rodata                 const    0x0004cec6      0x2  os_dbg.obj [5]
  .text                   ro code  0x0004cec8    0x24c  dn_time.obj [4]
  .text                   ro code  0x0004d114    0x4b8  uart_drv.obj [4]
  .text                   ro code  0x0004d5cc    0x314  gpio_drv.obj [4]
  .text                   ro code  0x0004d8e0    0x11c  wd.obj [4]
  .text                   ro code  0x0004d9fc    0x3bc  flash_drv.obj [4]
  .text                   ro code  0x0004ddb8    0x3b8  security_drv.obj [4]
  .text                   ro code  0x0004e170     0xb4  bops_drv.obj [4]
  .text                   ro code  0x0004e224    0xe1e  xprintffull_nomb.o [3]
  .rodata                 const    0x0004f042      0x2  os_dbg.obj [5]
  Veneer                  ro code  0x0004f044      0x8  - Linker created -
  .text                   ro code  0x0004f04c    0x2c4  flash.obj [4]
  .text                   ro code  0x0004f310    0x110  hwinfo_drv.obj [4]
  .text                   ro code  0x0004f420     0x98  os_cpu_c.obj [5]
  .text                   ro code  0x0004f4b8      0x2  os_dbg.obj [5]
  .rodata                 const    0x0004f4ba      0x2  os_dbg.obj [5]
  .text                   ro code  0x0004f4bc    0x1fc  cal_struct.obj [4]
  .text                   ro code  0x0004f6b8     0x44  pwm32k.obj [4]
  .text                   ro code  0x0004f6fc     0x44  charge.obj [4]
  .text                   ro code  0x0004f740    0x5f0  aes_hw.obj [4]
  .text                   ro code  0x0004fd30     0x54  mpu.obj [4]
  .text                   ro code  0x0004fd84     0xd6  memtest.obj [4]
  .text                   ro code  0x0004fe5a     0x9a  ext_bus_mem.obj [4]
  .text                   ro code  0x0004fef4     0xb4  mac_pk.obj [4]
  .text                   ro code  0x0004ffa8    0x9b8  mac_join.obj [4]
  .text                   ro code  0x00050960    0x9e0  lmac.obj [4]
  .text                   ro code  0x00051340    0x4ae  mac_frame.obj [4]
  .rodata                 const    0x000517ee      0x2  os_dbg.obj [5]
  .text                   ro code  0x000517f0    0x5dc  mac_link.obj [4]
  .text                   ro code  0x00051dcc    0x4e8  mac_neighb.obj [4]
  .text                   ro code  0x000522b4    0x120  mac_graph.obj [4]
  .text                   ro code  0x000523d4    0x130  mac_dscv.obj [4]
  .text                   ro code  0x00052504    0x15c  mac_duplicate.obj [4]
  .text                   ro code  0x00052660      0x6  mac_ap_parents.obj [4]
  .rodata                 const    0x00052666      0x2  os_dbg.obj [5]
  .text                   ro code  0x00052668    0xc50  mac_api.obj [4]
  .text                   ro code  0x000532b8     0xd8  membuf.obj [4]
  .text                   ro code  0x00053390    0x10c  arr.obj [4]
  .text                   ro code  0x0005349c    0x3e4  lmac_linkseq_util.obj [4]
  .text                   ro code  0x00053880    0x228  mac_proc_adv.obj [4]
  .text                   ro code  0x00053aa8     0xd0  ilist.obj [4]
  .text                   ro code  0x00053b78     0x64  llist.obj [4]
  .text                   ro code  0x00053bdc     0x68  memcmp.o [7]
  .text                   ro code  0x00053c44     0x28  strncmp.o [3]
  .text                   ro code  0x00053c6c    0x264  fcs.obj [4]
  .text                   ro code  0x00053ed0    0x1cc  dev_info.obj [4]
  .text                   ro code  0x0005409c    0x3b8  blink.obj [4]
  .text                   ro code  0x00054454    0x958  join.obj [4]
  .text                   ro code  0x00054dac    0x1b8  time_info.obj [4]
  .text                   ro code  0x00054f64    0x834  mote_cli.obj [4]
  .text                   ro code  0x00055798    0x524  mote_monitor.obj [4]
  .text                   ro code  0x00055cbc    0x37c  socket.obj [4]
  .text                   ro code  0x00056038     0xb4  transport_util.obj [4]
  .text                   ro code  0x000560ec    0x660  security.obj [4]
  .text                   ro code  0x0005674c    0x1ac  route.obj [4]
  .text                   ro code  0x000568f8    0x220  service.obj [4]
  .text                   ro code  0x00056b18     0x38  net_util.obj [4]
  .text                   ro code  0x00056b50     0x48  net_cfg.obj [4]
  .text                   ro code  0x00056b98     0xd0  net_pk.obj [4]
  .text                   ro code  0x00056c68    0x110  net_queue.obj [4]
  .text                   ro code  0x00056d78    0x950  net_mac.obj [4]
  .text                   ro code  0x000576c8    0x820  loc_intf.obj [4]
  .text                   ro code  0x00057ee8    0x1c8  event.obj [4]
  .text                   ro code  0x000580b0     0xac  alarms.obj [4]
  .text                   ro code  0x0005815c    0x6d0  report.obj [4]
  .text                   ro code  0x0005882c      0x2  rel_notif.obj [4]
  .rodata                 const    0x0005882e      0x2  os_dbg.obj [5]
  .text                   ro code  0x00058830    0x644  dn_system.obj [4]
  .text                   ro code  0x00058e74    0x47c  dnm_cli_util.obj [4]
  .text                   ro code  0x000592f0     0x4c  debug.o [1]
  .text                   ro code  0x0005933c    0x3e8  flash.o [1]
  .text                   ro code  0x00059724    0x1b4  config.o [1]
  .text                   ro code  0x000598d8    0x2a8  calibration.o [1]
  .text                   ro code  0x00059b80    0x2b4  gpio.o [1]
  .text                   ro code  0x00059e34    0x34c  spi.o [1]
  .text                   ro code  0x0005a180    0x6f4  ltc2984.o [1]
  .text                   ro code  0x0005a874    0x26c  battery.o [1]
  .text                   ro code  0x0005aae0     0xa0  time.o [1]
  .text                   ro code  0x0005ab80    0x2ec  alarm.o [1]
  .text                   ro code  0x0005ae6c     0xd8  report.o [1]
  .text                   ro code  0x0005af44    0x728  radio.o [1]
  .text                   ro code  0x0005b66c    0x1a8  moteapp.o [1]
  .text                   ro code  0x0005b814    0x110  settime.obj [4]
  .text                   ro code  0x0005b924      0x8  ext_clk.obj [4]
  .text                   ro code  0x0005b92c      0x4  int_clk.obj [4]
  .text                   ro code  0x0005b930     0x84  gpio.obj [4]
  .text                   ro code  0x0005b9b4     0x7c  gpio_radio_inhibit.obj [4]
  .text                   ro code  0x0005ba30      0xc  flash_drv_par.obj [4]
  .text                   ro code  0x0005ba3c     0x16  strchr.o [7]
  .rodata                 const    0x0005ba52      0x2  os_dbg.obj [5]
  .text                   ro code  0x0005ba54     0x44  xfail_s.o [3]
  .text                   ro code  0x0005ba98     0x58  memchr.o [7]
  .text                   ro code  0x0005baf0    0x1a2  DblMul.o [6]
  .rodata                 const    0x0005bc92      0x2  os_dbg.obj [5]
  .text                   ro code  0x0005bc94     0x70  frexp.o [6]
  .text                   ro code  0x0005bd04     0x2e  DblCmpLe.o [6]
  .rodata                 const    0x0005bd32      0x2  os_dbg.obj [5]
  .text                   ro code  0x0005bd34     0x2e  DblCmpGe.o [6]
  .rodata                 const    0x0005bd62      0x2  os_dbg.obj [5]
  .text                   ro code  0x0005bd64    0x13a  ldexp.o [6]
  .rodata                 const    0x0005be9e      0x2  os_dbg.obj [5]
  .text                   ro code  0x0005bea0     0x3a  DblToS32.o [6]
  .rodata                 const    0x0005beda      0x2  os_dbg.obj [5]
  .text                   ro code  0x0005bedc     0x22  S32ToDbl.o [6]
  .rodata                 const    0x0005befe      0x2  os_dbg.obj [5]
  .text                   ro code  0x0005bf00     0xe2  DblSub.o [6]
  .rodata                 const    0x0005bfe2      0x2  os_dbg.obj [5]
  .text                   ro code  0x0005bfe4    0x246  DblDiv.o [6]
  .rodata                 const    0x0005c22a      0x2  os_dbg.obj [5]
  .text                   ro code  0x0005c22c     0x28  DblToU32.o [6]
  .text                   ro code  0x0005c254     0x1a  U32ToDbl.o [6]
  .text                   ro code  0x0005c26e     0x10  flash_charge.obj [4]
  .rodata                 const    0x0005c27e      0x2  os_dbg.obj [5]
  .text                   ro code  0x0005c280      0x8  os_hooks.obj [4]
  .text                   ro code  0x0005c288    0x344  mac_net.obj [4]
  .text                   ro code  0x0005c5cc    0x11c  mac_asn.obj [4]
  .text                   ro code  0x0005c6e8    0x118  mac_conn.obj [4]
  .text                   ro code  0x0005c800     0x5c  mac_aux.obj [4]
  .text                   ro code  0x0005c85c    0x660  tengine.obj [4]
  .text                   ro code  0x0005cebc     0xe8  lmac_notif.obj [4]
  .text                   ro code  0x0005cfa4     0xac  lmac_pk.obj [4]
  .text                   ro code  0x0005d050    0x6fc  lmac_linkseq.obj [4]
  .text                   ro code  0x0005d74c    0x260  lmac_adv.obj [4]
  .text                   ro code  0x0005d9ac   0x1930  tengine_sched.obj [4]
  .text                   ro code  0x0005f2dc    0x100  mac_lmacintf.obj [4]
  .text                   ro code  0x0005f3dc    0xadc  tengine_header.obj [4]
  .text                   ro code  0x0005feb8    0x118  ilist16.obj [4]
  .text                   ro code  0x0005ffd0     0x22  I64Shl.o [7]
  .rodata                 const    0x0005fff2      0x2  os_dbg.obj [5]
  .text                   ro code  0x0005fff4    0x5d8  ip_cfg.obj [4]
  .text                   ro code  0x000605cc    0x720  mac_intf.obj [4]
  .text                   ro code  0x00060cec    0x7bc  config.obj [4]
  .text                   ro code  0x000614a8      0xa  loc_ap.obj [4]
  .rodata                 const    0x000614b2      0x2  os_dbg.obj [5]
  .text                   ro code  0x000614b4     0x1e  U64Shr.o [7]
  .rodata                 const    0x000614d2      0x2  os_dbg.obj [5]
  .text                   ro code  0x000614d4    0x250  dnm_cli.obj [4]
  .text                   ro code  0x00061724    0x920  net_cli.obj [4]
  .text                   ro code  0x00062044   0x173c  pktrace.obj [4]
  .text                   ro code  0x00063780    0x538  net.obj [4]
  .text                   ro code  0x00063cb8     0x8c  security_cntr.obj [4]
  .text                   ro code  0x00063d44    0x44c  notif.obj [4]
  .text                   ro code  0x00064190     0xb0  rlock.obj [4]
  .text                   ro code  0x00064240    0x284  mesh.obj [4]
  .text                   ro code  0x000644c4    0x138  cmd_local.obj [4]
  .text                   ro code  0x000645fc     0x48  ip_util.obj [4]
  .text                   ro code  0x00064644    0x268  cli_task.o [1]
  .text                   ro code  0x000648ac    0x288  dnm_ucli.o [1]
  .text                   ro code  0x00064b34      0x4  heaptramp0.o [3]
  .text                   ro code  0x00064b38     0x80  FltSub.o [6]
  .text                   ro code  0x00064bb8    0x540  spline.o [1]
  .text                   ro code  0x000650f8     0x24  S32ToFlt.o [6]
  .text                   ro code  0x0006511c     0xd8  FltMul.o [6]
  .text                   ro code  0x000651f4     0xe2  FltAdd.o [6]
  .rodata                 const    0x000652d6      0x2  os_dbg.obj [5]
  .text                   ro code  0x000652d8     0xfc  FltDiv.o [6]
  .text                   ro code  0x000653d4     0x48  FltToDbl.o [6]
  .text                   ro code  0x0006541c     0x1c  U32ToFlt.o [6]
  .text                   ro code  0x00065438    0x178  DblAdd.o [6]
  .text                   ro code  0x000655b0     0x68  DblToFlt.o [6]
  .text                   ro code  0x00065618     0x24  FltCmpLe.o [6]
  .text                   ro code  0x0006563c    0x468  dnm_local.o [1]
  .text                   ro code  0x00065aa4    0x3cc  loc_task.o [1]
  .text                   ro code  0x00065e70      0x6  abort.o [3]
  .rodata                 const    0x00065e76      0x2  os_dbg.obj [5]
  .text                   ro code  0x00065e78    0x65c  tengine_pk.obj [4]
  .text                   ro code  0x000664d4     0xfc  tengine_charge.obj [4]
  .text                   ro code  0x000665d0    0x600  fs_api.obj [4]
  .text                   ro code  0x00066bd0    0x174  iar_Stoulx.o [3]
  .text                   ro code  0x00066d44    0x59c  radio_utils.obj [4]
  .text                   ro code  0x000672e0     0x40  bsearch.o [3]
  .text                   ro code  0x00067320     0x28  strncat.o [3]
  .text                   ro code  0x00067348     0x22  trace_utils.obj [4]
  .rodata                 const    0x0006736a      0x2  os_dbg.obj [5]
  .text                   ro code  0x0006736c    0x228  transport.obj [4]
  .text                   ro code  0x00067594    0x300  ip.obj [4]
  .text                   ro code  0x00067894    0x208  udp.obj [4]
  .text                   ro code  0x00067a9c      0x6  addrmap.obj [4]
  .rodata                 const    0x00067aa2      0x2  os_dbg.obj [5]
  .text                   ro code  0x00067aa4      0xc  os_dn_utils.obj [4]
  .text                   ro code  0x00067ab0    0x398  cmd.obj [4]
  .text                   ro code  0x00067e48   0x1514  dlmalloc.o [3]
  .text                   ro code  0x0006935c     0x1c  FltCmpEq.o [6]
  .text                   ro code  0x00069378     0x14  exit.o [8]
  .text                   ro code  0x0006938c     0x2c  xgetmemchunk.o [3]
  .text                   ro code  0x000693b8    0xfd8  cmd_otap.obj [4]
  .text                   ro code  0x0006a390    0x10c  lzss.obj [4]
  .text                   ro code  0x0006a49c    0xcd8  lmac_macintf.obj [4]
  .text                   ro code  0x0006b174    0x598  one_wire.obj [4]
  .text                   ro code  0x0006b70c    0x570  net_cli_fs.obj [4]
  .text                   ro code  0x0006bc7c    0x544  spi_drv.obj [4]
  .text                   ro code  0x0006c1c0    0x3d8  spi_master.obj [4]
  .text                   ro code  0x0006c598    0x438  onewire_drv.obj [4]
  .text                   ro code  0x0006c9d0    0x3fc  uart_raw.obj [4]
  .text                   ro code  0x0006cdcc    0x348  uart_raw_drv.obj [4]
  .text                   ro code  0x0006d114    0x330  cmd_net.obj [4]
  .rodata                 const    0x0006d444    0x2f8  pktrace.obj [4]
  .text                   ro code  0x0006d73c    0x2d0  i2c_drv.obj [4]
  .text                   ro code  0x0006da0c    0x1f4  i2c.obj [4]
  .text                   ro code  0x0006dc00    0x258  cmd_param.obj [4]
  .text                   ro code  0x0006de58    0x228  cmd_locRadioTest.obj [4]
  .text                   ro code  0x0006e080    0x21c  cmd_paramPwrSrc.obj [4]
  .rodata                 const    0x0006e29c    0x1fc  mote_cli.obj [4]
  Initializer bytes       const    0x0006e498    0x1d0  <for rw-1>
  .text                   ro code  0x0006e668      0xc  cstartup_M.o [7]
  .text                   ro code  0x0006e674     0x1e  cmain.o [7]
  .text                   ro code  0x0006e692      0x4  low_level_init.o [3]
  .rodata                 const    0x0006e696      0x2  os_dbg.obj [5]
  .text                   ro code  0x0006e698     0x28  data_init.o [7]
  .text                   ro code  0x0006e6c0      0x4  exit.o [3]
  .text                   ro code  0x0006e6c4      0xa  cexit.o [7]
  .rodata                 const    0x0006e6ce      0x2  os_dbg.obj [5]
  .text                   ro code  0x0006e6d0    0x180  pwm.obj [4]
  .rodata                 const    0x0006e850    0x174  utils.obj [4]
  .text                   ro code  0x0006e9c4    0x174  lptimer.obj [4]
  .text                   ro code  0x0006eb38    0x146  cmd_paramTime.obj [4]
  .rodata                 const    0x0006ec7e      0x2  os_dbg.obj [5]
  .rodata                 const    0x0006ec80    0x12c  mac_api.obj [4]
  .rodata                 const    0x0006edac    0x120  ip_cfg.obj [4]
  .text                   ro code  0x0006eecc     0xc8  cli_drv.obj [4]
  .text                   ro code  0x0006ef94     0xc4  fault_c.obj [4]
  .text                   ro code  0x0006f058     0xb8  lptimer_drv.obj [4]
  .text                   ro code  0x0006f110     0xac  cmd_paramCharge.obj [4]
  .text                   ro code  0x0006f1bc     0xa6  cmd_paramAppInfo.obj [4]
  .rodata                 const    0x0006f262      0x2  os_dbg.obj [5]
  .rodata                 const    0x0006f264     0xa4  ltc2984.o [1]
  .text                   ro code  0x0006f308     0xa0  cmd_paramTxPwr.obj [4]
  .text                   ro code  0x0006f3a8     0x7c  cmd_netReadLink.obj [4]
  .text                   ro code  0x0006f424     0x7c  cmd_locSearch.obj [4]
  .text                   ro code  0x0006f4a0     0x7a  cmd_netReadLinkExt.obj [4]
  .text                   ro code  0x0006f51a     0x76  cmd_paramMoteInfo.obj [4]
  .text                   ro code  0x0006f590     0x6e  cmd_paramEventMask.obj [4]
  .rodata                 const    0x0006f5fe      0x2  os_dbg.obj [5]
  .text                   ro code  0x0006f600     0x6c  temp_drv.obj [4]
  .text                   ro code  0x0006f66c     0x6c  cmd_netAddMulLink.obj [4]
  .text                   ro code  0x0006f6d8     0x6c  cmd_netReadSession.obj [4]
  .text                   ro code  0x0006f744     0x6c  cmd_paramMoteStatus.obj [4]
  .text                   ro code  0x0006f7b0     0x6a  cmd_paramJoinDC.obj [4]
  .text                   ro code  0x0006f81a     0x66  cmd_netDelMulLink.obj [4]
  .text                   ro code  0x0006f880     0x64  cmd_netReqSvc.obj [4]
  .text                   ro code  0x0006f8e4     0x64  cmd_netReadFrame.obj [4]
  .text                   ro code  0x0006f948     0x64  cmd_locGetSvcInfo.obj [4]
  .text                   ro code  0x0006f9ac     0x62  cmd_locSvcReq.obj [4]
  .text                   ro code  0x0006fa0e     0x60  cmd_paramShortAddr.obj [4]
  .text                   ro code  0x0006fa6e     0x5c  cmd_paramHrTimer.obj [4]
  .text                   ro code  0x0006faca     0x5a  cmd_paramSizeInfoExt.obj [4]
  .text                   ro code  0x0006fb24     0x58  cmd_netSetAdvTime.obj [4]
  .text                   ro code  0x0006fb7c     0x58  cmd_paramMacAddr.obj [4]
  .text                   ro code  0x0006fbd4     0x54  cmd_netActivate.obj [4]
  .text                   ro code  0x0006fc28     0x54  cmd_paramNetId.obj [4]
  .text                   ro code  0x0006fc7c     0x52  cmd_paramSizeInfo.obj [4]
  .rodata                 const    0x0006fcce      0x2  os_dbg.obj [5]
  .rodata                 const    0x0006fcd0     0x50  mote.obj [4]
  .text                   ro code  0x0006fd20     0x50  cmd_netAddLink.obj [4]
  .text                   ro code  0x0006fd70     0x50  cmd_paramAntGain.obj [4]
  .text                   ro code  0x0006fdc0     0x50  cmd_paramChannels.obj [4]
  .text                   ro code  0x0006fe10     0x4e  cmd_paramAutoJoin.obj [4]
  .text                   ro code  0x0006fe5e     0x4e  cmd_paramEuCompliantMode.obj [4]
  .text                   ro code  0x0006feac     0x4e  cmd_paramMobility.obj [4]
  .text                   ro code  0x0006fefa     0x4e  cmd_paramOtapLockout.obj [4]
  .text                   ro code  0x0006ff48     0x4e  cmd_paramRoutingMode.obj [4]
  .text                   ro code  0x0006ff96     0x4c  cmd_netAssignSvc.obj [4]
  .text                   ro code  0x0006ffe2     0x4c  cmd_netDelLink.obj [4]
  .text                   ro code  0x0007002e     0x4a  cmd_paramIP6Addr.obj [4]
  .text                   ro code  0x00070078     0x46  cmd_paramCCAMode.obj [4]
  .text                   ro code  0x000700be     0x46  cmd_paramNetInfo.obj [4]
  .text                   ro code  0x00070104     0x46  cmd_locReadSocket.obj [4]
  .text                   ro code  0x0007014a     0x44  pwm_drv.obj [4]
  .rodata                 const    0x0007018e      0x2  os_dbg.obj [5]
  .text                   ro code  0x00070190     0x40  cpu_charge.obj [4]
  .text                   ro code  0x000701d0     0x40  cmd_paramAdvGraph.obj [4]
  .text                   ro code  0x00070210     0x40  cmd_locBlinkPayload.obj [4]
  .text                   ro code  0x00070250     0x40  cmd_zeroize.obj [4]
  .text                   ro code  0x00070290     0x3a  cmd_paramEntropy.obj [4]
  .rodata                 const    0x000702ca      0x2  os_dbg.obj [5]
  .text                   ro code  0x000702cc     0x38  cmd_netEchoReq.obj [4]
  .text                   ro code  0x00070304     0x38  cmd_paramPathAlarm.obj [4]
  .text                   ro code  0x0007033c     0x38  cmd_locBindSocket.obj [4]
  .text                   ro code  0x00070374     0x38  copy_init3.obj [4]
  .text                   ro code  0x000703ac     0x36  cmd_netAddFrame.obj [4]
  .text                   ro code  0x000703e2     0x36  cmd_netChgSizeFrame.obj [4]
  .text                   ro code  0x00070418     0x34  cmd_locOpenSocket.obj [4]
  .text                   ro code  0x0007044c     0x34  zero_init3.obj [4]
  .text                   ro code  0x00070480     0x32  cmd_moteDisconnect.obj [4]
  .text                   ro code  0x000704b2     0x32  cmd_netPromoteApm.obj [4]
  .rodata                 const    0x000704e4     0x30  alarm.o [1]
  .text                   ro code  0x00070514     0x30  charge_drv.obj [4]
  .text                   ro code  0x00070544     0x30  cmd_locJoin.obj [4]
  .text                   ro code  0x00070574     0x30  cmd_locStopSearch.obj [4]
  .text                   ro code  0x000705a4     0x2a  cmd_paramMacMicKey.obj [4]
  .text                   ro code  0x000705ce     0x2a  cmd_locCloseSocket.obj [4]
  .text                   ro code  0x000705f8     0x28  cmd_netReadGraphRt.obj [4]
  .text                   ro code  0x00070620     0x26  randhw_drv.obj [4]
  .text                   ro code  0x00070646     0x26  cmd_netAddConn.obj [4]
  .text                   ro code  0x0007066c     0x26  cmd_netAddGraphRoute.obj [4]
  .text                   ro code  0x00070692     0x26  cmd_netDelConn.obj [4]
  .text                   ro code  0x000706b8     0x24  cmd_netDelGraphRoute.obj [4]
  .text                   ro code  0x000706dc     0x24  cmd_netDelSession.obj [4]
  .text                   ro code  0x00070700     0x24  cmd_netSetNbrProp.obj [4]
  .text                   ro code  0x00070724     0x22  cmd_paramAdvKey.obj [4]
  .text                   ro code  0x00070746     0x22  cmd_paramJoinKey.obj [4]
  .text                   ro code  0x00070768     0x22  cmd_locWriteGpsStatus.obj [4]
  .text                   ro code  0x0007078a      0x6  ap.obj [4]
  .iar.init_table         const    0x00070790     0x58  - Linker created -
  .rodata                 const    0x000707e8     0x20  net_cli_fs.obj [4]
  .text                   ro code  0x00070808     0x20  cmd_paramLog.obj [4]
  .text                   ro code  0x00070828     0x1e  cmd_netCtrlFrame.obj [4]
  .text                   ro code  0x00070846     0x1e  cmd_locLowPwrSleep.obj [4]
  .intvec                 const    0x00070864     0x1c  startup_iar.obj [4]
  .text                   ro code  0x00070880     0x1a  cmd_netDelFrame.obj [4]
  .text                   ro code  0x0007089a     0x1a  cmd_moteReset.obj [4]
  .text                   ro code  0x000708b4     0x18  cmd_netAddSession.obj [4]
  .text                   ro code  0x000708cc     0x18  cmd_netRefreshAdv.obj [4]
  .text                   ro code  0x000708e4     0x16  cmd_netReadClkSrcStatus.obj [4]
  .text                   ro code  0x000708fa     0x16  cmd_locClearNv.obj [4]
  .text                   ro code  0x00070910     0x10  flashinfo_drv.obj [4]
  .rodata                 const    0x00070920      0x4  os_dbg.obj [5]
  .rodata                 const    0x00070924      0x2  os_dbg.obj [5]
  .rodata                 const    0x00070926      0x2  os_dbg.obj [5]
  .rodata                 const    0x00070928      0x2  os_dbg.obj [5]
  .rodata                 const    0x0007092a      0x2  os_dbg.obj [5]
  .text                   ro code  0x0007092c      0x2  startup_iar.obj [4]
  .rodata                 const    0x0007092e      0x0  copy_init3.obj [4]
  Initializer bytes       const    0x00070930   0x1760  <for P4 s0>
                                 - 0x00072090  0x31060

"P4":                                           0x1760
  P4 s0                            0x000c8000   0x1760  <Init block>
    .code_ram             inited   0x000c8000   0x12c8  radio.obj [4]
    .code_ram             inited   0x000c92c8    0x23c  fault_c.obj [4]
    .code_ram             inited   0x000c9504     0x18  timer_sched.obj [4]
    .code_ram             inited   0x000c951c    0x1c4  dma.obj [4]
    .code_ram             inited   0x000c96e0     0x38  fault_a.obj [4]
    .code_ram             inited   0x000c9718     0x2e  nvic.obj [4]
    .code_ram             inited   0x000c9748     0x14  main.obj [4]
    .code_ram             inited   0x000c975c      0x4  os_hooks.obj [4]
                                 - 0x000c9760   0x1760

"P5":                                           0xc068
  SRAM_D                           0x20000000   0xc068  <Block>
    .ram_vectors          uninit   0x20000000    0x100  startup_iar.obj [4]
    CSTACK                         0x20000100    0x800  <Block>
      CSTACK              uninit   0x20000100    0x800  <Block tail>
    rw-1                           0x20000900    0x1d0  <Init block>
      .data               inited   0x20000900     0xb0  alarm.o [1]
      .data               inited   0x200009b0     0x10  dnm_ucli.o [1]
      .data               inited   0x200009c0     0x20  ltc2984.o [1]
      .data               inited   0x200009e0      0xc  moteapp.o [1]
      .data               inited   0x200009ec      0x8  llog.obj [4]
      .data               inited   0x200009f4     0x70  pwm.obj [4]
      .data               inited   0x20000a64      0xc  dnm_cli.obj [4]
      .data               inited   0x20000a70     0x28  cmd_otap.obj [4]
      .data               inited   0x20000a98     0x20  net_cli_fs.obj [4]
      .textrw             inited   0x20000ab8     0x18  flash.obj [4]
    .bss                  zero     0x20000ad0     0x48  time.o [1]
    .bss                  zero     0x20000b18     0x30  dn_time.obj [4]
    .bss                  zero     0x20000b48    0x428  timer.obj [4]
    .bss                  zero     0x20000f70     0x20  kernel_monitor.obj [4]
    .bss                  zero     0x20000f90    0x290  lmac_linkseq.obj [4]
    .bss                  zero     0x20001220    0x160  tengine.obj [4]
    .bss                  zero     0x20001380    0x108  alarm.o [1]
    .bss                  zero     0x20001488      0x4  alarm.o [1]
    .bss                  zero     0x2000148c    0x404  battery.o [1]
    .bss                  zero     0x20001890    0x18c  calibration.o [1]
    .bss                  zero     0x20001a1c      0x4  calibration.o [1]
    .bss                  zero     0x20001a20     0x24  calibration.o [1]
    .bss                  zero     0x20001a44    0x33c  cli_task.o [1]
    .bss                  zero     0x20001d80    0x128  config.o [1]
    .bss                  zero     0x20001ea8    0x1b4  dnm_local.o [1]
    .bss                  zero     0x2000205c    0x404  gpio.o [1]
    .bss                  zero     0x20002460    0x89c  loc_task.o [1]
    .bss                  zero     0x20002cfc    0x54c  ltc2984.o [1]
    .bss                  zero     0x20003248      0x4  ltc2984.o [1]
    .bss                  zero     0x2000324c     0x24  ltc2984.o [1]
    .bss                  zero     0x20003270    0x804  moteapp.o [1]
    .bss                  zero     0x20003a74      0x4  moteapp.o [1]
    .bss                  zero     0x20003a78    0x404  radio.o [1]
    .bss                  zero     0x20003e7c      0x4  radio.o [1]
    .bss                  zero     0x20003e80    0x100  radio.o [1]
    .bss                  zero     0x20003f80    0x150  report.o [1]
    .bss                  zero     0x200040d0      0x4  report.o [1]
    .bss                  zero     0x200040d4     0x22  spi.o [1]
    .bss                  zero     0x200040f6      0x2  ucos_ii.obj [5]
    .bss                  zero     0x200040f8    0xf94  ucos_ii.obj [5]
    .bss                  zero     0x2000508c    0x100  ucos_ii.obj [5]
    .bss                  zero     0x2000518c    0x184  ucos_ii.obj [5]
    .bss                  zero     0x20005310     0xf0  ucos_ii.obj [5]
    .bss                  zero     0x20005400      0x4  ucos_ii.obj [5]
    .bss                  zero     0x20005404      0x4  ucos_ii.obj [5]
    .bss                  zero     0x20005408      0x4  ucos_ii.obj [5]
    .bss                  zero     0x2000540c    0x334  ucos_ii.obj [5]
    .bss                  zero     0x20005740      0x4  ucos_ii.obj [5]
    .bss                  zero     0x20005744    0x400  ucos_ii.obj [5]
    .bss                  zero     0x20005b44      0xc  ucos_ii.obj [5]
    .bss                  zero     0x20005b50      0x4  dn_os_tmr.obj [4]
    .bss                  zero     0x20005b54      0x8  dn_os_tmr.obj [4]
    .bss                  zero     0x20005b5c     0x40  assert.obj [4]
    .bss                  zero     0x20005b9c    0x4e0  dn_channel.obj [4]
    .bss                  zero     0x2000607c      0xc  flash_drv.obj [4]
    .bss                  zero     0x20006088      0x4  mote.obj [4]
    .bss                  zero     0x2000608c     0xb8  security_drv.obj [4]
    .bss                  zero     0x20006144      0xc  hw_dbg.obj [4]
    .bss                  zero     0x20006150     0x70  timer_sched.obj [4]
    .bss                  zero     0x200061c0     0x40  adc_drv.obj [4]
    .bss                  zero     0x20006200      0x8  cli_drv.obj [4]
    .bss                  zero     0x20006208     0x10  gpio_drv.obj [4]
    .bss                  zero     0x20006218      0x8  hwinfo_drv.obj [4]
    .bss                  zero     0x20006220     0x18  i2c_drv.obj [4]
    .bss                  zero     0x20006238     0x10  onewire_drv.obj [4]
    .bss                  zero     0x20006248     0x5c  radio_drv.obj [4]
    .bss                  zero     0x200062a4     0x18  spi_drv.obj [4]
    .bss                  zero     0x200062bc    0x4c8  uart_drv.obj [4]
    .bss                  zero     0x20006784    0x520  uart_raw_drv.obj [4]
    .bss                  zero     0x20006ca4    0x188  k_cli.obj [4]
    .bss                  zero     0x20006e2c      0x4  kernel.obj [4]
    .bss                  zero     0x20006e30    0x308  kernel_monitor.obj [4]
    .bss                  zero     0x20007138     0x80  kernel_monitor.obj [4]
    .bss                  zero     0x200071b8    0x394  radio.obj [4]
    .bss                  zero     0x2000754c      0x8  radio.obj [4]
    .bss                  zero     0x20007554    0x4cc  radio.obj [4]
    .bss                  zero     0x20007a20      0x8  radio.obj [4]
    .bss                  zero     0x20007a28     0x48  uart.obj [4]
    .bss                  zero     0x20007a70     0xa8  uartc.obj [4]
    .bss                  zero     0x20007b18      0x4  bops_drv.obj [4]
    .bss                  zero     0x20007b1c     0x10  flash.obj [4]
    .bss                  zero     0x20007b2c      0x8  alarms.obj [4]
    .bss                  zero     0x20007b34     0x14  blink.obj [4]
    .bss                  zero     0x20007b48     0x18  dev_info.obj [4]
    .bss                  zero     0x20007b60      0xc  event.obj [4]
    .bss                  zero     0x20007b6c    0x628  loc_intf.obj [4]
    .bss                  zero     0x20008194    0x638  mote_monitor.obj [4]
    .bss                  zero     0x200087cc     0x18  net_cfg.obj [4]
    .bss                  zero     0x200087e4     0x1c  join.obj [4]
    .bss                  zero     0x20008800    0x618  net_mac.obj [4]
    .bss                  zero     0x20008e18      0xc  net_mac.obj [4]
    .bss                  zero     0x20008e24    0x590  net_pk.obj [4]
    .bss                  zero     0x200093b4     0x10  net_queue.obj [4]
    .bss                  zero     0x200093c4      0xc  net_util.obj [4]
    .bss                  zero     0x200093d0     0x19  report.obj [4]
    .bss                  zero     0x200093e9      0x3  gpio.o [1]
    .bss                  zero     0x200093ec     0x18  route.obj [4]
    .bss                  zero     0x20009404     0x6c  security.obj [4]
    .bss                  zero     0x20009470     0x30  service.obj [4]
    .bss                  zero     0x200094a0     0x1c  time_info.obj [4]
    .bss                  zero     0x200094bc     0x1c  transport_util.obj [4]
    .bss                  zero     0x200094d8     0x48  socket.obj [4]
    .bss                  zero     0x20009520     0xb0  aes_hw.obj [4]
    .bss                  zero     0x200095d0    0x940  mac.obj [4]
    .bss                  zero     0x20009f10     0x2c  adc_controller.obj [4]
    .bss                  zero     0x20009f3c      0x8  charge.obj [4]
    .bss                  zero     0x20009f44      0xc  pmu.obj [4]
    .bss                  zero     0x20009f50      0x4  gpio_radio_inhibit.obj [4]
    .bss                  zero     0x20009f54     0x60  cal_struct.obj [4]
    .bss                  zero     0x20009fb4      0x8  main.obj [4]
    .bss                  zero     0x20009fbc     0x20  i2c.obj [4]
    .bss                  zero     0x20009fdc      0x8  lptimer.obj [4]
    .bss                  zero     0x20009fe4      0x8  one_wire.obj [4]
    .bss                  zero     0x20009fec     0x18  spi_master.obj [4]
    .bss                  zero     0x2000a004      0xc  spi_master.obj [4]
    .bss                  zero     0x2000a010     0x14  spi_master.obj [4]
    .bss                  zero     0x2000a024     0xa4  uart_raw.obj [4]
    .bss                  zero     0x2000a0c8      0x4  block_op.obj [4]
    .bss                  zero     0x2000a0cc    0x120  uart_cli.obj [4]
    .bss                  zero     0x2000a1ec     0x3c  clkcomp.obj [4]
    .bss                  zero     0x2000a228      0x4  random2.obj [4]
    .bss                  zero     0x2000a22c     0x44  wd.obj [4]
    .bss                  zero     0x2000a270      0xc  cpu_charge.obj [4]
    .bss                  zero     0x2000a27c     0x40  dma.obj [4]
    .bss                  zero     0x2000a2bc     0x24  mem.obj [4]
    .bss                  zero     0x2000a2e0      0x4  cmd_netEchoReq.obj [4]
    .bss                  zero     0x2000a2e4     0x1c  cmd_otap.obj [4]
    .bss                  zero     0x2000a300      0x4  cmd.obj [4]
    .bss                  zero     0x2000a304      0x8  ip_cfg.obj [4]
    .bss                  zero     0x2000a30c      0x8  ip_cfg.obj [4]
    .bss                  zero     0x2000a314     0x14  net_cli.obj [4]
    .bss                  zero     0x2000a328     0x84  net_cli.obj [4]
    .bss                  zero     0x2000a3ac      0x4  net.obj [4]
    .bss                  zero     0x2000a3b0      0x4  notif.obj [4]
    .bss                  zero     0x2000a3b4     0x68  lmac.obj [4]
    .bss                  zero     0x2000a41c      0x8  lmac_linkseq_util.obj [4]
    .bss                  zero     0x2000a424    0x3c0  mac_frame.obj [4]
    .bss                  zero     0x2000a7e4     0x40  mac_graph.obj [4]
    .bss                  zero     0x2000a824    0x148  mac_info.obj [4]
    .bss                  zero     0x2000a96c     0x20  mac_dscv.obj [4]
    .bss                  zero     0x2000a98c     0x38  mac_duplicate.obj [4]
    .bss                  zero     0x2000a9c4      0x4  mac_link.obj [4]
    .bss                  zero     0x2000a9c8      0x8  mac_link.obj [4]
    .bss                  zero     0x2000a9d0      0xc  mac_proc_adv.obj [4]
    .bss                  zero     0x2000a9dc      0x8  mac_join.obj [4]
    .bss                  zero     0x2000a9e4     0x14  mac_net.obj [4]
    .bss                  zero     0x2000a9f8    0x958  mac_pk.obj [4]
    .bss                  zero     0x2000b350     0x34  netpll.obj [4]
    .bss                  zero     0x2000b384    0x888  fs_api.obj [4]
    .bss                  zero     0x2000bc0c      0x8  cmd_locRadioTest.obj [4]
    .bss                  zero     0x2000bc14     0x34  radio_utils.obj [4]
    .bss                  zero     0x2000bc48      0x4  transport.obj [4]
    .bss                  zero     0x2000bc4c      0x4  lmac_adv.obj [4]
    .bss                  zero     0x2000bc50    0x108  lmac_notif.obj [4]
    .bss                  zero     0x2000bd58     0x34  lmac_pk.obj [4]
    .bss                  zero     0x2000bd8c     0x80  tengine.obj [4]
    .bss                  zero     0x2000be0c     0x1c  tengine.obj [4]
    .bss                  zero     0x2000be28     0x1c  tengine.obj [4]
    .bss                  zero     0x2000be44     0x18  dlmalloc.o [3]
    .bss                  zero     0x2000be5c    0x1d8  dlmalloc.o [3]
    .bss                  zero     0x2000c034      0x4  xgetmemchunk.o [3]
    .bss                  zero     0x2000c038      0x4  xfail_s.o [3]
    .bss                  zero     0x2000c03c      0x2  ucos_ii.obj [5]
    .bss                  zero     0x2000c03e      0x2  os_cpu_c.obj [5]
    .bss                  zero     0x2000c040      0x1  alarm.o [1]
    .bss                  zero     0x2000c041      0x1  dnm_ucli.o [1]
    .bss                  zero     0x2000c042      0x1  ltc2984.o [1]
    .bss                  zero     0x2000c043      0x3  radio.o [1]
    .bss                  zero     0x2000c046      0x2  assert.obj [4]
    .bss                  zero     0x2000c048      0x1  flash_info.obj [4]
    .bss                  zero     0x2000c049      0x1  dnm_cli.obj [4]
    .bss                  zero     0x2000c04a      0x1  clkcomp.obj [4]
    .bss                  zero     0x2000c04b      0x1  lmac.obj [4]
    .bss                  zero     0x2000c04c      0x1  lmac_linkseq_util.obj [4]
    .bss                  zero     0x2000c04d      0x2  mac_dscv.obj [4]
    .coderam_heap_end              0x2000c050      0x4  <Block>
      .coderam_heap_end   zero     0x2000c050      0x1  mem.obj [4]
    .coderam_heap_start            0x2000c054      0x4  <Block>
      .coderam_heap_start
                          zero     0x2000c054      0x1  mem.obj [4]
    .noinit               uninit   0x2000c058      0xc  hw_dbg.obj [4]
    .heap_start                    0x2000c064      0x4  <Block>
      .heap_start         zero     0x2000c064      0x1  mem.obj [4]
                                 - 0x2000c068   0xc068

"A2":                                              0x4
  .heap_end                        0x2000fffc      0x4  <Block>
    .heap_end             zero     0x2000fffc      0x1  mem.obj [4]
                                 - 0x20010000      0x4


*******************************************************************************
*** INIT TABLE
***

          Address     Size
          -------     ----
Zero (__iar_zero_init3)
    5 destination ranges, total size 0xb583:
          0x20000ad0  0xb57f
          0x2000c050     0x1
          0x2000c054     0x1
          0x2000c064     0x1
          0x2000fffc     0x1

Copy (__iar_copy_init3)
    1 source range, total size 0x1d0:
          0x0006e498   0x1d0
    1 destination range, total size 0x1d0:
          0x20000900   0x1d0

Copy (__iar_copy_init3)
    1 source range, total size 0x1760:
          0x00070930  0x1760
    1 destination range, total size 0x1760:
          0x000c8000  0x1760



*******************************************************************************
*** MODULE SUMMARY
***

    Module                        ro code  rw code  ro data  rw data
    ------                        -------  -------  -------  -------
C:\MackSystems\software\mote\onchipsdk\projects\iar\DanRockwell\Debug\Obj: [1]
    alarm.o                           748               224      445
    battery.o                         620                      1 028
    calibration.o                     680                        436
    cli_task.o                        616                        828
    config.o                          436                        296
    debug.o                            76
    dnm_local.o                     1 128                        436
    dnm_ucli.o                        648                16       17
    flash.o                         1 000
    gpio.o                            692                      1 031
    initsys.o                          58                32
    loc_task.o                        972                      2 204
    ltc2984.o                       1 780               196    1 429
    moteapp.o                         424                12    2 068
    radio.o                         1 832                      1 291
    report.o                          216                        340
    spi.o                             844                         34
    spline.o                        1 344
    time.o                            160                         72
    ----------------------------------------------------------------
    Total:                         14 274               480   11 955

command line: [2]
    ----------------------------------------------------------------
    Total:

dl7M_tln.a: [3]
    abort.o                             6
    bsearch.o                          64
    dlmalloc.o                      5 396                        496
    exit.o                              4
    heaptramp0.o                        4
    iar_Stoulx.o                      372
    low_level_init.o                    4
    snprintf.o                         68
    strncat.o                          40
    strncmp.o                          40
    vsnprint.o                         60
    xfail_s.o                          68                          4
    xgetmemchunk.o                     44                          4
    xprintffull_nomb.o              3 614
    xsnprout.o                         26
    ----------------------------------------------------------------
    Total:                          9 810                        504

libip_stack.a: [4]
    adc_controller.obj              1 392                         44
    adc_drv.obj                     1 116                         64
    addrmap.obj                         6
    aes_hw.obj                      1 520                        176
    alarms.obj                        172                          8
    ap.obj                              6
    arr.obj                           268
    assert.obj                        312                         66
    blink.obj                         952                         20
    block_op.obj                      180                          4
    bops_drv.obj                      180                          4
    cal_struct.obj                    508                         96
    charge.obj                         68                          8
    charge_drv.obj                     48
    cli_drv.obj                       200                          8
    clkcomp.obj                     1 960                         61
    cmd.obj                           920                          4
    cmd_locBindSocket.obj              56
    cmd_locBlinkPayload.obj            64
    cmd_locClearNv.obj                 22
    cmd_locCloseSocket.obj             42
    cmd_locGetSvcInfo.obj             100
    cmd_locJoin.obj                    48
    cmd_locLowPwrSleep.obj             30
    cmd_locOpenSocket.obj              52
    cmd_locRadioTest.obj              552                          8
    cmd_locReadSocket.obj              70
    cmd_locSearch.obj                 124
    cmd_locStopSearch.obj              48
    cmd_locSvcReq.obj                  98
    cmd_locWriteGpsStatus.obj          34
    cmd_local.obj                     312
    cmd_moteDisconnect.obj             50
    cmd_moteReset.obj                  26
    cmd_net.obj                       816
    cmd_netActivate.obj                84
    cmd_netAddConn.obj                 38
    cmd_netAddFrame.obj                54
    cmd_netAddGraphRoute.obj           38
    cmd_netAddLink.obj                 80
    cmd_netAddMulLink.obj             108
    cmd_netAddSession.obj              24
    cmd_netAssignSvc.obj               76
    cmd_netChgSizeFrame.obj            54
    cmd_netCtrlFrame.obj               30
    cmd_netDelConn.obj                 38
    cmd_netDelFrame.obj                26
    cmd_netDelGraphRoute.obj           36
    cmd_netDelLink.obj                 76
    cmd_netDelMulLink.obj             102
    cmd_netDelSession.obj              36
    cmd_netEchoReq.obj                 56                          4
    cmd_netPromoteApm.obj              50
    cmd_netReadClkSrcStatus.obj        22
    cmd_netReadFrame.obj              100
    cmd_netReadGraphRt.obj             40
    cmd_netReadLink.obj               124
    cmd_netReadLinkExt.obj            122
    cmd_netReadSession.obj            108
    cmd_netRefreshAdv.obj              24
    cmd_netReqSvc.obj                 100
    cmd_netSetAdvTime.obj              88
    cmd_netSetNbrProp.obj              36
    cmd_otap.obj                    4 056                40       68
    cmd_param.obj                     600
    cmd_paramAdvGraph.obj              64
    cmd_paramAdvKey.obj                34
    cmd_paramAntGain.obj               80
    cmd_paramAppInfo.obj              166
    cmd_paramAutoJoin.obj              78
    cmd_paramCCAMode.obj               70
    cmd_paramChannels.obj              80
    cmd_paramCharge.obj               172
    cmd_paramEntropy.obj               58
    cmd_paramEuCompliantMode.obj       78
    cmd_paramEventMask.obj            110
    cmd_paramHrTimer.obj               92
    cmd_paramIP6Addr.obj               74
    cmd_paramJoinDC.obj               106
    cmd_paramJoinKey.obj               34
    cmd_paramLog.obj                   32
    cmd_paramMacAddr.obj               88
    cmd_paramMacMicKey.obj             42
    cmd_paramMobility.obj              78
    cmd_paramMoteInfo.obj             118
    cmd_paramMoteStatus.obj           108
    cmd_paramNetId.obj                 84
    cmd_paramNetInfo.obj               70
    cmd_paramOtapLockout.obj           78
    cmd_paramPathAlarm.obj             56
    cmd_paramPwrCostInfo.obj           34
    cmd_paramPwrSrc.obj               540
    cmd_paramRoutingMode.obj           78
    cmd_paramShortAddr.obj             96
    cmd_paramSizeInfo.obj              82
    cmd_paramSizeInfoExt.obj           90
    cmd_paramTime.obj                 326
    cmd_paramTxPwr.obj                160
    cmd_zeroize.obj                    64
    config.obj                      1 980
    copy_init3.obj                     56
    cpu_charge.obj                     64                         12
    dev_info.obj                      460                         24
    dma.obj                           704      452      452       64
    dn_channel.obj                  1 764                      1 248
    dn_os_tmr.obj                   1 472                         12
    dn_system.obj                   1 604
    dn_time.obj                       588                         48
    dnm_cli.obj                       592                12       13
    dnm_cli_util.obj                1 148
    event.obj                         456                         12
    ext_bus.obj                       228
    ext_bus_mem.obj                   154
    ext_clk.obj                         8
    fault_a.obj                                 56       56
    fault_c.obj                       196      572      572
    fcs.obj                           612
    flash.obj                         708       24       24       16
    flash_charge.obj                   16
    flash_drv.obj                     956                         12
    flash_drv_par.obj                  12
    flash_info.obj                    416                          1
    flashinfo_drv.obj                  16
    fs_api.obj                      1 536                      2 184
    fs_utils.obj                    3 564
    fuse_table.obj                     52
    gpio.obj                          132
    gpio_drv.obj                      788                         16
    gpio_radio_inhibit.obj            124                          4
    hw_dbg.obj                         68                         24
    hwinfo_drv.obj                    272                          8
    i2c.obj                           500                         32
    i2c_drv.obj                       720                         24
    ilist.obj                         208
    ilist16.obj                       280
    int_clk.obj                         4
    ioconfig.obj                       52
    ip.obj                            768
    ip_cfg.obj                      1 496               288       16
    ip_util.obj                        72
    join.obj                        2 392                         28
    k_cli.obj                       1 216                        392
    kernel.obj                        168                          4
    kernel_monitor.obj                904                        936
    llist.obj                         100
    llog.obj                          568                 8        8
    lmac.obj                        2 528                        105
    lmac_adv.obj                      608                          4
    lmac_linkseq.obj                1 788                        656
    lmac_linkseq_util.obj             996                          9
    lmac_macintf.obj                3 288
    lmac_notif.obj                    232                        264
    lmac_pk.obj                       172                         52
    loc_ap.obj                         10
    loc_intf.obj                    2 080                      1 576
    lptimer.obj                       372                          8
    lptimer_drv.obj                   184
    lzss.obj                          268
    mac.obj                         2 176                      2 368
    mac_ap_parents.obj                  6
    mac_api.obj                     3 152               300
    mac_asn.obj                       284
    mac_aux.obj                        92
    mac_conn.obj                      280
    mac_dscv.obj                      304                         34
    mac_duplicate.obj                 348                         56
    mac_frame.obj                   1 198                        960
    mac_graph.obj                     288                         64
    mac_info.obj                                                 328
    mac_intf.obj                    1 824
    mac_join.obj                    2 488                          8
    mac_link.obj                    1 500                         12
    mac_lmacintf.obj                  256
    mac_neighb.obj                  1 256
    mac_net.obj                       836                         20
    mac_pk.obj                        180                      2 392
    mac_proc_adv.obj                  552                         12
    main.obj                          512       20       22        8
    mem.obj                           232                         40
    mem_drv.obj                         4
    membuf.obj                        216
    memtest.obj                       214
    mesh.obj                          644
    mote.obj                          296                80        4
    mote_cli.obj                    2 100               508
    mote_monitor.obj                1 316                      1 592
    mpu.obj                            84
    net.obj                         1 336                          4
    net_cfg.obj                        72                         24
    net_cli.obj                     2 336                        152
    net_cli_fs.obj                  1 392                64       32
    net_mac.obj                     2 384                      1 572
    net_pk.obj                        208                      1 424
    net_queue.obj                     272                         16
    net_util.obj                       56                         12
    netpll.obj                        736                         52
    notif.obj                       1 100                          4
    nucleus.obj                         2
    nvic.obj                          418       46       46
    one_wire.obj                    1 432                          8
    onewire_drv.obj                 1 080                         16
    os_dn_utils.obj                    12
    os_hooks.obj                        8        4        4
    pktrace.obj                     5 948               760
    pmu.obj                         1 480                         12
    pps_clk.obj                        18
    pwm.obj                           384               112      112
    pwm32k.obj                         68
    pwm_drv.obj                        68
    radio.obj                      10 640    4 808    4 808    2 160
    radio_drv.obj                   1 416                         92
    radio_utils.obj                 1 436                         52
    randhw_drv.obj                     38
    random2.obj                       126                          4
    rel_notif.obj                       2
    report.obj                      1 744                         25
    reset.obj                          16
    ring.obj                          132
    rlock.obj                         176
    route.obj                         428                         24
    security.obj                    1 632                        108
    security_cntr.obj                 140
    security_drv.obj                  952                        184
    security_drv_selftest.obj         452
    service.obj                       544                         48
    settime.obj                       272
    socket.obj                        892                         72
    spi_drv.obj                     1 348                         24
    spi_master.obj                    984                         56
    startup_iar.obj                     2                28      256
    temp_drv.obj                      108
    tengine.obj                     1 632                        536
    tengine_charge.obj                252
    tengine_header.obj              2 780
    tengine_pk.obj                  1 628
    tengine_sched.obj               6 448
    time_info.obj                     440                         28
    timer.obj                         668                      1 064
    timer_sched.obj                 2 192       24       24      112
    trace_utils.obj                    34
    transport.obj                     552                          4
    transport_util.obj                180                         28
    uart.obj                        1 676                         72
    uart_cli.obj                      748                        288
    uart_drv.obj                    1 208                      1 224
    uart_raw.obj                    1 020                        164
    uart_raw_drv.obj                  840                      1 312
    uartc.obj                         908                        168
    udp.obj                           520
    utils.obj                         892               372
    wd.obj                            284                         68
    zero_init3.obj                     52
    ----------------------------------------------------------------
    Total:                        156 900    6 006    8 580   27 966

libucos_full.a: [5]
    os_cpu_a.obj                      160
    os_cpu_c.obj                      152                          2
    os_dbg.obj                          2                92
    ucos_ii.obj                     5 300                      6 748
    ----------------------------------------------------------------
    Total:                          5 614                92    6 750

m7M_tl.a: [6]
    DblAdd.o                          376
    DblCmpGe.o                         46
    DblCmpLe.o                         46
    DblDiv.o                          582
    DblMul.o                          418
    DblSub.o                          226
    DblToFlt.o                        104
    DblToS32.o                         58
    DblToU32.o                         40
    FltAdd.o                          226
    FltCmpEq.o                         28
    FltCmpLe.o                         36
    FltDiv.o                          252
    FltMul.o                          216
    FltSub.o                          128
    FltToDbl.o                         72
    S32ToDbl.o                         34
    S32ToFlt.o                         36
    U32ToDbl.o                         26
    U32ToFlt.o                         28
    frexp.o                           112
    ldexp.o                           314
    ----------------------------------------------------------------
    Total:                          3 404

rt7M_tl.a: [7]
    ABImemclr.o                         6
    ABImemclr4.o                        6
    ABImemcpy.o                       166
    ABImemset.o                       102
    ABImemset48.o                      58
    I64DivMod.o                       626
    I64DivZer.o                         2
    I64Shl.o                           34
    U64Shr.o                           30
    cexit.o                            10
    cmain.o                            30
    cstartup_M.o                       12
    data_init.o                        40
    memchr.o                           88
    memcmp.o                          104
    strchr.o                           22
    strcmp.o                           74
    strlen.o                           54
    strncpy.o                         112
    ----------------------------------------------------------------
    Total:                          1 576

shb_l.a: [8]
    exit.o                             20
    ----------------------------------------------------------------
    Total:                             20

    Gaps                                         2
    Linker created                      8                90    2 048
--------------------------------------------------------------------
    Grand Total:                  191 606    6 008    9 242   49 223


*******************************************************************************
*** ENTRY LIST
***

Entry                      Address   Size  Type      Object
-----                      -------   ----  ----      ------
.coderam_heap_end$$Base
                        0x2000c050          --   Gb  - Linker created -
.coderam_heap_end$$Limit
                        0x2000c054          --   Gb  - Linker created -
.coderam_heap_start$$Base
                        0x2000c054          --   Gb  - Linker created -
.coderam_heap_start$$Limit
                        0x2000c058          --   Gb  - Linker created -
.heap_end$$Base         0x2000fffc          --   Gb  - Linker created -
.heap_end$$Limit        0x20010000          --   Gb  - Linker created -
.heap_start$$Base       0x2000c064          --   Gb  - Linker created -
.heap_start$$Limit      0x2000c068          --   Gb  - Linker created -
.iar.init_table$$Base   0x00070790          --   Gb  - Linker created -
.iar.init_table$$Limit  0x000707e8          --   Gb  - Linker created -
?main                   0x0006e675         Code  Gb  cmain.o [7]
AcquireTemperatureReadings
                        0x0005a1e7    0xc  Code  Gb  ltc2984.o [1]
App_TCBInitHook         0x0005c285    0x2  Code  Gb  os_hooks.obj [4]
App_TaskCreateHook      0x0005c287    0x2  Code  Gb  os_hooks.obj [4]
App_TaskIdleHook        0x000c975d    0x4  Code  Gb  os_hooks.obj [4]
App_TaskSwHook          0x0005c281    0x4  Code  Gb  os_hooks.obj [4]
AssertChipSelect        0x0005a031    0x4  Code  Lc  spi.o [1]
AssignChannel           0x00059e7b   0x28  Code  Gb  spi.o [1]
BSPACE                  0x00044844    0x4  Data  Lc  k_cli.obj [4]
BatteryTask             0x0005a8e1   0xfa  Code  Lc  battery.o [1]
BuildSplines            0x0005999d   0xc8  Code  Lc  calibration.o [1]
CRLF                    0x00044840    0x2  Data  Lc  k_cli.obj [4]
CSTACK$$Base            0x20000100          --   Gb  - Linker created -
CSTACK$$Limit           0x20000900          --   Gb  - Linker created -
ChannelFault            0x0005a4f7   0x46  Code  Gb  ltc2984.o [1]
CheckBatteryHealth      0x0005a8c3   0x16  Code  Gb  battery.o [1]
CheckTemperatureTestChannel
                        0x0005a555   0x14  Code  Gb  ltc2984.o [1]
ConfigureLTC2984        0x0005a429   0x42  Code  Lc  ltc2984.o [1]
ConversionDone          0x00059ed9   0x1a  Code  Gb  spi.o [1]
DN_BCAST_LONG_ADDR      0x0006fd08    0x8  Data  Gb  mote.obj [4]
DN_IPV6_LOCALHOST_ADDR  0x0006fcf0   0x10  Data  Gb  mote.obj [4]
DN_MGR_IPV6_MULTICAST_ADDR
                        0x0006fce0   0x10  Data  Gb  mote.obj [4]
DN_MGR_LONG_ADDR        0x0006fd00    0x8  Data  Gb  mote.obj [4]
DN_MOTE_IPV6_BCAST_ADDR
                        0x0006fcd0   0x10  Data  Gb  mote.obj [4]
DN_ZERO_ASN             0x0006fd18    0x8  Data  Gb  mote.obj [4]
DN_ZERO_LONG_ADDR       0x0006fd10    0x8  Data  Gb  mote.obj [4]
DbgPrint                0x000592fb   0x32  Code  Gb  debug.o [1]
DeassertChipSelect      0x0005a035    0x2  Code  Lc  spi.o [1]
EnableLTC2984           0x0005a403   0x26  Code  Lc  ltc2984.o [1]
EnqueuePacket           0x0005b211   0x30  Code  Lc  radio.o [1]
ErrorStrings            0x200009c0   0x20  Data  Gb  ltc2984.o [1]
GetActiveAlarms         0x0005ad0b   0x18  Code  Gb  alarm.o [1]
GetChannelCalibration   0x00059967   0x1e  Code  Gb  calibration.o [1]
GetChannelConfiguration
                        0x000597a1   0x22  Code  Gb  config.o [1]
GetChannelReading       0x0005a223   0x1c  Code  Gb  ltc2984.o [1]
GetConfiguration        0x0005976f   0x32  Code  Gb  config.o [1]
GetCurrentTemperatures  0x0005a1f3   0x30  Code  Gb  ltc2984.o [1]
GetEventData            0x00059d27   0x12  Code  Gb  gpio.o [1]
GetRawTemperatureReadings
                        0x0005a245   0x44  Code  Gb  ltc2984.o [1]
GetTemperatureAlarm     0x0005b3c3   0x42  Code  Lc  radio.o [1]
GetTemperatureCalibrationValue
                        0x00059a65   0x28  Code  Gb  calibration.o [1]
GpioConfigPin           0x00059ca1   0x6a  Code  Gb  gpio.o [1]
GpioRead                0x00059d17   0x10  Code  Gb  gpio.o [1]
GpioWrite               0x00059d0b    0xc  Code  Gb  gpio.o [1]
HEAP$$Base              0x00000000          --   Gb  - Linker created -
HEAP$$Limit             0x00000000          --   Gb  - Linker created -
InitAlarm               0x0005ab81   0x18  Code  Gb  alarm.o [1]
InitBattery             0x0005a875   0x4e  Code  Gb  battery.o [1]
InitCalibration         0x000598d9   0x48  Code  Gb  calibration.o [1]
InitConfiguration       0x00059725   0x4a  Code  Gb  config.o [1]
InitDebug               0x000592f1    0xa  Code  Gb  debug.o [1]
InitFlash               0x0005933d    0xa  Code  Gb  flash.o [1]
InitGPIO                0x00059b81   0x8c  Code  Gb  gpio.o [1]
InitLTC2984             0x0005a181   0x66  Code  Gb  ltc2984.o [1]
InitRadio               0x0005af45   0x74  Code  Gb  radio.o [1]
InitReport              0x0005ae6d   0x18  Code  Gb  report.o [1]
InitSPI                 0x00059e35   0x46  Code  Gb  spi.o [1]
InitTime                0x0005aae1   0x18  Code  Gb  time.o [1]
InitializeMemoryRead    0x00059ef3   0x20  Code  Lc  spi.o [1]
InitializeMemoryWrite   0x00059eb7   0x22  Code  Lc  spi.o [1]
IntDefaultHandler       0x0007092d    0x2  Code  Lc  startup_iar.obj [4]
IsAlarmActive           0x0005ad23   0x1c  Code  Gb  alarm.o [1]
IsDeltaTThresholdReached
                        0x0005ad3f    0x6  Code  Gb  alarm.o [1]
JOIN_RSSI_THR_5850      0x00053a9c    0xc  Data  Gb  mac_proc_adv.obj [4]
LOW_LEVEL_WAIT_FOR_EVENT
                        0x00044de1    0xe  Code  Gb  nvic.obj [4]
LoadInt                 0x0004e3d7   0x7a  Code  Lc  xprintffull_nomb.o [3]
LockData                0x0005ad45   0x10  Code  Lc  alarm.o [1]
LockData                0x00059985   0x10  Code  Lc  calibration.o [1]
LockData                0x00059805   0x10  Code  Lc  config.o [1]
LockData                0x0005a53d   0x10  Code  Lc  ltc2984.o [1]
LockData                0x0005b787   0x10  Code  Lc  moteapp.o [1]
LockData                0x0005b241   0x10  Code  Lc  radio.o [1]
MOTE_CLI_COMMANDS       0x00055678   0xb0  Data  Lc  mote_cli.obj [4]
MOTE_CLI_SHOWSUBCMD     0x00055728   0x70  Data  Lc  mote_cli.obj [4]
OSCtxSw                 0x00044e3b         Code  Gb  os_cpu_a.obj [5]
OSCtxSwCtr              0x20004108    0x4  Data  Gb  ucos_ii.obj [5]
OSDataSize              0x0007092a    0x2  Data  Gb  os_dbg.obj [5]
OSDebugEn               0x00044e0e    0x2  Data  Gb  os_dbg.obj [5]
OSDebugInit             0x0004f4b9    0x2  Code  Gb  os_dbg.obj [5]
OSEndiannessTest        0x00070920    0x4  Data  Gb  os_dbg.obj [5]
OSEventEn               0x000492ce    0x2  Data  Gb  os_dbg.obj [5]
OSEventFreeList         0x2000410c    0x4  Data  Gb  ucos_ii.obj [5]
OSEventMax              0x0004659a    0x2  Data  Gb  os_dbg.obj [5]
OSEventNameSize         0x00049282    0x2  Data  Gb  os_dbg.obj [5]
OSEventPendMulti        0x000476d1  0x204  Code  Gb  ucos_ii.obj [5]
OSEventSize             0x00049a1a    0x2  Data  Gb  os_dbg.obj [5]
OSEventTbl              0x20004130  0x6e0  Data  Gb  ucos_ii.obj [5]
OSEventTblSize          0x00049ac2    0x2  Data  Gb  os_dbg.obj [5]
OSFlagCreate            0x00047eb7   0x46  Code  Gb  ucos_ii.obj [5]
OSFlagEn                0x00049afe    0x2  Data  Gb  os_dbg.obj [5]
OSFlagFreeList          0x20004110    0x4  Data  Gb  ucos_ii.obj [5]
OSFlagGrpSize           0x0004b796    0x2  Data  Gb  os_dbg.obj [5]
OSFlagMax               0x0004f042    0x2  Data  Gb  os_dbg.obj [5]
OSFlagNameSize          0x0004f4ba    0x2  Data  Gb  os_dbg.obj [5]
OSFlagNodeSize          0x0004c75a    0x2  Data  Gb  os_dbg.obj [5]
OSFlagPend              0x00047f09  0x1d2  Code  Gb  ucos_ii.obj [5]
OSFlagPost              0x000480db   0xac  Code  Gb  ucos_ii.obj [5]
OSFlagTbl               0x20004810   0x70  Data  Gb  ucos_ii.obj [5]
OSFlagWidth             0x0004cec6    0x2  Data  Gb  os_dbg.obj [5]
OSGetCurPrio            0x00067aa5    0xc  Code  Gb  os_dn_utils.obj [4]
OSIdleCtr               0x20004114    0x4  Data  Gb  ucos_ii.obj [5]
OSInit                  0x000478d5  0x106  Code  Gb  ucos_ii.obj [5]
OSInitHookBegin         0x0004f421    0x8  Code  Gb  os_cpu_c.obj [5]
OSInitHookEnd           0x0004f429    0x2  Code  Gb  os_cpu_c.obj [5]
OSIntCtxSw              0x00044e43         Code  Gb  os_cpu_a.obj [5]
OSIntEnter              0x000479ed   0x28  Code  Gb  ucos_ii.obj [5]
OSIntExit               0x00047a15   0x6c  Code  Gb  ucos_ii.obj [5]
OSIntNesting            0x200040f8    0x1  Data  Gb  ucos_ii.obj [5]
OSLockNesting           0x200040f9    0x1  Data  Gb  ucos_ii.obj [5]
OSLowestPrio            0x000517ee    0x2  Data  Gb  os_dbg.obj [5]
OSMboxEn                0x00052666    0x2  Data  Gb  os_dbg.obj [5]
OSMemCreate             0x00048241   0x6c  Code  Gb  ucos_ii.obj [5]
OSMemEn                 0x0005882e    0x2  Data  Gb  os_dbg.obj [5]
OSMemFreeList           0x2000518c    0x4  Data  Gb  ucos_ii.obj [5]
OSMemGet                0x000482b9   0x36  Code  Gb  ucos_ii.obj [5]
OSMemMax                0x0005ba52    0x2  Data  Gb  os_dbg.obj [5]
OSMemNameSize           0x0005bc92    0x2  Data  Gb  os_dbg.obj [5]
OSMemPut                0x000482f5   0x34  Code  Gb  ucos_ii.obj [5]
OSMemQuery              0x00048329   0x3a  Code  Gb  ucos_ii.obj [5]
OSMemSize               0x0005bd32    0x2  Data  Gb  os_dbg.obj [5]
OSMemTbl                0x20005190  0x180  Data  Gb  ucos_ii.obj [5]
OSMemTblSize            0x0005bd62    0x2  Data  Gb  os_dbg.obj [5]
OSMutexEn               0x0005be9e    0x2  Data  Gb  os_dbg.obj [5]
OSPrioCur               0x200040fa    0x1  Data  Gb  ucos_ii.obj [5]
OSPrioHighRdy           0x200040fb    0x1  Data  Gb  ucos_ii.obj [5]
OSPtrSize               0x0005beda    0x2  Data  Gb  os_dbg.obj [5]
OSQCreate               0x000483a9   0x72  Code  Gb  ucos_ii.obj [5]
OSQDel                  0x00048421   0xc4  Code  Gb  ucos_ii.obj [5]
OSQEn                   0x0005befe    0x2  Data  Gb  os_dbg.obj [5]
OSQFreeList             0x20004128    0x4  Data  Gb  ucos_ii.obj [5]
OSQMax                  0x0005bfe2    0x2  Data  Gb  os_dbg.obj [5]
OSQPend                 0x000484e5   0xda  Code  Gb  ucos_ii.obj [5]
OSQPost                 0x000485c7   0x6a  Code  Gb  ucos_ii.obj [5]
OSQQuery                0x0004863b   0x80  Code  Gb  ucos_ii.obj [5]
OSQSize                 0x0005c22a    0x2  Data  Gb  os_dbg.obj [5]
OSQTbl                  0x20005310   0xf0  Data  Gb  ucos_ii.obj [5]
OSRdyGrp                0x200040fc    0x1  Data  Gb  ucos_ii.obj [5]
OSRdyTbl                0x20004100    0x8  Data  Gb  ucos_ii.obj [5]
OSRdyTblSize            0x0005c27e    0x2  Data  Gb  os_dbg.obj [5]
[...]
teng_isPkToForward      0x0005faad   0x94  Code  Gb  tengine_header.obj [4]
teng_isRxBcastPk        0x0005fdc1   0x20  Code  Gb  tengine_header.obj [4]
teng_isSchedNextSlotTooLate
                        0x0005f11d   0x2c  Code  Gb  tengine_sched.obj [4]
teng_isSkyworks         0x0005ce47    0x4  Code  Gb  tengine.obj [4]
teng_isSrcAddrLong      0x0005fe19   0x10  Code  Gb  tengine_header.obj [4]
teng_isTengRunning      0x0005ca5b   0x1e  Code  Gb  tengine.obj [4]
teng_isTimeAdjValid     0x0005fe3b   0x14  Code  Gb  tengine_header.obj [4]
teng_isTofSlot          0x0005ed75    0xc  Code  Gb  tengine_sched.obj [4]
teng_isTxDcExceeded     0x0005f14d   0x32  Code  Gb  tengine_sched.obj [4]
teng_isTxGapOK          0x0005db31   0x4a  Code  Gb  tengine_sched.obj [4]
teng_isUModule          0x0005ce43    0x4  Code  Gb  tengine.obj [4]
teng_longPwrUpCutoff    0x0005e4e5   0x40  Code  Gb  tengine_sched.obj [4]
teng_prepareNonce       0x00066157   0x44  Code  Gb  tengine_pk.obj [4]
teng_processTimingUpdate
                        0x0005ecfd   0x66  Code  Gb  tengine_sched.obj [4]
teng_pushBufAvail       0x00066401   0x4a  Code  Gb  tengine_pk.obj [4]
teng_pushReschedNotif   0x00066475   0x44  Code  Gb  tengine_pk.obj [4]
teng_pushRxNotif        0x000662dd   0x6c  Code  Gb  tengine_pk.obj [4]
teng_pushRxPk           0x0006623b   0xa2  Code  Gb  tengine_pk.obj [4]
teng_pushTxNotif        0x00066349   0xb8  Code  Gb  tengine_pk.obj [4]
teng_queueNewTxPackets  0x00065e79   0x5c  Code  Gb  tengine_pk.obj [4]
teng_removePacketsFromQueue
                        0x0005ce19   0x2a  Code  Gb  tengine.obj [4]
teng_reschedule         0x0005daed   0x44  Code  Gb  tengine_sched.obj [4]
teng_resetBackoff       0x0005ec67    0x8  Code  Gb  tengine_sched.obj [4]
teng_resetCurWindowTxBytes
                        0x0005f185    0xa  Code  Gb  tengine_sched.obj [4]
teng_saveEvDbgInfo      0x0005f059   0x48  Code  Gb  tengine_sched.obj [4]
teng_schedIdleTx        0x0005e41d   0x4c  Code  Gb  tengine_sched.obj [4]
teng_schedRadioEvent    0x0005e323   0x66  Code  Gb  tengine_sched.obj [4]
teng_scheduleNextOperation
                        0x0005db7b  0x2ac  Code  Gb  tengine_sched.obj [4]
teng_sendDscvDone       0x0005fe75    0x2  Code  Gb  tengine_header.obj [4]
teng_sendSwIsr          0x0005cad5    0xe  Code  Gb  tengine.obj [4]
teng_setAckFlag         0x0005fdf5   0x12  Code  Gb  tengine_header.obj [4]
teng_setChargeMode      0x0005cead    0x4  Code  Gb  tengine.obj [4]
teng_setParentOffset    0x0005cb87   0x66  Code  Gb  tengine.obj [4]
teng_setSrcInNonce      0x0006619b   0x4a  Code  Gb  tengine_pk.obj [4]
teng_shortPwrUpCutoff   0x0005e4a5   0x40  Code  Gb  tengine_sched.obj [4]
teng_skipTxUpdateStats  0x0005f0bd   0x52  Code  Gb  tengine_sched.obj [4]
teng_startTengine       0x0005ca25   0x14  Code  Gb  tengine.obj [4]
teng_stop               0x0005cd43   0x56  Code  Gb  tengine.obj [4]
teng_stopRxMIC          0x00066229   0x12  Code  Gb  tengine_pk.obj [4]
teng_stopTengine        0x0005ca39   0x22  Code  Gb  tengine.obj [4]
teng_subticksToTicksQ7  0x0005cc1f   0x18  Code  Gb  tengine.obj [4]
teng_updateAdv          0x0005fa37   0x3e  Code  Gb  tengine_header.obj [4]
teng_updateBBTxFailureStats
                        0x0005f1cb   0x26  Code  Gb  tengine_sched.obj [4]
teng_updateCurWindowTxBytes
                        0x0005f18f   0x10  Code  Gb  tengine_sched.obj [4]
teng_updateGraphQueue   0x0005cae3   0xa4  Code  Gb  tengine.obj [4]
teng_updateMaxQCnt      0x0006605d   0x22  Code  Gb  tengine_pk.obj [4]
teng_updateRxBcastNbr   0x0005edbb   0x6e  Code  Gb  tengine_sched.obj [4]
teng_updateTxBcastNbr   0x0005ed95   0x26  Code  Gb  tengine_sched.obj [4]
teng_updateTxFailureStats
                        0x0005f1a5   0x26  Code  Gb  tengine_sched.obj [4]
teng_verifyMIC          0x000661e5   0x44  Code  Gb  tengine_pk.obj [4]
teng_waitForFullHdr     0x0005fe77   0x2c  Code  Gb  tengine_header.obj [4]
teng_waitOcfsmIdle      0x0005efc9   0x3e  Code  Gb  tengine_sched.obj [4]
teng_wakeReschedule     0x0005cdfd   0x12  Code  Gb  tengine.obj [4]
teng_wasPacketAcked     0x0005fde1   0x14  Code  Gb  tengine_header.obj [4]
teng_writeTengCmd       0x0005cc37   0x72  Code  Gb  tengine.obj [4]
tengine_charge_reportRadioRx
                        0x00066545   0x5c  Code  Gb  tengine_charge.obj [4]
tengine_charge_reportRadioTx
                        0x000664d5   0x70  Code  Gb  tengine_charge.obj [4]
tengine_init            0x0005c999   0x8c  Code  Gb  tengine.obj [4]
tengine_preInit         0x0005c85d   0x28  Code  Gb  tengine.obj [4]
time_close              0x0004ced1    0x4  Code  Gb  dn_time.obj [4]
time_info_checkTimeNotifRetry
                        0x00054eef   0x50  Code  Gb  time_info.obj [4]
time_info_init          0x00054dad    0x8  Code  Gb  time_info.obj [4]
time_info_procTimePinNotif
                        0x00054db5  0x13a  Code  Gb  time_info.obj [4]
time_info_v             0x200094a0   0x1c  Data  Gb  time_info.obj [4]
time_init               0x0004cec9    0x4  Code  Gb  dn_time.obj [4]
time_ioctl              0x0004ced5   0xec  Code  Gb  dn_time.obj [4]
time_open               0x0004cecd    0x4  Code  Gb  dn_time.obj [4]
time_setUTCTime         0x0005b815  0x10a  Code  Gb  settime.obj [4]
timepinEvent_p          0x0004d05d   0xb0  Code  Lc  dn_time.obj [4]
timerCallback_p         0x000670b9  0x12e  Code  Lc  radio_utils.obj [4]
timer_delay             0x0004a791   0x60  Code  Gb  timer.obj [4]
timer_delayCallback     0x0004a777   0x1a  Code  Gb  timer.obj [4]
timer_delete            0x0004a839   0x68  Code  Gb  timer.obj [4]
timer_eventTimer1       0x0004a7f1   0x48  Code  Gb  timer.obj [4]
timer_init              0x0004a661   0x44  Code  Gb  timer.obj [4]
timer_scheduleNext      0x0004a71d   0x30  Code  Lc  timer.obj [4]
timer_setFreqError      0x0004a8a1   0x24  Code  Gb  timer.obj [4]
timer_setFreqErrorNet   0x0004a8db    0x8  Code  Gb  timer.obj [4]
timer_setFreqErrorNetClrTemp
                        0x0004a8c5   0x16  Code  Gb  timer.obj [4]
timer_setTimer          0x0004a6a5   0x78  Code  Gb  timer.obj [4]
timer_v                 0x20000b48  0x428  Data  Gb  timer.obj [4]
tlv_readArray           0x00060ced   0x5e  Code  Gb  config.obj [4]
tlv_readList            0x00060d4b   0x5e  Code  Gb  config.obj [4]
tlv_writeArray          0x00060da9   0xb4  Code  Gb  config.obj [4]
tmalloc_large           0x000685dd  0x384  Code  Lc  dlmalloc.o [3]
tmalloc_small           0x00068961  0x1fe  Code  Lc  dlmalloc.o [3]
tmr_ActiveSlotISR       0x00044019    0xa  Code  Lc  timer_sched.obj [4]
tmr_AsnGenISR           0x00044025    0x8  Code  Lc  timer_sched.obj [4]
tmr_AsnOverflowISR      0x00044059   0x12  Code  Lc  timer_sched.obj [4]
tmr_LowPowerISR         0x00044095   0x3e  Code  Lc  timer_sched.obj [4]
tmr_PreslotISR          0x00044039    0xa  Code  Lc  timer_sched.obj [4]
tmr_SysTimeOverflowISR  0x00044045   0x12  Code  Lc  timer_sched.obj [4]
tmr_TimePinISR          0x00044111   0x5c  Code  Lc  timer_sched.obj [4]
tmr_Timer1ISR           0x0004406d   0x14  Code  Lc  timer_sched.obj [4]
tmr_Timer2ISR           0x00044081   0x14  Code  Lc  timer_sched.obj [4]
tmr_Timer8ISR           0x000440d5   0x34  Code  Lc  timer_sched.obj [4]
tmr_decrementAsn        0x000442a3   0x18  Code  Gb  timer_sched.obj [4]
tmr_enableActiveSlotEvent
                        0x00043ecd   0x16  Code  Gb  timer_sched.obj [4]
tmr_enableAsnCapture    0x00043f23   0x16  Code  Gb  timer_sched.obj [4]
tmr_enableAsnEvent      0x00043eaf   0x16  Code  Gb  timer_sched.obj [4]
tmr_enableDeltaSigma    0x00043f0d   0x16  Code  Gb  timer_sched.obj [4]
tmr_enablePreslotEvent  0x00043e99   0x16  Code  Gb  timer_sched.obj [4]
tmr_enableSlotAccum     0x00043e75   0x24  Code  Gb  timer_sched.obj [4]
tmr_enableWatchdog      0x00043fe3   0x1e  Code  Gb  timer_sched.obj [4]
tmr_feedWatchdog        0x000c9505   0x18  Code  Gb  timer_sched.obj [4]
tmr_getAsn              0x00043d19   0x30  Code  Gb  timer_sched.obj [4]
tmr_getAsn32            0x00044361   0x18  Code  Gb  timer_sched.obj [4]
tmr_getAsn64            0x00043df7   0x2a  Code  Gb  timer_sched.obj [4]
tmr_getAsnOffset        0x00043d49   0xae  Code  Gb  timer_sched.obj [4]
tmr_getCapturedAsn      0x0004416d  0x124  Code  Gb  timer_sched.obj [4]
tmr_getSlotOffset       0x00043e4b    0x8  Code  Gb  timer_sched.obj [4]
tmr_getSlotTimeAcc      0x00043e43    0x8  Code  Gb  timer_sched.obj [4]
tmr_getSlotWidth        0x00043e3b    0x8  Code  Gb  timer_sched.obj [4]
tmr_getSysTimeCtr       0x00043c4f    0x8  Code  Gb  timer_sched.obj [4]
tmr_getSysTimeCtr64     0x00043c57   0x12  Code  Gb  timer_sched.obj [4]
tmr_getSysTimer1Start   0x00043cbf    0xe  Code  Gb  timer_sched.obj [4]
tmr_incrAsnByInt8       0x000442fb   0x14  Code  Gb  timer_sched.obj [4]
tmr_incrementAsn        0x00044291   0x12  Code  Gb  timer_sched.obj [4]
tmr_init                0x00043af9   0x8e  Code  Gb  timer_sched.obj [4]
tmr_initTimer16         0x00043f3f   0x42  Code  Gb  timer_sched.obj [4]
tmr_isrCallback         0x00044009   0x10  Code  Lc  timer_sched.obj [4]
tmr_loadAsn             0x00043e21   0x12  Code  Gb  timer_sched.obj [4]
tmr_lpWaitTick          0x00043c7d   0x1c  Code  Gb  timer_sched.obj [4]
tmr_registerCallback    0x00043c35   0x1a  Code  Gb  timer_sched.obj [4]
tmr_resetAsnAndChanCtr  0x000442bb   0x40  Code  Gb  timer_sched.obj [4]
tmr_setAsnEvent         0x00043ec5    0x8  Code  Gb  timer_sched.obj [4]
tmr_setChannelCtr       0x00044001    0x8  Code  Gb  timer_sched.obj [4]
tmr_setFreqError        0x00043ee3   0x22  Code  Gb  timer_sched.obj [4]
tmr_setParentOffset     0x00043e53   0x22  Code  Gb  timer_sched.obj [4]
tmr_setSlotWidth        0x00043e33    0x8  Code  Gb  timer_sched.obj [4]
tmr_setSysTimer1Delta   0x00043c99   0x26  Code  Gb  timer_sched.obj [4]
tmr_setWatchdogPeriod   0x00043fc5   0x1e  Code  Gb  timer_sched.obj [4]
tmr_startTimer16PWM     0x00043f81   0x24  Code  Gb  timer_sched.obj [4]
tmr_stopTimer16         0x00043faf   0x16  Code  Gb  timer_sched.obj [4]
tmr_syncAsn             0x00043ccd   0x4c  Code  Gb  timer_sched.obj [4]
tmr_timenPinInit        0x00043b87   0xae  Code  Gb  timer_sched.obj [4]
tmr_v                   0x20006150   0x70  Data  Gb  timer_sched.obj [4]
tmr_waitTick            0x00043c69   0x14  Code  Gb  timer_sched.obj [4]
traceFlagMap            0x000555f8   0x80  Data  Lc  mote_cli.obj [4]
transp_allocSession     0x0005608d   0x42  Code  Gb  transport_util.obj [4]
transp_composeHdr       0x00067539   0x4e  Code  Gb  transport.obj [4]
transp_findSession      0x00056065   0x28  Code  Gb  transport_util.obj [4]
transp_init             0x00056039   0x2c  Code  Gb  transport_util.obj [4]
transp_parseHdr         0x000674fb   0x3e  Code  Gb  transport.obj [4]
transp_pkCopy           0x000560d5    0x4  Code  Gb  transport_util.obj [4]
transp_rxProc           0x0006736d   0xe8  Code  Gb  transport.obj [4]
transp_stats            0x2000bc48    0x4  Data  Gb  transport.obj [4]
transp_txProc           0x00067459   0xa2  Code  Gb  transport.obj [4]
transp_v                0x200094bc   0x1c  Data  Gb  transport_util.obj [4]
tune20Mhz_p             0x00067225   0x3c  Code  Gb  radio_utils.obj [4]
txPkRing                0x2000be34    0x4  Data  Gb  tengine.obj [4]
txPkRingBuf             0x2000be38    0x4  Data  Gb  tengine.obj [4]
tx_p                    0x0004ca79   0x9a  Code  Lc  radio_drv.obj [4]
uartTaskStk             0x20006484  0x300  Data  Lc  uart_drv.obj [4]
uartTaskStk             0x200069a4  0x300  Data  Lc  uart_raw_drv.obj [4]
uart_checkFragStatus    0x00046c35    0xc  Code  Gb  uart.obj [4]
uart_cli_bufCopyToTxBuf
                        0x00048e4d   0xb0  Code  Lc  uart_cli.obj [4]
uart_cli_bytesAvailInTxBuf
                        0x00048e0d   0x40  Code  Gb  uart_cli.obj [4]
uart_cli_getPort        0x00048fa9    0x8  Code  Gb  uart_cli.obj [4]
uart_cli_init           0x00048cd9   0x92  Code  Gb  uart_cli.obj [4]
uart_cli_tx             0x00048d6b   0x4a  Code  Gb  uart_cli.obj [4]
uart_cli_v              0x2000a0cc  0x120  Data  Gb  uart_cli.obj [4]
uart_cli_write          0x00048efd   0xac  Code  Gb  uart_cli.obj [4]
uart_ctsToRxTimeouts    0x00046fc0    0xc  Data  Gb  uart.obj [4]
uart_dmaInit            0x00046959  0x10c  Code  Lc  uart.obj [4]
uart_drv_close          0x0004d251   0x1c  Code  Gb  uart_drv.obj [4]
uart_drv_init           0x0004d115   0x12  Code  Gb  uart_drv.obj [4]
uart_drv_ioctl          0x0004d4e9   0xc8  Code  Gb  uart_drv.obj [4]
uart_drv_open           0x0004d127  0x12a  Code  Gb  uart_drv.obj [4]
uart_drv_rxEvent        0x0004d309  0x196  Code  Lc  uart_drv.obj [4]
uart_drv_txDone         0x0004d4a1   0x46  Code  Lc  uart_drv.obj [4]
uart_drv_txTask         0x0004d26d   0x9c  Code  Lc  uart_drv.obj [4]
uart_drv_v              0x200062bc  0x1c8  Data  Gb  uart_drv.obj [4]
uart_eopToRtsTimeouts   0x00046fcc    0xc  Data  Gb  uart.obj [4]
uart_feedRx             0x00046c41   0x42  Code  Gb  uart.obj [4]
uart_getBaudRate        0x00046f45    0x6  Code  Gb  uart.obj [4]
uart_getClkDivider      0x00046d89    0xa  Code  Gb  uart.obj [4]
uart_getTimeoutVal      0x00046d93   0x22  Code  Gb  uart.obj [4]
uart_ibTimeouts         0x00046fa8    0xc  Data  Gb  uart.obj [4]
uart_init               0x00046a65  0x13c  Code  Gb  uart.obj [4]
uart_invalidateLateFeed
                        0x00046f13   0x32  Code  Gb  uart.obj [4]
uart_ioconfig           0x00046ba1   0x32  Code  Gb  uart.obj [4]
uart_isBaudRateValid    0x00046ec1   0x40  Code  Gb  uart.obj [4]
uart_isReceiving        0x00046f01   0x12  Code  Gb  uart.obj [4]
uart_modeSettings       0x00046f90   0x18  Data  Gb  uart.obj [4]
uart_raw_dmaInit        0x0006ca37  0x106  Code  Lc  uart_raw.obj [4]
uart_raw_drv_close      0x0006cf03    0x6  Code  Gb  uart_raw_drv.obj [4]
uart_raw_drv_ioctl      0x0006d07d   0x78  Code  Gb  uart_raw_drv.obj [4]
uart_raw_drv_open       0x0006cdcd  0x136  Code  Gb  uart_raw_drv.obj [4]
uart_raw_drv_rxEvent    0x0006cf95   0xc0  Code  Lc  uart_raw_drv.obj [4]
uart_raw_drv_txDone     0x0006d055   0x28  Code  Lc  uart_raw_drv.obj [4]
uart_raw_drv_txTask     0x0006cf09   0x8a  Code  Lc  uart_raw_drv.obj [4]
uart_raw_drv_v          0x20006784  0x220  Data  Gb  uart_raw_drv.obj [4]
uart_raw_feedRx         0x0006cc6b   0x3e  Code  Gb  uart_raw.obj [4]
uart_raw_getTimeoutVal  0x0006c9d1   0x26  Code  Gb  uart_raw.obj [4]
uart_raw_init           0x0006cb3d   0xda  Code  Gb  uart_raw.obj [4]
uart_raw_isBaudRateValid
                        0x0006c9f7   0x40  Code  Gb  uart_raw.obj [4]
uart_raw_read           0x0006cc4b   0x20  Code  Gb  uart_raw.obj [4]
uart_raw_rxIsr          0x0006ccf1   0x30  Code  Lc  uart_raw.obj [4]
uart_raw_setBaudRate    0x0006cd21   0x58  Code  Gb  uart_raw.obj [4]
uart_raw_setTout        0x0006cd79   0x2a  Code  Gb  uart_raw.obj [4]
uart_raw_tx             0x0006cc17   0x34  Code  Gb  uart_raw.obj [4]
uart_raw_txIsr          0x0006ccad   0x42  Code  Lc  uart_raw.obj [4]
uart_raw_v              0x2000a024   0xa4  Data  Gb  uart_raw.obj [4]
uart_read               0x00046c09   0x2a  Code  Gb  uart.obj [4]
uart_resetRx            0x00046f4b   0x10  Code  Gb  uart.obj [4]
uart_rtsToCtsTimeouts   0x00046fb4    0xc  Data  Gb  uart.obj [4]
uart_rxIsr              0x00046cf1   0x5c  Code  Gb  uart.obj [4]
uart_setBaudRate        0x00046db5   0x30  Code  Gb  uart.obj [4]
uart_setCtsOut          0x00046d75   0x14  Code  Gb  uart.obj [4]
uart_setCtsOutMode      0x00046d4d   0x14  Code  Gb  uart.obj [4]
uart_setRtsOut          0x00046d61   0x14  Code  Gb  uart.obj [4]
uart_setTout            0x00046de5   0x9e  Code  Gb  uart.obj [4]
uart_shutdown           0x00046e83   0x3e  Code  Gb  uart.obj [4]
uart_tx                 0x00046bd3   0x36  Code  Gb  uart.obj [4]
uart_txIsr              0x00046c85   0x6a  Code  Gb  uart.obj [4]
uart_txToCtsTimeouts    0x00046fd8    0xc  Data  Gb  uart.obj [4]
uart_v                  0x20007a28   0x48  Data  Gb  uart.obj [4]
uartc_dmaTx             0x00047527   0x52  Code  Gb  uartc.obj [4]
uartc_dmaTxDoneEvent    0x00048db5   0x52  Code  Gb  uart_cli.obj [4]
uartc_getRegBase        0x0004762d   0x12  Code  Gb  uartc.obj [4]
uartc_init              0x00047309  0x146  Code  Gb  uartc.obj [4]
uartc_receiveEvent      0x00048e09    0x4  Code  Gb  uart_cli.obj [4]
uartc_registerDmaTxDoneHandler
                        0x00047517   0x10  Code  Gb  uartc.obj [4]
uartc_rxIsr             0x000474e9   0x2e  Code  Gb  uartc.obj [4]
uartc_rxIsr0            0x0004766d    0xe  Code  Gb  uartc.obj [4]
uartc_rxIsr1            0x0004767d    0xe  Code  Gb  uartc.obj [4]
uartc_setBaudRate       0x000475f9   0x34  Code  Gb  uartc.obj [4]
uartc_txAndWait         0x00047579   0x80  Code  Gb  uartc.obj [4]
uartc_txIsr             0x0004744f   0x9a  Code  Gb  uartc.obj [4]
uartc_txIsr0            0x0004764d    0xa  Code  Gb  uartc.obj [4]
uartc_txIsr1            0x00047659    0x8  Code  Gb  uartc.obj [4]
uartc_v                 0x20007a70   0xa8  Data  Gb  uartc.obj [4]
uclk_adjFreq            0x0004b3c7   0x96  Code  Gb  pmu.obj [4]
uclk_measFreq           0x0004b381   0x46  Code  Gb  pmu.obj [4]
uclk_tune               0x0004b1f9  0x188  Code  Gb  pmu.obj [4]
udp_calcHdrSize         0x00067a2f   0x64  Code  Gb  udp.obj [4]
udp_composeHdr          0x0006794b   0xe4  Code  Gb  udp.obj [4]
udp_parseHdr            0x00067895   0xb6  Code  Gb  udp.obj [4]
udp_rx                  0x00055f29   0x8a  Code  Gb  socket.obj [4]
uncompressWriting       0x00069e0d   0x82  Code  Lc  cmd_otap.obj [4]
unknownIsr_handler      0x000c9705         Code  Gb  fault_a.obj [4]
unknownIsr_handlerC     0x0006efdb   0x34  Code  Gb  fault_c.obj [4]
unlock_p                0x0004cccd    0x8  Code  Lc  radio_drv.obj [4]
usocket_bind            0x00055e6b   0x80  Code  Gb  socket.obj [4]
usocket_close           0x00055e0b   0x60  Code  Gb  socket.obj [4]
usocket_getByIdx        0x00055cbf    0x8  Code  Gb  socket.obj [4]
usocket_getBySocketId   0x00055d53   0x28  Code  Gb  socket.obj [4]
usocket_initSockets     0x00055cf9   0x5a  Code  Gb  socket.obj [4]
usocket_isFree          0x00055cbd    0x2  Code  Lc  socket.obj [4]
usocket_isMatchPort     0x00055cc7   0x12  Code  Lc  socket.obj [4]
usocket_isMatchSocketId
                        0x00055cd9   0x12  Code  Lc  socket.obj [4]
usocket_isSocketAvail   0x00055ceb    0x2  Code  Lc  socket.obj [4]
usocket_open            0x00055d7b   0x90  Code  Gb  socket.obj [4]
usocket_sendto          0x00055eeb   0x38  Code  Gb  socket.obj [4]
usocket_v               0x200094d8   0x48  Data  Gb  socket.obj [4]
utils_ASN_40to64        0x0004ad59   0x22  Code  Gb  utils.obj [4]
utils_ASN_64to40        0x0004ad7b   0x18  Code  Gb  utils.obj [4]
utils_asnToUtc          0x0004ad93   0x5a  Code  Gb  utils.obj [4]
utils_binToHex          0x0004ae4f   0xa4  Code  Gb  utils.obj [4]
utils_dnerr2str         0x0004afd3   0x2c  Code  Gb  utils.obj [4]
utils_hexStr2Bin        0x0004af05   0xce  Code  Gb  utils.obj [4]
utils_incrUint16        0x0004ae1d   0x32  Code  Gb  utils.obj [4]
utils_incrUint8         0x0004aded   0x30  Code  Gb  utils.obj [4]
utils_macToStr          0x0004aef3   0x12  Code  Gb  utils.obj [4]
utils_usec_to_ticks     0x0004afff   0x12  Code  Gb  utils.obj [4]
vsnprintf               0x00047695   0x3c  Code  Gb  vsnprint.o [3]
wd_getResetStatus       0x0004d9c9    0x4  Code  Gb  wd.obj [4]
wd_init                 0x0004d8e1   0x58  Code  Gb  wd.obj [4]
wd_locVar_v             0x2000a22c   0x44  Data  Lc  wd.obj [4]
wd_timer_tick_p         0x0004d939   0x86  Code  Lc  wd.obj [4]


[1] = C:\MackSystems\software\mote\onchipsdk\projects\iar\DanRockwell\Debug\Obj
[2] = command line
[3] = dl7M_tln.a
[4] = libip_stack.a
[5] = libucos_full.a
[6] = m7M_tl.a
[7] = rt7M_tl.a
[8] = shb_l.a

  191 606 bytes of readonly  code memory
    6 008 bytes of readwrite code memory
    9 242 bytes of readonly  data memory
   49 223 bytes of readwrite data memory

Errors: none
Warnings: 1
